[2025-06-27T10:14:35.058+0000][gc] Using G1
[2025-06-27T10:14:35.076+0000][gc,init] Version: 17.0.15+6-LTS (release)
[2025-06-27T10:14:35.076+0000][gc,init] CPUs: 2 total, 2 available
[2025-06-27T10:14:35.076+0000][gc,init] Memory: 3827M
[2025-06-27T10:14:35.076+0000][gc,init] Large Page Support: Disabled
[2025-06-27T10:14:35.076+0000][gc,init] NUMA Support: Disabled
[2025-06-27T10:14:35.076+0000][gc,init] Compressed Oops: Enabled (32-bit)
[2025-06-27T10:14:35.076+0000][gc,init] Heap Region Size: 1M
[2025-06-27T10:14:35.076+0000][gc,init] Heap Min Capacity: 1G
[2025-06-27T10:14:35.076+0000][gc,init] Heap Initial Capacity: 1G
[2025-06-27T10:14:35.076+0000][gc,init] Heap Max Capacity: 1G
[2025-06-27T10:14:35.076+0000][gc,init] Pre-touch: Disabled
[2025-06-27T10:14:35.076+0000][gc,init] Parallel Workers: 2
[2025-06-27T10:14:35.076+0000][gc,init] Concurrent Workers: 1
[2025-06-27T10:14:35.076+0000][gc,init] Concurrent Refinement Workers: 2
[2025-06-27T10:14:35.076+0000][gc,init] Periodic GC: Disabled
[2025-06-27T10:14:35.085+0000][gc,metaspace] CDS archive(s) mapped at: [0x00007f4077000000-0x00007f4077bbe000-0x00007f4077bbe000), size 12312576, SharedBaseAddress: 0x00007f4077000000, ArchiveRelocationMode: 1.
[2025-06-27T10:14:35.085+0000][gc,metaspace] Compressed class space mapped at: 0x00007f4078000000-0x00007f40b8000000, reserved size: 1073741824
[2025-06-27T10:14:35.085+0000][gc,metaspace] Narrow klass base: 0x00007f4077000000, Narrow klass shift: 0, Narrow klass range: 0x100000000
[2025-06-27T10:14:36.658+0000][gc,start    ] GC(0) Pause Young (Normal) (G1 Evacuation Pause)
[2025-06-27T10:14:36.658+0000][gc,task     ] GC(0) Using 2 workers of 2 for evacuation
[2025-06-27T10:14:36.677+0000][gc,phases   ] GC(0)   Pre Evacuate Collection Set: 0.3ms
[2025-06-27T10:14:36.677+0000][gc,phases   ] GC(0)   Merge Heap Roots: 0.1ms
[2025-06-27T10:14:36.677+0000][gc,phases   ] GC(0)   Evacuate Collection Set: 17.3ms
[2025-06-27T10:14:36.677+0000][gc,phases   ] GC(0)   Post Evacuate Collection Set: 0.9ms
[2025-06-27T10:14:36.677+0000][gc,phases   ] GC(0)   Other: 0.4ms
[2025-06-27T10:14:36.677+0000][gc,heap     ] GC(0) Eden regions: 51->0(44)
[2025-06-27T10:14:36.677+0000][gc,heap     ] GC(0) Survivor regions: 0->7(7)
[2025-06-27T10:14:36.677+0000][gc,heap     ] GC(0) Old regions: 0->1
[2025-06-27T10:14:36.677+0000][gc,heap     ] GC(0) Archive regions: 2->2
[2025-06-27T10:14:36.677+0000][gc,heap     ] GC(0) Humongous regions: 0->0
[2025-06-27T10:14:36.677+0000][gc,metaspace] GC(0) Metaspace: 17889K(18112K)->17889K(18112K) NonClass: 15720K(15808K)->15720K(15808K) Class: 2168K(2304K)->2168K(2304K)
[2025-06-27T10:14:36.677+0000][gc          ] GC(0) Pause Young (Normal) (G1 Evacuation Pause) 51M->8M(1024M) 19.178ms
[2025-06-27T10:14:36.677+0000][gc,cpu      ] GC(0) User=0.03s Sys=0.00s Real=0.02s
[2025-06-27T10:14:37.148+0000][gc,start    ] GC(1) Pause Young (Concurrent Start) (Metadata GC Threshold)
[2025-06-27T10:14:37.148+0000][gc,task     ] GC(1) Using 2 workers of 2 for evacuation
[2025-06-27T10:14:37.161+0000][gc,phases   ] GC(1)   Pre Evacuate Collection Set: 0.3ms
[2025-06-27T10:14:37.161+0000][gc,phases   ] GC(1)   Merge Heap Roots: 0.1ms
[2025-06-27T10:14:37.161+0000][gc,phases   ] GC(1)   Evacuate Collection Set: 11.1ms
[2025-06-27T10:14:37.161+0000][gc,phases   ] GC(1)   Post Evacuate Collection Set: 1.1ms
[2025-06-27T10:14:37.161+0000][gc,phases   ] GC(1)   Other: 0.2ms
[2025-06-27T10:14:37.161+0000][gc,heap     ] GC(1) Eden regions: 15->0(49)
[2025-06-27T10:14:37.161+0000][gc,heap     ] GC(1) Survivor regions: 7->2(7)
[2025-06-27T10:14:37.161+0000][gc,heap     ] GC(1) Old regions: 1->9
[2025-06-27T10:14:37.161+0000][gc,heap     ] GC(1) Archive regions: 2->2
[2025-06-27T10:14:37.161+0000][gc,heap     ] GC(1) Humongous regions: 129->129
[2025-06-27T10:14:37.161+0000][gc,metaspace] GC(1) Metaspace: 21341K(21504K)->21341K(21504K) NonClass: 18755K(18816K)->18755K(18816K) Class: 2585K(2688K)->2585K(2688K)
[2025-06-27T10:14:37.161+0000][gc          ] GC(1) Pause Young (Concurrent Start) (Metadata GC Threshold) 152M->140M(1024M) 12.836ms
[2025-06-27T10:14:37.161+0000][gc,cpu      ] GC(1) User=0.01s Sys=0.01s Real=0.01s
[2025-06-27T10:14:37.161+0000][gc          ] GC(2) Concurrent Mark Cycle
[2025-06-27T10:14:37.161+0000][gc,marking  ] GC(2) Concurrent Clear Claimed Marks
[2025-06-27T10:14:37.161+0000][gc,marking  ] GC(2) Concurrent Clear Claimed Marks 0.016ms
[2025-06-27T10:14:37.161+0000][gc,marking  ] GC(2) Concurrent Scan Root Regions
[2025-06-27T10:14:37.173+0000][gc,marking  ] GC(2) Concurrent Scan Root Regions 12.097ms
[2025-06-27T10:14:37.173+0000][gc,marking  ] GC(2) Concurrent Mark
[2025-06-27T10:14:37.173+0000][gc,marking  ] GC(2) Concurrent Mark From Roots
[2025-06-27T10:14:37.173+0000][gc,task     ] GC(2) Using 1 workers of 1 for marking
[2025-06-27T10:14:37.177+0000][gc,marking  ] GC(2) Concurrent Mark From Roots 3.743ms
[2025-06-27T10:14:37.177+0000][gc,marking  ] GC(2) Concurrent Preclean
[2025-06-27T10:14:37.177+0000][gc,marking  ] GC(2) Concurrent Preclean 0.044ms
[2025-06-27T10:14:37.177+0000][gc,start    ] GC(2) Pause Remark
[2025-06-27T10:14:37.179+0000][gc          ] GC(2) Pause Remark 140M->140M(1024M) 1.961ms
[2025-06-27T10:14:37.179+0000][gc,cpu      ] GC(2) User=0.00s Sys=0.00s Real=0.00s
[2025-06-27T10:14:37.179+0000][gc,marking  ] GC(2) Concurrent Mark 5.994ms
[2025-06-27T10:14:37.179+0000][gc,marking  ] GC(2) Concurrent Rebuild Remembered Sets
[2025-06-27T10:14:37.190+0000][gc,marking  ] GC(2) Concurrent Rebuild Remembered Sets 10.737ms
[2025-06-27T10:14:37.190+0000][gc,start    ] GC(2) Pause Cleanup
[2025-06-27T10:14:37.190+0000][gc          ] GC(2) Pause Cleanup 141M->141M(1024M) 0.120ms
[2025-06-27T10:14:37.190+0000][gc,cpu      ] GC(2) User=0.00s Sys=0.00s Real=0.00s
[2025-06-27T10:14:37.190+0000][gc,marking  ] GC(2) Concurrent Cleanup for Next Mark
[2025-06-27T10:14:37.218+0000][gc,marking  ] GC(2) Concurrent Cleanup for Next Mark 27.324ms
[2025-06-27T10:14:37.218+0000][gc          ] GC(2) Concurrent Mark Cycle 56.498ms
[2025-06-27T10:14:38.236+0000][gc,start    ] GC(3) Pause Young (Normal) (G1 Evacuation Pause)
[2025-06-27T10:14:38.236+0000][gc,task     ] GC(3) Using 2 workers of 2 for evacuation
[2025-06-27T10:14:38.245+0000][gc,phases   ] GC(3)   Pre Evacuate Collection Set: 0.2ms
[2025-06-27T10:14:38.245+0000][gc,phases   ] GC(3)   Merge Heap Roots: 0.1ms
[2025-06-27T10:14:38.245+0000][gc,phases   ] GC(3)   Evacuate Collection Set: 7.2ms
[2025-06-27T10:14:38.245+0000][gc,phases   ] GC(3)   Post Evacuate Collection Set: 0.6ms
[2025-06-27T10:14:38.245+0000][gc,phases   ] GC(3)   Other: 0.1ms
[2025-06-27T10:14:38.245+0000][gc,heap     ] GC(3) Eden regions: 49->0(44)
[2025-06-27T10:14:38.245+0000][gc,heap     ] GC(3) Survivor regions: 2->7(7)
[2025-06-27T10:14:38.245+0000][gc,heap     ] GC(3) Old regions: 9->9
[2025-06-27T10:14:38.245+0000][gc,heap     ] GC(3) Archive regions: 2->2
[2025-06-27T10:14:38.245+0000][gc,heap     ] GC(3) Humongous regions: 129->129
[2025-06-27T10:14:38.245+0000][gc,metaspace] GC(3) Metaspace: 32577K(32768K)->32577K(32768K) NonClass: 28948K(29056K)->28948K(29056K) Class: 3628K(3712K)->3628K(3712K)
[2025-06-27T10:14:38.245+0000][gc          ] GC(3) Pause Young (Normal) (G1 Evacuation Pause) 189M->144M(1024M) 8.229ms
[2025-06-27T10:14:38.245+0000][gc,cpu      ] GC(3) User=0.01s Sys=0.00s Real=0.01s
[2025-06-27T10:14:38.523+0000][gc,start    ] GC(4) Pause Young (Concurrent Start) (Metadata GC Threshold)
[2025-06-27T10:14:38.523+0000][gc,task     ] GC(4) Using 2 workers of 2 for evacuation
[2025-06-27T10:14:38.534+0000][gc,phases   ] GC(4)   Pre Evacuate Collection Set: 0.4ms
[2025-06-27T10:14:38.534+0000][gc,phases   ] GC(4)   Merge Heap Roots: 0.1ms
[2025-06-27T10:14:38.534+0000][gc,phases   ] GC(4)   Evacuate Collection Set: 10.2ms
[2025-06-27T10:14:38.534+0000][gc,phases   ] GC(4)   Post Evacuate Collection Set: 0.5ms
[2025-06-27T10:14:38.534+0000][gc,phases   ] GC(4)   Other: 0.2ms
[2025-06-27T10:14:38.534+0000][gc,heap     ] GC(4) Eden regions: 15->0(50)
[2025-06-27T10:14:38.534+0000][gc,heap     ] GC(4) Survivor regions: 7->1(7)
[2025-06-27T10:14:38.534+0000][gc,heap     ] GC(4) Old regions: 9->14
[2025-06-27T10:14:38.534+0000][gc,heap     ] GC(4) Archive regions: 2->2
[2025-06-27T10:14:38.534+0000][gc,heap     ] GC(4) Humongous regions: 129->129
[2025-06-27T10:14:38.534+0000][gc,metaspace] GC(4) Metaspace: 35944K(36160K)->35944K(36160K) NonClass: 31895K(32000K)->31895K(32000K) Class: 4048K(4160K)->4048K(4160K)
[2025-06-27T10:14:38.534+0000][gc          ] GC(4) Pause Young (Concurrent Start) (Metadata GC Threshold) 158M->144M(1024M) 11.544ms
[2025-06-27T10:14:38.534+0000][gc,cpu      ] GC(4) User=0.00s Sys=0.02s Real=0.01s
[2025-06-27T10:14:38.534+0000][gc          ] GC(5) Concurrent Mark Cycle
[2025-06-27T10:14:38.534+0000][gc,marking  ] GC(5) Concurrent Clear Claimed Marks
[2025-06-27T10:14:38.534+0000][gc,marking  ] GC(5) Concurrent Clear Claimed Marks 0.023ms
[2025-06-27T10:14:38.534+0000][gc,marking  ] GC(5) Concurrent Scan Root Regions
[2025-06-27T10:14:38.544+0000][gc,marking  ] GC(5) Concurrent Scan Root Regions 9.839ms
[2025-06-27T10:14:38.544+0000][gc,marking  ] GC(5) Concurrent Mark
[2025-06-27T10:14:38.544+0000][gc,marking  ] GC(5) Concurrent Mark From Roots
[2025-06-27T10:14:38.544+0000][gc,task     ] GC(5) Using 1 workers of 1 for marking
[2025-06-27T10:14:38.571+0000][gc,marking  ] GC(5) Concurrent Mark From Roots 26.529ms
[2025-06-27T10:14:38.571+0000][gc,marking  ] GC(5) Concurrent Preclean
[2025-06-27T10:14:38.571+0000][gc,marking  ] GC(5) Concurrent Preclean 0.076ms
[2025-06-27T10:14:38.572+0000][gc,start    ] GC(5) Pause Remark
[2025-06-27T10:14:38.574+0000][gc          ] GC(5) Pause Remark 146M->146M(1024M) 2.102ms
[2025-06-27T10:14:38.574+0000][gc,cpu      ] GC(5) User=0.01s Sys=0.00s Real=0.00s
[2025-06-27T10:14:38.574+0000][gc,marking  ] GC(5) Concurrent Mark 29.476ms
[2025-06-27T10:14:38.574+0000][gc,marking  ] GC(5) Concurrent Rebuild Remembered Sets
[2025-06-27T10:14:38.601+0000][gc,marking  ] GC(5) Concurrent Rebuild Remembered Sets 27.578ms
[2025-06-27T10:14:38.601+0000][gc,start    ] GC(5) Pause Cleanup
[2025-06-27T10:14:38.602+0000][gc          ] GC(5) Pause Cleanup 147M->147M(1024M) 0.158ms
[2025-06-27T10:14:38.602+0000][gc,cpu      ] GC(5) User=0.00s Sys=0.00s Real=0.00s
[2025-06-27T10:14:38.607+0000][gc,marking  ] GC(5) Concurrent Cleanup for Next Mark
[2025-06-27T10:14:38.624+0000][gc,marking  ] GC(5) Concurrent Cleanup for Next Mark 17.607ms
[2025-06-27T10:14:38.624+0000][gc          ] GC(5) Concurrent Mark Cycle 89.917ms
[2025-06-27T10:14:55.329+0000][gc,start    ] GC(6) Pause Young (Prepare Mixed) (G1 Evacuation Pause)
[2025-06-27T10:14:55.329+0000][gc,task     ] GC(6) Using 2 workers of 2 for evacuation
[2025-06-27T10:14:55.357+0000][gc,mmu      ] GC(6) MMU target violated: 21.0ms (20.0ms/21.0ms)
[2025-06-27T10:14:55.357+0000][gc,phases   ] GC(6)   Pre Evacuate Collection Set: 0.2ms
[2025-06-27T10:14:55.357+0000][gc,phases   ] GC(6)   Merge Heap Roots: 0.1ms
[2025-06-27T10:14:55.357+0000][gc,phases   ] GC(6)   Evacuate Collection Set: 26.5ms
[2025-06-27T10:14:55.357+0000][gc,phases   ] GC(6)   Post Evacuate Collection Set: 1.2ms
[2025-06-27T10:14:55.357+0000][gc,phases   ] GC(6)   Other: 0.2ms
[2025-06-27T10:14:55.357+0000][gc,heap     ] GC(6) Eden regions: 50->0(47)
[2025-06-27T10:14:55.357+0000][gc,heap     ] GC(6) Survivor regions: 1->4(7)
[2025-06-27T10:14:55.357+0000][gc,heap     ] GC(6) Old regions: 14->14
[2025-06-27T10:14:55.357+0000][gc,heap     ] GC(6) Archive regions: 2->2
[2025-06-27T10:14:55.357+0000][gc,heap     ] GC(6) Humongous regions: 129->129
[2025-06-27T10:14:55.357+0000][gc,metaspace] GC(6) Metaspace: 41675K(42176K)->41675K(42176K) NonClass: 36753K(37056K)->36753K(37056K) Class: 4922K(5120K)->4922K(5120K)
[2025-06-27T10:14:55.357+0000][gc          ] GC(6) Pause Young (Prepare Mixed) (G1 Evacuation Pause) 194M->147M(1024M) 28.394ms
[2025-06-27T10:14:55.357+0000][gc,cpu      ] GC(6) User=0.03s Sys=0.00s Real=0.03s
[2025-06-27T10:15:18.432+0000][gc,start    ] GC(7) Pause Young (Mixed) (G1 Evacuation Pause)
[2025-06-27T10:15:18.432+0000][gc,task     ] GC(7) Using 2 workers of 2 for evacuation
[2025-06-27T10:15:18.473+0000][gc,mmu      ] GC(7) MMU target violated: 21.0ms (20.0ms/21.0ms)
[2025-06-27T10:15:18.473+0000][gc,phases   ] GC(7)   Pre Evacuate Collection Set: 1.0ms
[2025-06-27T10:15:18.473+0000][gc,phases   ] GC(7)   Merge Heap Roots: 0.2ms
[2025-06-27T10:15:18.473+0000][gc,phases   ] GC(7)   Evacuate Collection Set: 36.0ms
[2025-06-27T10:15:18.473+0000][gc,phases   ] GC(7)   Post Evacuate Collection Set: 3.5ms
[2025-06-27T10:15:18.473+0000][gc,phases   ] GC(7)   Other: 0.2ms
[2025-06-27T10:15:18.473+0000][gc,heap     ] GC(7) Eden regions: 47->0(47)
[2025-06-27T10:15:18.473+0000][gc,heap     ] GC(7) Survivor regions: 4->4(7)
[2025-06-27T10:15:18.473+0000][gc,heap     ] GC(7) Old regions: 14->15
[2025-06-27T10:15:18.473+0000][gc,heap     ] GC(7) Archive regions: 2->2
[2025-06-27T10:15:18.473+0000][gc,heap     ] GC(7) Humongous regions: 129->129
[2025-06-27T10:15:18.473+0000][gc,metaspace] GC(7) Metaspace: 42857K(43328K)->42857K(43328K) NonClass: 37806K(38080K)->37806K(38080K) Class: 5051K(5248K)->5051K(5248K)
[2025-06-27T10:15:18.473+0000][gc          ] GC(7) Pause Young (Mixed) (G1 Evacuation Pause) 194M->148M(1024M) 40.996ms
[2025-06-27T10:15:18.473+0000][gc,cpu      ] GC(7) User=0.04s Sys=0.00s Real=0.04s
[2025-06-27T10:15:43.264+0000][gc,start    ] GC(8) Pause Young (Concurrent Start) (G1 Evacuation Pause)
[2025-06-27T10:15:43.264+0000][gc,task     ] GC(8) Using 2 workers of 2 for evacuation
[2025-06-27T10:15:43.285+0000][gc,mmu      ] GC(8) MMU target violated: 21.0ms (20.0ms/21.0ms)
[2025-06-27T10:15:43.285+0000][gc,phases   ] GC(8)   Pre Evacuate Collection Set: 0.3ms
[2025-06-27T10:15:43.285+0000][gc,phases   ] GC(8)   Merge Heap Roots: 0.1ms
[2025-06-27T10:15:43.285+0000][gc,phases   ] GC(8)   Evacuate Collection Set: 20.2ms
[2025-06-27T10:15:43.285+0000][gc,phases   ] GC(8)   Post Evacuate Collection Set: 0.7ms
[2025-06-27T10:15:43.285+0000][gc,phases   ] GC(8)   Other: 0.3ms
[2025-06-27T10:15:43.285+0000][gc,heap     ] GC(8) Eden regions: 47->0(49)
[2025-06-27T10:15:43.285+0000][gc,heap     ] GC(8) Survivor regions: 4->2(7)
[2025-06-27T10:15:43.285+0000][gc,heap     ] GC(8) Old regions: 15->18
[2025-06-27T10:15:43.285+0000][gc,heap     ] GC(8) Archive regions: 2->2
[2025-06-27T10:15:43.285+0000][gc,heap     ] GC(8) Humongous regions: 129->129
[2025-06-27T10:15:43.285+0000][gc,metaspace] GC(8) Metaspace: 42871K(43392K)->42871K(43392K) NonClass: 37819K(38144K)->37819K(38144K) Class: 5051K(5248K)->5051K(5248K)
[2025-06-27T10:15:43.285+0000][gc          ] GC(8) Pause Young (Concurrent Start) (G1 Evacuation Pause) 195M->148M(1024M) 21.733ms
[2025-06-27T10:15:43.285+0000][gc,cpu      ] GC(8) User=0.02s Sys=0.00s Real=0.02s
[2025-06-27T10:15:43.286+0000][gc          ] GC(9) Concurrent Mark Cycle
[2025-06-27T10:15:43.286+0000][gc,marking  ] GC(9) Concurrent Clear Claimed Marks
[2025-06-27T10:15:43.286+0000][gc,marking  ] GC(9) Concurrent Clear Claimed Marks 0.055ms
[2025-06-27T10:15:43.286+0000][gc,marking  ] GC(9) Concurrent Scan Root Regions
[2025-06-27T10:15:43.292+0000][gc,marking  ] GC(9) Concurrent Scan Root Regions 6.198ms
[2025-06-27T10:15:43.292+0000][gc,marking  ] GC(9) Concurrent Mark
[2025-06-27T10:15:43.292+0000][gc,marking  ] GC(9) Concurrent Mark From Roots
[2025-06-27T10:15:43.292+0000][gc,task     ] GC(9) Using 1 workers of 1 for marking
[2025-06-27T10:15:43.357+0000][gc,marking  ] GC(9) Concurrent Mark From Roots 65.157ms
[2025-06-27T10:15:43.357+0000][gc,marking  ] GC(9) Concurrent Preclean
[2025-06-27T10:15:43.357+0000][gc,marking  ] GC(9) Concurrent Preclean 0.145ms
[2025-06-27T10:15:43.357+0000][gc,start    ] GC(9) Pause Remark
[2025-06-27T10:15:43.370+0000][gc          ] GC(9) Pause Remark 149M->149M(1024M) 12.460ms
[2025-06-27T10:15:43.370+0000][gc,cpu      ] GC(9) User=0.01s Sys=0.00s Real=0.01s
[2025-06-27T10:15:43.370+0000][gc,marking  ] GC(9) Concurrent Mark 78.056ms
[2025-06-27T10:15:43.370+0000][gc,marking  ] GC(9) Concurrent Rebuild Remembered Sets
[2025-06-27T10:15:43.388+0000][gc,marking  ] GC(9) Concurrent Rebuild Remembered Sets 18.519ms
[2025-06-27T10:15:43.389+0000][gc,start    ] GC(9) Pause Cleanup
[2025-06-27T10:15:43.389+0000][gc          ] GC(9) Pause Cleanup 149M->149M(1024M) 0.203ms
[2025-06-27T10:15:43.389+0000][gc,cpu      ] GC(9) User=0.00s Sys=0.00s Real=0.00s
[2025-06-27T10:15:43.389+0000][gc,marking  ] GC(9) Concurrent Cleanup for Next Mark
[2025-06-27T10:15:43.395+0000][gc,marking  ] GC(9) Concurrent Cleanup for Next Mark 5.720ms
[2025-06-27T10:15:43.395+0000][gc          ] GC(9) Concurrent Mark Cycle 109.043ms
[2025-06-27T10:16:09.426+0000][gc,start    ] GC(10) Pause Young (Prepare Mixed) (G1 Evacuation Pause)
[2025-06-27T10:16:09.427+0000][gc,task     ] GC(10) Using 2 workers of 2 for evacuation
[2025-06-27T10:16:09.451+0000][gc,mmu      ] GC(10) MMU target violated: 21.0ms (20.0ms/21.0ms)
[2025-06-27T10:16:09.451+0000][gc,phases   ] GC(10)   Pre Evacuate Collection Set: 3.1ms
[2025-06-27T10:16:09.451+0000][gc,phases   ] GC(10)   Merge Heap Roots: 0.1ms
[2025-06-27T10:16:09.451+0000][gc,phases   ] GC(10)   Evacuate Collection Set: 20.5ms
[2025-06-27T10:16:09.451+0000][gc,phases   ] GC(10)   Post Evacuate Collection Set: 0.9ms
[2025-06-27T10:16:09.451+0000][gc,phases   ] GC(10)   Other: 0.3ms
[2025-06-27T10:16:09.451+0000][gc,heap     ] GC(10) Eden regions: 49->0(49)
[2025-06-27T10:16:09.451+0000][gc,heap     ] GC(10) Survivor regions: 2->2(7)
[2025-06-27T10:16:09.451+0000][gc,heap     ] GC(10) Old regions: 18->18
[2025-06-27T10:16:09.451+0000][gc,heap     ] GC(10) Archive regions: 2->2
[2025-06-27T10:16:09.451+0000][gc,heap     ] GC(10) Humongous regions: 129->129
[2025-06-27T10:16:09.451+0000][gc,metaspace] GC(10) Metaspace: 42885K(43392K)->42885K(43392K) NonClass: 37834K(38144K)->37834K(38144K) Class: 5051K(5248K)->5051K(5248K)
[2025-06-27T10:16:09.451+0000][gc          ] GC(10) Pause Young (Prepare Mixed) (G1 Evacuation Pause) 197M->148M(1024M) 24.924ms
[2025-06-27T10:16:09.451+0000][gc,cpu      ] GC(10) User=0.02s Sys=0.00s Real=0.03s
[2025-06-27T10:16:37.243+0000][gc,start    ] GC(11) Pause Young (Mixed) (G1 Evacuation Pause)
[2025-06-27T10:16:37.243+0000][gc,task     ] GC(11) Using 2 workers of 2 for evacuation
[2025-06-27T10:16:37.276+0000][gc,mmu      ] GC(11) MMU target violated: 21.0ms (20.0ms/21.0ms)
[2025-06-27T10:16:37.276+0000][gc,phases   ] GC(11)   Pre Evacuate Collection Set: 0.7ms
[2025-06-27T10:16:37.276+0000][gc,phases   ] GC(11)   Merge Heap Roots: 0.2ms
[2025-06-27T10:16:37.276+0000][gc,phases   ] GC(11)   Evacuate Collection Set: 31.8ms
[2025-06-27T10:16:37.276+0000][gc,phases   ] GC(11)   Post Evacuate Collection Set: 0.6ms
[2025-06-27T10:16:37.276+0000][gc,phases   ] GC(11)   Other: 0.2ms
[2025-06-27T10:16:37.276+0000][gc,heap     ] GC(11) Eden regions: 49->0(49)
[2025-06-27T10:16:37.276+0000][gc,heap     ] GC(11) Survivor regions: 2->2(7)
[2025-06-27T10:16:37.276+0000][gc,heap     ] GC(11) Old regions: 18->18
[2025-06-27T10:16:37.276+0000][gc,heap     ] GC(11) Archive regions: 2->2
[2025-06-27T10:16:37.276+0000][gc,heap     ] GC(11) Humongous regions: 129->129
[2025-06-27T10:16:37.276+0000][gc,metaspace] GC(11) Metaspace: 42900K(43392K)->42900K(43392K) NonClass: 37848K(38144K)->37848K(38144K) Class: 5051K(5248K)->5051K(5248K)
[2025-06-27T10:16:37.276+0000][gc          ] GC(11) Pause Young (Mixed) (G1 Evacuation Pause) 197M->149M(1024M) 33.481ms
[2025-06-27T10:16:37.276+0000][gc,cpu      ] GC(11) User=0.02s Sys=0.00s Real=0.03s
[2025-06-27T10:17:04.633+0000][gc,start    ] GC(12) Pause Young (Normal) (G1 Evacuation Pause)
[2025-06-27T10:17:04.633+0000][gc,task     ] GC(12) Using 2 workers of 2 for evacuation
[2025-06-27T10:17:04.646+0000][gc,phases   ] GC(12)   Pre Evacuate Collection Set: 0.5ms
[2025-06-27T10:17:04.646+0000][gc,phases   ] GC(12)   Merge Heap Roots: 0.1ms
[2025-06-27T10:17:04.646+0000][gc,phases   ] GC(12)   Evacuate Collection Set: 11.6ms
[2025-06-27T10:17:04.646+0000][gc,phases   ] GC(12)   Post Evacuate Collection Set: 0.5ms
[2025-06-27T10:17:04.646+0000][gc,phases   ] GC(12)   Other: 0.2ms
[2025-06-27T10:17:04.646+0000][gc,heap     ] GC(12) Eden regions: 49->0(48)
[2025-06-27T10:17:04.646+0000][gc,heap     ] GC(12) Survivor regions: 2->3(7)
[2025-06-27T10:17:04.646+0000][gc,heap     ] GC(12) Old regions: 18->18
[2025-06-27T10:17:04.646+0000][gc,heap     ] GC(12) Archive regions: 2->2
[2025-06-27T10:17:04.646+0000][gc,heap     ] GC(12) Humongous regions: 129->129
[2025-06-27T10:17:04.646+0000][gc,metaspace] GC(12) Metaspace: 42929K(43456K)->42929K(43456K) NonClass: 37877K(38208K)->37877K(38208K) Class: 5052K(5248K)->5052K(5248K)
[2025-06-27T10:17:04.646+0000][gc          ] GC(12) Pause Young (Normal) (G1 Evacuation Pause) 198M->149M(1024M) 13.046ms
[2025-06-27T10:17:04.646+0000][gc,cpu      ] GC(12) User=0.01s Sys=0.00s Real=0.01s
[2025-06-27T10:17:31.956+0000][gc,start    ] GC(13) Pause Young (Normal) (G1 Evacuation Pause)
[2025-06-27T10:17:31.956+0000][gc,task     ] GC(13) Using 2 workers of 2 for evacuation
[2025-06-27T10:17:31.966+0000][gc,phases   ] GC(13)   Pre Evacuate Collection Set: 1.4ms
[2025-06-27T10:17:31.966+0000][gc,phases   ] GC(13)   Merge Heap Roots: 0.1ms
[2025-06-27T10:17:31.966+0000][gc,phases   ] GC(13)   Evacuate Collection Set: 5.3ms
[2025-06-27T10:17:31.966+0000][gc,phases   ] GC(13)   Post Evacuate Collection Set: 3.5ms
[2025-06-27T10:17:31.966+0000][gc,phases   ] GC(13)   Other: 0.2ms
[2025-06-27T10:17:31.966+0000][gc,heap     ] GC(13) Eden regions: 48->0(48)
[2025-06-27T10:17:31.966+0000][gc,heap     ] GC(13) Survivor regions: 3->3(7)
[2025-06-27T10:17:31.966+0000][gc,heap     ] GC(13) Old regions: 18->18
[2025-06-27T10:17:31.966+0000][gc,heap     ] GC(13) Archive regions: 2->2
[2025-06-27T10:17:31.966+0000][gc,heap     ] GC(13) Humongous regions: 129->129
[2025-06-27T10:17:31.966+0000][gc,metaspace] GC(13) Metaspace: 42953K(43520K)->42953K(43520K) NonClass: 37900K(38272K)->37900K(38272K) Class: 5052K(5248K)->5052K(5248K)
[2025-06-27T10:17:31.966+0000][gc          ] GC(13) Pause Young (Normal) (G1 Evacuation Pause) 197M->149M(1024M) 10.611ms
[2025-06-27T10:17:31.966+0000][gc,cpu      ] GC(13) User=0.01s Sys=0.00s Real=0.01s
[2025-06-27T10:17:59.715+0000][gc,start    ] GC(14) Pause Young (Normal) (G1 Evacuation Pause)
[2025-06-27T10:17:59.715+0000][gc,task     ] GC(14) Using 2 workers of 2 for evacuation
[2025-06-27T10:17:59.749+0000][gc,mmu      ] GC(14) MMU target violated: 21.0ms (20.0ms/21.0ms)
[2025-06-27T10:17:59.749+0000][gc,phases   ] GC(14)   Pre Evacuate Collection Set: 0.9ms
[2025-06-27T10:17:59.749+0000][gc,phases   ] GC(14)   Merge Heap Roots: 0.1ms
[2025-06-27T10:17:59.749+0000][gc,phases   ] GC(14)   Evacuate Collection Set: 31.7ms
[2025-06-27T10:17:59.749+0000][gc,phases   ] GC(14)   Post Evacuate Collection Set: 0.5ms
[2025-06-27T10:17:59.749+0000][gc,phases   ] GC(14)   Other: 0.2ms
[2025-06-27T10:17:59.749+0000][gc,heap     ] GC(14) Eden regions: 48->0(47)
[2025-06-27T10:17:59.749+0000][gc,heap     ] GC(14) Survivor regions: 3->4(7)
[2025-06-27T10:17:59.749+0000][gc,heap     ] GC(14) Old regions: 18->18
[2025-06-27T10:17:59.749+0000][gc,heap     ] GC(14) Archive regions: 2->2
[2025-06-27T10:17:59.749+0000][gc,heap     ] GC(14) Humongous regions: 129->129
[2025-06-27T10:17:59.749+0000][gc,metaspace] GC(14) Metaspace: 43016K(43584K)->43016K(43584K) NonClass: 37964K(38336K)->37964K(38336K) Class: 5052K(5248K)->5052K(5248K)
[2025-06-27T10:17:59.749+0000][gc          ] GC(14) Pause Young (Normal) (G1 Evacuation Pause) 197M->150M(1024M) 33.591ms
[2025-06-27T10:17:59.749+0000][gc,cpu      ] GC(14) User=0.02s Sys=0.00s Real=0.04s
[2025-06-27T10:18:26.452+0000][gc,start    ] GC(15) Pause Young (Normal) (G1 Evacuation Pause)
[2025-06-27T10:18:26.452+0000][gc,task     ] GC(15) Using 2 workers of 2 for evacuation
[2025-06-27T10:18:26.486+0000][gc,mmu      ] GC(15) MMU target violated: 21.0ms (20.0ms/21.0ms)
[2025-06-27T10:18:26.486+0000][gc,phases   ] GC(15)   Pre Evacuate Collection Set: 4.0ms
[2025-06-27T10:18:26.486+0000][gc,phases   ] GC(15)   Merge Heap Roots: 0.1ms
[2025-06-27T10:18:26.486+0000][gc,phases   ] GC(15)   Evacuate Collection Set: 28.5ms
[2025-06-27T10:18:26.486+0000][gc,phases   ] GC(15)   Post Evacuate Collection Set: 0.7ms
[2025-06-27T10:18:26.486+0000][gc,phases   ] GC(15)   Other: 0.2ms
[2025-06-27T10:18:26.486+0000][gc,heap     ] GC(15) Eden regions: 47->0(47)
[2025-06-27T10:18:26.486+0000][gc,heap     ] GC(15) Survivor regions: 4->4(7)
[2025-06-27T10:18:26.486+0000][gc,heap     ] GC(15) Old regions: 18->18
[2025-06-27T10:18:26.486+0000][gc,heap     ] GC(15) Archive regions: 2->2
[2025-06-27T10:18:26.486+0000][gc,heap     ] GC(15) Humongous regions: 129->129
[2025-06-27T10:18:26.486+0000][gc,metaspace] GC(15) Metaspace: 43021K(43584K)->43021K(43584K) NonClass: 37969K(38336K)->37969K(38336K) Class: 5052K(5248K)->5052K(5248K)
[2025-06-27T10:18:26.486+0000][gc          ] GC(15) Pause Young (Normal) (G1 Evacuation Pause) 197M->150M(1024M) 33.621ms
[2025-06-27T10:18:26.486+0000][gc,cpu      ] GC(15) User=0.02s Sys=0.00s Real=0.03s
[2025-06-27T10:18:53.637+0000][gc,start    ] GC(16) Pause Young (Normal) (G1 Evacuation Pause)
[2025-06-27T10:18:53.637+0000][gc,task     ] GC(16) Using 2 workers of 2 for evacuation
[2025-06-27T10:18:53.667+0000][gc,mmu      ] GC(16) MMU target violated: 21.0ms (20.0ms/21.0ms)
[2025-06-27T10:18:53.667+0000][gc,phases   ] GC(16)   Pre Evacuate Collection Set: 3.9ms
[2025-06-27T10:18:53.667+0000][gc,phases   ] GC(16)   Merge Heap Roots: 0.1ms
[2025-06-27T10:18:53.667+0000][gc,phases   ] GC(16)   Evacuate Collection Set: 25.4ms
[2025-06-27T10:18:53.667+0000][gc,phases   ] GC(16)   Post Evacuate Collection Set: 0.5ms
[2025-06-27T10:18:53.667+0000][gc,phases   ] GC(16)   Other: 0.2ms
[2025-06-27T10:18:53.667+0000][gc,heap     ] GC(16) Eden regions: 47->0(47)
[2025-06-27T10:18:53.667+0000][gc,heap     ] GC(16) Survivor regions: 4->4(7)
[2025-06-27T10:18:53.667+0000][gc,heap     ] GC(16) Old regions: 18->18
[2025-06-27T10:18:53.667+0000][gc,heap     ] GC(16) Archive regions: 2->2
[2025-06-27T10:18:53.667+0000][gc,heap     ] GC(16) Humongous regions: 129->129
[2025-06-27T10:18:53.667+0000][gc,metaspace] GC(16) Metaspace: 43027K(43584K)->43027K(43584K) NonClass: 37974K(38336K)->37974K(38336K) Class: 5052K(5248K)->5052K(5248K)
[2025-06-27T10:18:53.667+0000][gc          ] GC(16) Pause Young (Normal) (G1 Evacuation Pause) 197M->151M(1024M) 30.176ms
[2025-06-27T10:18:53.667+0000][gc,cpu      ] GC(16) User=0.02s Sys=0.00s Real=0.03s
[2025-06-27T10:19:20.530+0000][gc,start    ] GC(17) Pause Young (Normal) (G1 Evacuation Pause)
[2025-06-27T10:19:20.530+0000][gc,task     ] GC(17) Using 2 workers of 2 for evacuation
[2025-06-27T10:19:20.575+0000][gc,mmu      ] GC(17) MMU target violated: 21.0ms (20.0ms/21.0ms)
[2025-06-27T10:19:20.575+0000][gc,phases   ] GC(17)   Pre Evacuate Collection Set: 3.6ms
[2025-06-27T10:19:20.575+0000][gc,phases   ] GC(17)   Merge Heap Roots: 0.1ms
[2025-06-27T10:19:20.575+0000][gc,phases   ] GC(17)   Evacuate Collection Set: 40.5ms
[2025-06-27T10:19:20.575+0000][gc,phases   ] GC(17)   Post Evacuate Collection Set: 0.7ms
[2025-06-27T10:19:20.575+0000][gc,phases   ] GC(17)   Other: 0.2ms
[2025-06-27T10:19:20.575+0000][gc,heap     ] GC(17) Eden regions: 47->0(47)
[2025-06-27T10:19:20.575+0000][gc,heap     ] GC(17) Survivor regions: 4->4(7)
[2025-06-27T10:19:20.575+0000][gc,heap     ] GC(17) Old regions: 18->18
[2025-06-27T10:19:20.575+0000][gc,heap     ] GC(17) Archive regions: 2->2
[2025-06-27T10:19:20.575+0000][gc,heap     ] GC(17) Humongous regions: 129->129
[2025-06-27T10:19:20.575+0000][gc,metaspace] GC(17) Metaspace: 43030K(43584K)->43030K(43584K) NonClass: 37978K(38336K)->37978K(38336K) Class: 5052K(5248K)->5052K(5248K)
[2025-06-27T10:19:20.575+0000][gc          ] GC(17) Pause Young (Normal) (G1 Evacuation Pause) 198M->151M(1024M) 45.226ms
[2025-06-27T10:19:20.575+0000][gc,cpu      ] GC(17) User=0.02s Sys=0.00s Real=0.04s
[2025-06-27T10:19:47.819+0000][gc,start    ] GC(18) Pause Young (Normal) (G1 Evacuation Pause)
[2025-06-27T10:19:47.819+0000][gc,task     ] GC(18) Using 2 workers of 2 for evacuation
[2025-06-27T10:19:47.855+0000][gc,mmu      ] GC(18) MMU target violated: 21.0ms (20.0ms/21.0ms)
[2025-06-27T10:19:47.855+0000][gc,phases   ] GC(18)   Pre Evacuate Collection Set: 3.9ms
[2025-06-27T10:19:47.855+0000][gc,phases   ] GC(18)   Merge Heap Roots: 0.2ms
[2025-06-27T10:19:47.855+0000][gc,phases   ] GC(18)   Evacuate Collection Set: 31.2ms
[2025-06-27T10:19:47.855+0000][gc,phases   ] GC(18)   Post Evacuate Collection Set: 0.7ms
[2025-06-27T10:19:47.855+0000][gc,phases   ] GC(18)   Other: 0.2ms
[2025-06-27T10:19:47.855+0000][gc,heap     ] GC(18) Eden regions: 47->0(47)
[2025-06-27T10:19:47.855+0000][gc,heap     ] GC(18) Survivor regions: 4->4(7)
[2025-06-27T10:19:47.855+0000][gc,heap     ] GC(18) Old regions: 18->18
[2025-06-27T10:19:47.855+0000][gc,heap     ] GC(18) Archive regions: 2->2
[2025-06-27T10:19:47.855+0000][gc,heap     ] GC(18) Humongous regions: 129->129
[2025-06-27T10:19:47.855+0000][gc,metaspace] GC(18) Metaspace: 43069K(43648K)->43069K(43648K) NonClass: 38010K(38336K)->38010K(38336K) Class: 5058K(5312K)->5058K(5312K)
[2025-06-27T10:19:47.855+0000][gc          ] GC(18) Pause Young (Normal) (G1 Evacuation Pause) 198M->151M(1024M) 36.318ms
[2025-06-27T10:19:47.855+0000][gc,cpu      ] GC(18) User=0.02s Sys=0.00s Real=0.03s
[2025-06-27T10:24:58.142+0000][gc,start    ] GC(19) Pause Young (Normal) (G1 Evacuation Pause)
[2025-06-27T10:24:58.142+0000][gc,task     ] GC(19) Using 2 workers of 2 for evacuation
[2025-06-27T10:24:58.150+0000][gc,phases   ] GC(19)   Pre Evacuate Collection Set: 0.4ms
[2025-06-27T10:24:58.150+0000][gc,phases   ] GC(19)   Merge Heap Roots: 0.1ms
[2025-06-27T10:24:58.150+0000][gc,phases   ] GC(19)   Evacuate Collection Set: 6.6ms
[2025-06-27T10:24:58.150+0000][gc,phases   ] GC(19)   Post Evacuate Collection Set: 0.6ms
[2025-06-27T10:24:58.150+0000][gc,phases   ] GC(19)   Other: 0.2ms
[2025-06-27T10:24:58.150+0000][gc,heap     ] GC(19) Eden regions: 47->0(47)
[2025-06-27T10:24:58.150+0000][gc,heap     ] GC(19) Survivor regions: 4->4(7)
[2025-06-27T10:24:58.150+0000][gc,heap     ] GC(19) Old regions: 18->19
[2025-06-27T10:24:58.150+0000][gc,heap     ] GC(19) Archive regions: 2->2
[2025-06-27T10:24:58.150+0000][gc,heap     ] GC(19) Humongous regions: 129->129
[2025-06-27T10:24:58.150+0000][gc,metaspace] GC(19) Metaspace: 43277K(43840K)->43277K(43840K) NonClass: 38184K(38528K)->38184K(38528K) Class: 5092K(5312K)->5092K(5312K)
[2025-06-27T10:24:58.150+0000][gc          ] GC(19) Pause Young (Normal) (G1 Evacuation Pause) 198M->152M(1024M) 7.989ms
[2025-06-27T10:24:58.150+0000][gc,cpu      ] GC(19) User=0.02s Sys=0.00s Real=0.01s
[2025-06-27T10:28:37.608+0000][gc,heap,exit] Heap
[2025-06-27T10:28:37.608+0000][gc,heap,exit]  garbage-first heap   total 1048576K, used 172299K [0x00000000c0000000, 0x0000000100000000)
[2025-06-27T10:28:37.608+0000][gc,heap,exit]   region size 1024K, 21 young (21504K), 4 survivors (4096K)
[2025-06-27T10:28:37.608+0000][gc,heap,exit]  Metaspace       used 44165K, committed 44800K, reserved 1114112K
[2025-06-27T10:28:37.608+0000][gc,heap,exit]   class space    used 5268K, committed 5568K, reserved 1048576K
