[2025-06-26T09:46:42.921+0000][gc] Using G1
[2025-06-26T09:46:42.932+0000][gc,init] Version: 17.0.15+6-LTS (release)
[2025-06-26T09:46:42.932+0000][gc,init] CPUs: 2 total, 2 available
[2025-06-26T09:46:42.932+0000][gc,init] Memory: 3827M
[2025-06-26T09:46:42.932+0000][gc,init] Large Page Support: Disabled
[2025-06-26T09:46:42.932+0000][gc,init] NUMA Support: Disabled
[2025-06-26T09:46:42.932+0000][gc,init] Compressed Oops: Enabled (32-bit)
[2025-06-26T09:46:42.932+0000][gc,init] Heap Region Size: 1M
[2025-06-26T09:46:42.932+0000][gc,init] Heap Min Capacity: 1G
[2025-06-26T09:46:42.932+0000][gc,init] Heap Initial Capacity: 1G
[2025-06-26T09:46:42.932+0000][gc,init] Heap Max Capacity: 1G
[2025-06-26T09:46:42.932+0000][gc,init] Pre-touch: Disabled
[2025-06-26T09:46:42.932+0000][gc,init] Parallel Workers: 2
[2025-06-26T09:46:42.932+0000][gc,init] Concurrent Workers: 1
[2025-06-26T09:46:42.932+0000][gc,init] Concurrent Refinement Workers: 2
[2025-06-26T09:46:42.932+0000][gc,init] Periodic GC: Disabled
[2025-06-26T09:46:42.941+0000][gc,metaspace] CDS archive(s) mapped at: [0x00007f6c33000000-0x00007f6c33bbe000-0x00007f6c33bbe000), size 12312576, SharedBaseAddress: 0x00007f6c33000000, ArchiveRelocationMode: 1.
[2025-06-26T09:46:42.941+0000][gc,metaspace] Compressed class space mapped at: 0x00007f6c34000000-0x00007f6c74000000, reserved size: 1073741824
[2025-06-26T09:46:42.941+0000][gc,metaspace] Narrow klass base: 0x00007f6c33000000, Narrow klass shift: 0, Narrow klass range: 0x100000000
[2025-06-26T09:46:44.398+0000][gc,start    ] GC(0) Pause Young (Normal) (G1 Evacuation Pause)
[2025-06-26T09:46:44.399+0000][gc,task     ] GC(0) Using 2 workers of 2 for evacuation
[2025-06-26T09:46:44.415+0000][gc,phases   ] GC(0)   Pre Evacuate Collection Set: 0.2ms
[2025-06-26T09:46:44.415+0000][gc,phases   ] GC(0)   Merge Heap Roots: 0.1ms
[2025-06-26T09:46:44.415+0000][gc,phases   ] GC(0)   Evacuate Collection Set: 15.5ms
[2025-06-26T09:46:44.415+0000][gc,phases   ] GC(0)   Post Evacuate Collection Set: 0.9ms
[2025-06-26T09:46:44.415+0000][gc,phases   ] GC(0)   Other: 0.3ms
[2025-06-26T09:46:44.415+0000][gc,heap     ] GC(0) Eden regions: 51->0(44)
[2025-06-26T09:46:44.416+0000][gc,heap     ] GC(0) Survivor regions: 0->7(7)
[2025-06-26T09:46:44.416+0000][gc,heap     ] GC(0) Old regions: 0->1
[2025-06-26T09:46:44.416+0000][gc,heap     ] GC(0) Archive regions: 2->2
[2025-06-26T09:46:44.416+0000][gc,heap     ] GC(0) Humongous regions: 0->0
[2025-06-26T09:46:44.416+0000][gc,metaspace] GC(0) Metaspace: 17745K(17984K)->17745K(17984K) NonClass: 15594K(15744K)->15594K(15744K) Class: 2150K(2240K)->2150K(2240K)
[2025-06-26T09:46:44.416+0000][gc          ] GC(0) Pause Young (Normal) (G1 Evacuation Pause) 51M->8M(1024M) 17.181ms
[2025-06-26T09:46:44.416+0000][gc,cpu      ] GC(0) User=0.02s Sys=0.00s Real=0.01s
[2025-06-26T09:46:44.748+0000][gc,start    ] GC(1) Pause Young (Concurrent Start) (Metadata GC Threshold)
[2025-06-26T09:46:44.748+0000][gc,task     ] GC(1) Using 2 workers of 2 for evacuation
[2025-06-26T09:46:44.767+0000][gc,phases   ] GC(1)   Pre Evacuate Collection Set: 3.2ms
[2025-06-26T09:46:44.767+0000][gc,phases   ] GC(1)   Merge Heap Roots: 0.1ms
[2025-06-26T09:46:44.767+0000][gc,phases   ] GC(1)   Evacuate Collection Set: 14.6ms
[2025-06-26T09:46:44.767+0000][gc,phases   ] GC(1)   Post Evacuate Collection Set: 0.7ms
[2025-06-26T09:46:44.767+0000][gc,phases   ] GC(1)   Other: 0.2ms
[2025-06-26T09:46:44.767+0000][gc,heap     ] GC(1) Eden regions: 14->0(50)
[2025-06-26T09:46:44.767+0000][gc,heap     ] GC(1) Survivor regions: 7->1(7)
[2025-06-26T09:46:44.767+0000][gc,heap     ] GC(1) Old regions: 1->8
[2025-06-26T09:46:44.767+0000][gc,heap     ] GC(1) Archive regions: 2->2
[2025-06-26T09:46:44.767+0000][gc,heap     ] GC(1) Humongous regions: 0->0
[2025-06-26T09:46:44.767+0000][gc,metaspace] GC(1) Metaspace: 21305K(21504K)->21305K(21504K) NonClass: 18705K(18816K)->18705K(18816K) Class: 2599K(2688K)->2599K(2688K)
[2025-06-26T09:46:44.767+0000][gc          ] GC(1) Pause Young (Concurrent Start) (Metadata GC Threshold) 22M->9M(1024M) 18.969ms
[2025-06-26T09:46:44.767+0000][gc,cpu      ] GC(1) User=0.03s Sys=0.01s Real=0.02s
[2025-06-26T09:46:44.767+0000][gc          ] GC(2) Concurrent Mark Cycle
[2025-06-26T09:46:44.767+0000][gc,marking  ] GC(2) Concurrent Clear Claimed Marks
[2025-06-26T09:46:44.767+0000][gc,marking  ] GC(2) Concurrent Clear Claimed Marks 0.021ms
[2025-06-26T09:46:44.767+0000][gc,marking  ] GC(2) Concurrent Scan Root Regions
[2025-06-26T09:46:44.791+0000][gc,marking  ] GC(2) Concurrent Scan Root Regions 23.601ms
[2025-06-26T09:46:44.791+0000][gc,marking  ] GC(2) Concurrent Mark
[2025-06-26T09:46:44.791+0000][gc,marking  ] GC(2) Concurrent Mark From Roots
[2025-06-26T09:46:44.791+0000][gc,task     ] GC(2) Using 1 workers of 1 for marking
[2025-06-26T09:46:44.796+0000][gc,marking  ] GC(2) Concurrent Mark From Roots 5.157ms
[2025-06-26T09:46:44.796+0000][gc,marking  ] GC(2) Concurrent Preclean
[2025-06-26T09:46:44.796+0000][gc,marking  ] GC(2) Concurrent Preclean 0.040ms
[2025-06-26T09:46:44.804+0000][gc,start    ] GC(2) Pause Remark
[2025-06-26T09:46:44.806+0000][gc          ] GC(2) Pause Remark 10M->10M(1024M) 2.710ms
[2025-06-26T09:46:44.806+0000][gc,cpu      ] GC(2) User=0.01s Sys=0.00s Real=0.00s
[2025-06-26T09:46:44.807+0000][gc,marking  ] GC(2) Concurrent Mark 16.667ms
[2025-06-26T09:46:44.808+0000][gc,marking  ] GC(2) Concurrent Rebuild Remembered Sets
[2025-06-26T09:46:44.813+0000][gc,marking  ] GC(2) Concurrent Rebuild Remembered Sets 5.244ms
[2025-06-26T09:46:44.816+0000][gc,start    ] GC(2) Pause Cleanup
[2025-06-26T09:46:44.816+0000][gc          ] GC(2) Pause Cleanup 10M->10M(1024M) 0.193ms
[2025-06-26T09:46:44.816+0000][gc,cpu      ] GC(2) User=0.00s Sys=0.00s Real=0.00s
[2025-06-26T09:46:44.816+0000][gc,marking  ] GC(2) Concurrent Cleanup for Next Mark
[2025-06-26T09:46:44.833+0000][gc,marking  ] GC(2) Concurrent Cleanup for Next Mark 16.507ms
[2025-06-26T09:46:44.833+0000][gc          ] GC(2) Concurrent Mark Cycle 65.713ms
[2025-06-26T09:46:46.107+0000][gc,start    ] GC(3) Pause Young (Normal) (G1 Evacuation Pause)
[2025-06-26T09:46:46.107+0000][gc,task     ] GC(3) Using 2 workers of 2 for evacuation
[2025-06-26T09:46:46.126+0000][gc,phases   ] GC(3)   Pre Evacuate Collection Set: 0.2ms
[2025-06-26T09:46:46.126+0000][gc,phases   ] GC(3)   Merge Heap Roots: 0.1ms
[2025-06-26T09:46:46.126+0000][gc,phases   ] GC(3)   Evacuate Collection Set: 18.3ms
[2025-06-26T09:46:46.126+0000][gc,phases   ] GC(3)   Post Evacuate Collection Set: 0.8ms
[2025-06-26T09:46:46.126+0000][gc,phases   ] GC(3)   Other: 0.1ms
[2025-06-26T09:46:46.127+0000][gc,heap     ] GC(3) Eden regions: 50->0(45)
[2025-06-26T09:46:46.127+0000][gc,heap     ] GC(3) Survivor regions: 1->6(7)
[2025-06-26T09:46:46.127+0000][gc,heap     ] GC(3) Old regions: 8->8
[2025-06-26T09:46:46.127+0000][gc,heap     ] GC(3) Archive regions: 2->2
[2025-06-26T09:46:46.127+0000][gc,heap     ] GC(3) Humongous regions: 129->129
[2025-06-26T09:46:46.127+0000][gc,metaspace] GC(3) Metaspace: 30928K(31232K)->30928K(31232K) NonClass: 27444K(27584K)->27444K(27584K) Class: 3484K(3648K)->3484K(3648K)
[2025-06-26T09:46:46.127+0000][gc          ] GC(3) Pause Young (Normal) (G1 Evacuation Pause) 188M->143M(1024M) 19.583ms
[2025-06-26T09:46:46.127+0000][gc,cpu      ] GC(3) User=0.02s Sys=0.01s Real=0.02s
[2025-06-26T09:46:46.701+0000][gc,start    ] GC(4) Pause Young (Concurrent Start) (Metadata GC Threshold)
[2025-06-26T09:46:46.701+0000][gc,task     ] GC(4) Using 2 workers of 2 for evacuation
[2025-06-26T09:46:46.716+0000][gc,phases   ] GC(4)   Pre Evacuate Collection Set: 0.2ms
[2025-06-26T09:46:46.716+0000][gc,phases   ] GC(4)   Merge Heap Roots: 0.1ms
[2025-06-26T09:46:46.716+0000][gc,phases   ] GC(4)   Evacuate Collection Set: 13.2ms
[2025-06-26T09:46:46.716+0000][gc,phases   ] GC(4)   Post Evacuate Collection Set: 1.0ms
[2025-06-26T09:46:46.716+0000][gc,phases   ] GC(4)   Other: 0.2ms
[2025-06-26T09:46:46.716+0000][gc,heap     ] GC(4) Eden regions: 21->0(49)
[2025-06-26T09:46:46.716+0000][gc,heap     ] GC(4) Survivor regions: 6->2(7)
[2025-06-26T09:46:46.716+0000][gc,heap     ] GC(4) Old regions: 8->14
[2025-06-26T09:46:46.716+0000][gc,heap     ] GC(4) Archive regions: 2->2
[2025-06-26T09:46:46.716+0000][gc,heap     ] GC(4) Humongous regions: 129->129
[2025-06-26T09:46:46.716+0000][gc,metaspace] GC(4) Metaspace: 35960K(36288K)->35960K(36288K) NonClass: 31901K(32064K)->31901K(32064K) Class: 4058K(4224K)->4058K(4224K)
[2025-06-26T09:46:46.716+0000][gc          ] GC(4) Pause Young (Concurrent Start) (Metadata GC Threshold) 164M->144M(1024M) 14.815ms
[2025-06-26T09:46:46.716+0000][gc,cpu      ] GC(4) User=0.00s Sys=0.02s Real=0.01s
[2025-06-26T09:46:46.716+0000][gc          ] GC(5) Concurrent Mark Cycle
[2025-06-26T09:46:46.716+0000][gc,marking  ] GC(5) Concurrent Clear Claimed Marks
[2025-06-26T09:46:46.716+0000][gc,marking  ] GC(5) Concurrent Clear Claimed Marks 0.028ms
[2025-06-26T09:46:46.716+0000][gc,marking  ] GC(5) Concurrent Scan Root Regions
[2025-06-26T09:46:46.722+0000][gc,marking  ] GC(5) Concurrent Scan Root Regions 6.348ms
[2025-06-26T09:46:46.722+0000][gc,marking  ] GC(5) Concurrent Mark
[2025-06-26T09:46:46.722+0000][gc,marking  ] GC(5) Concurrent Mark From Roots
[2025-06-26T09:46:46.722+0000][gc,task     ] GC(5) Using 1 workers of 1 for marking
[2025-06-26T09:46:46.739+0000][gc,marking  ] GC(5) Concurrent Mark From Roots 16.931ms
[2025-06-26T09:46:46.739+0000][gc,marking  ] GC(5) Concurrent Preclean
[2025-06-26T09:46:46.740+0000][gc,marking  ] GC(5) Concurrent Preclean 0.115ms
[2025-06-26T09:46:46.740+0000][gc,start    ] GC(5) Pause Remark
[2025-06-26T09:46:46.748+0000][gc          ] GC(5) Pause Remark 145M->145M(1024M) 7.366ms
[2025-06-26T09:46:46.748+0000][gc,cpu      ] GC(5) User=0.00s Sys=0.00s Real=0.01s
[2025-06-26T09:46:46.748+0000][gc,marking  ] GC(5) Concurrent Mark 25.489ms
[2025-06-26T09:46:46.748+0000][gc,marking  ] GC(5) Concurrent Rebuild Remembered Sets
[2025-06-26T09:46:46.773+0000][gc,marking  ] GC(5) Concurrent Rebuild Remembered Sets 25.424ms
[2025-06-26T09:46:46.777+0000][gc,start    ] GC(5) Pause Cleanup
[2025-06-26T09:46:46.777+0000][gc          ] GC(5) Pause Cleanup 146M->146M(1024M) 0.265ms
[2025-06-26T09:46:46.777+0000][gc,cpu      ] GC(5) User=0.00s Sys=0.00s Real=0.00s
[2025-06-26T09:46:46.777+0000][gc,marking  ] GC(5) Concurrent Cleanup for Next Mark
[2025-06-26T09:46:46.824+0000][gc,marking  ] GC(5) Concurrent Cleanup for Next Mark 46.813ms
[2025-06-26T09:46:46.824+0000][gc          ] GC(5) Concurrent Mark Cycle 107.876ms
[2025-06-26T09:47:00.643+0000][gc,start    ] GC(6) Pause Young (Normal) (G1 Evacuation Pause)
[2025-06-26T09:47:00.643+0000][gc,task     ] GC(6) Using 2 workers of 2 for evacuation
[2025-06-26T09:47:00.670+0000][gc,mmu      ] GC(6) MMU target violated: 21.0ms (20.0ms/21.0ms)
[2025-06-26T09:47:00.670+0000][gc,phases   ] GC(6)   Pre Evacuate Collection Set: 0.2ms
[2025-06-26T09:47:00.670+0000][gc,phases   ] GC(6)   Merge Heap Roots: 0.1ms
[2025-06-26T09:47:00.670+0000][gc,phases   ] GC(6)   Evacuate Collection Set: 25.1ms
[2025-06-26T09:47:00.670+0000][gc,phases   ] GC(6)   Post Evacuate Collection Set: 1.5ms
[2025-06-26T09:47:00.670+0000][gc,phases   ] GC(6)   Other: 0.2ms
[2025-06-26T09:47:00.671+0000][gc,heap     ] GC(6) Eden regions: 49->0(47)
[2025-06-26T09:47:00.671+0000][gc,heap     ] GC(6) Survivor regions: 2->4(7)
[2025-06-26T09:47:00.671+0000][gc,heap     ] GC(6) Old regions: 14->14
[2025-06-26T09:47:00.671+0000][gc,heap     ] GC(6) Archive regions: 2->2
[2025-06-26T09:47:00.671+0000][gc,heap     ] GC(6) Humongous regions: 135->129
[2025-06-26T09:47:00.671+0000][gc,metaspace] GC(6) Metaspace: 41820K(42304K)->41820K(42304K) NonClass: 36899K(37184K)->36899K(37184K) Class: 4920K(5120K)->4920K(5120K)
[2025-06-26T09:47:00.671+0000][gc          ] GC(6) Pause Young (Normal) (G1 Evacuation Pause) 199M->146M(1024M) 27.238ms
[2025-06-26T09:47:00.671+0000][gc,cpu      ] GC(6) User=0.02s Sys=0.00s Real=0.03s
[2025-06-26T09:47:25.146+0000][gc,start    ] GC(7) Pause Young (Normal) (G1 Evacuation Pause)
[2025-06-26T09:47:25.146+0000][gc,task     ] GC(7) Using 2 workers of 2 for evacuation
[2025-06-26T09:47:25.181+0000][gc,mmu      ] GC(7) MMU target violated: 21.0ms (20.0ms/21.0ms)
[2025-06-26T09:47:25.182+0000][gc,phases   ] GC(7)   Pre Evacuate Collection Set: 0.2ms
[2025-06-26T09:47:25.182+0000][gc,phases   ] GC(7)   Merge Heap Roots: 0.2ms
[2025-06-26T09:47:25.182+0000][gc,phases   ] GC(7)   Evacuate Collection Set: 33.9ms
[2025-06-26T09:47:25.182+0000][gc,phases   ] GC(7)   Post Evacuate Collection Set: 0.9ms
[2025-06-26T09:47:25.182+0000][gc,phases   ] GC(7)   Other: 0.2ms
[2025-06-26T09:47:25.182+0000][gc,heap     ] GC(7) Eden regions: 47->0(48)
[2025-06-26T09:47:25.182+0000][gc,heap     ] GC(7) Survivor regions: 4->3(7)
[2025-06-26T09:47:25.182+0000][gc,heap     ] GC(7) Old regions: 14->15
[2025-06-26T09:47:25.182+0000][gc,heap     ] GC(7) Archive regions: 2->2
[2025-06-26T09:47:25.182+0000][gc,heap     ] GC(7) Humongous regions: 129->129
[2025-06-26T09:47:25.182+0000][gc,metaspace] GC(7) Metaspace: 42662K(43200K)->42662K(43200K) NonClass: 37657K(37952K)->37657K(37952K) Class: 5005K(5248K)->5005K(5248K)
[2025-06-26T09:47:25.182+0000][gc          ] GC(7) Pause Young (Normal) (G1 Evacuation Pause) 193M->147M(1024M) 35.646ms
[2025-06-26T09:47:25.182+0000][gc,cpu      ] GC(7) User=0.02s Sys=0.00s Real=0.04s
[2025-06-26T09:47:52.045+0000][gc,start    ] GC(8) Pause Young (Normal) (G1 Evacuation Pause)
[2025-06-26T09:47:52.045+0000][gc,task     ] GC(8) Using 2 workers of 2 for evacuation
[2025-06-26T09:47:52.079+0000][gc,mmu      ] GC(8) MMU target violated: 21.0ms (20.0ms/21.0ms)
[2025-06-26T09:47:52.080+0000][gc,phases   ] GC(8)   Pre Evacuate Collection Set: 0.7ms
[2025-06-26T09:47:52.080+0000][gc,phases   ] GC(8)   Merge Heap Roots: 0.1ms
[2025-06-26T09:47:52.080+0000][gc,phases   ] GC(8)   Evacuate Collection Set: 32.8ms
[2025-06-26T09:47:52.080+0000][gc,phases   ] GC(8)   Post Evacuate Collection Set: 1.0ms
[2025-06-26T09:47:52.080+0000][gc,phases   ] GC(8)   Other: 0.2ms
[2025-06-26T09:47:52.080+0000][gc,heap     ] GC(8) Eden regions: 48->0(48)
[2025-06-26T09:47:52.080+0000][gc,heap     ] GC(8) Survivor regions: 3->3(7)
[2025-06-26T09:47:52.080+0000][gc,heap     ] GC(8) Old regions: 15->15
[2025-06-26T09:47:52.080+0000][gc,heap     ] GC(8) Archive regions: 2->2
[2025-06-26T09:47:52.080+0000][gc,heap     ] GC(8) Humongous regions: 129->129
[2025-06-26T09:47:52.080+0000][gc,metaspace] GC(8) Metaspace: 42682K(43264K)->42682K(43264K) NonClass: 37676K(38016K)->37676K(38016K) Class: 5006K(5248K)->5006K(5248K)
[2025-06-26T09:47:52.080+0000][gc          ] GC(8) Pause Young (Normal) (G1 Evacuation Pause) 195M->147M(1024M) 35.056ms
[2025-06-26T09:47:52.080+0000][gc,cpu      ] GC(8) User=0.02s Sys=0.00s Real=0.04s
[2025-06-26T09:48:19.112+0000][gc,start    ] GC(9) Pause Young (Normal) (G1 Evacuation Pause)
[2025-06-26T09:48:19.112+0000][gc,task     ] GC(9) Using 2 workers of 2 for evacuation
[2025-06-26T09:48:19.145+0000][gc,mmu      ] GC(9) MMU target violated: 21.0ms (20.0ms/21.0ms)
[2025-06-26T09:48:19.145+0000][gc,phases   ] GC(9)   Pre Evacuate Collection Set: 0.3ms
[2025-06-26T09:48:19.145+0000][gc,phases   ] GC(9)   Merge Heap Roots: 0.1ms
[2025-06-26T09:48:19.145+0000][gc,phases   ] GC(9)   Evacuate Collection Set: 31.2ms
[2025-06-26T09:48:19.145+0000][gc,phases   ] GC(9)   Post Evacuate Collection Set: 1.2ms
[2025-06-26T09:48:19.145+0000][gc,phases   ] GC(9)   Other: 0.2ms
[2025-06-26T09:48:19.145+0000][gc,heap     ] GC(9) Eden regions: 48->0(48)
[2025-06-26T09:48:19.145+0000][gc,heap     ] GC(9) Survivor regions: 3->3(7)
[2025-06-26T09:48:19.145+0000][gc,heap     ] GC(9) Old regions: 15->15
[2025-06-26T09:48:19.145+0000][gc,heap     ] GC(9) Archive regions: 2->2
[2025-06-26T09:48:19.145+0000][gc,heap     ] GC(9) Humongous regions: 129->129
[2025-06-26T09:48:19.145+0000][gc,metaspace] GC(9) Metaspace: 42702K(43328K)->42702K(43328K) NonClass: 37696K(38080K)->37696K(38080K) Class: 5006K(5248K)->5006K(5248K)
[2025-06-26T09:48:19.145+0000][gc          ] GC(9) Pause Young (Normal) (G1 Evacuation Pause) 195M->147M(1024M) 33.047ms
[2025-06-26T09:48:19.145+0000][gc,cpu      ] GC(9) User=0.01s Sys=0.00s Real=0.03s
[2025-06-26T09:48:48.233+0000][gc,start    ] GC(10) Pause Young (Normal) (G1 Evacuation Pause)
[2025-06-26T09:48:48.233+0000][gc,task     ] GC(10) Using 2 workers of 2 for evacuation
[2025-06-26T09:48:48.257+0000][gc,mmu      ] GC(10) MMU target violated: 21.0ms (20.0ms/21.0ms)
[2025-06-26T09:48:48.257+0000][gc,phases   ] GC(10)   Pre Evacuate Collection Set: 0.7ms
[2025-06-26T09:48:48.257+0000][gc,phases   ] GC(10)   Merge Heap Roots: 0.1ms
[2025-06-26T09:48:48.257+0000][gc,phases   ] GC(10)   Evacuate Collection Set: 22.0ms
[2025-06-26T09:48:48.257+0000][gc,phases   ] GC(10)   Post Evacuate Collection Set: 1.1ms
[2025-06-26T09:48:48.257+0000][gc,phases   ] GC(10)   Other: 0.2ms
[2025-06-26T09:48:48.257+0000][gc,heap     ] GC(10) Eden regions: 48->0(48)
[2025-06-26T09:48:48.257+0000][gc,heap     ] GC(10) Survivor regions: 3->3(7)
[2025-06-26T09:48:48.257+0000][gc,heap     ] GC(10) Old regions: 15->15
[2025-06-26T09:48:48.257+0000][gc,heap     ] GC(10) Archive regions: 2->2
[2025-06-26T09:48:48.257+0000][gc,heap     ] GC(10) Humongous regions: 129->129
[2025-06-26T09:48:48.257+0000][gc,metaspace] GC(10) Metaspace: 42721K(43328K)->42721K(43328K) NonClass: 37714K(38080K)->37714K(38080K) Class: 5006K(5248K)->5006K(5248K)
[2025-06-26T09:48:48.257+0000][gc          ] GC(10) Pause Young (Normal) (G1 Evacuation Pause) 195M->147M(1024M) 24.323ms
[2025-06-26T09:48:48.257+0000][gc,cpu      ] GC(10) User=0.01s Sys=0.00s Real=0.03s
[2025-06-26T09:49:17.576+0000][gc,start    ] GC(11) Pause Young (Normal) (G1 Evacuation Pause)
[2025-06-26T09:49:17.576+0000][gc,task     ] GC(11) Using 2 workers of 2 for evacuation
[2025-06-26T09:49:17.605+0000][gc,mmu      ] GC(11) MMU target violated: 21.0ms (20.0ms/21.0ms)
[2025-06-26T09:49:17.605+0000][gc,phases   ] GC(11)   Pre Evacuate Collection Set: 0.9ms
[2025-06-26T09:49:17.605+0000][gc,phases   ] GC(11)   Merge Heap Roots: 0.1ms
[2025-06-26T09:49:17.605+0000][gc,phases   ] GC(11)   Evacuate Collection Set: 26.9ms
[2025-06-26T09:49:17.605+0000][gc,phases   ] GC(11)   Post Evacuate Collection Set: 1.4ms
[2025-06-26T09:49:17.605+0000][gc,phases   ] GC(11)   Other: 0.2ms
[2025-06-26T09:49:17.605+0000][gc,heap     ] GC(11) Eden regions: 48->0(47)
[2025-06-26T09:49:17.605+0000][gc,heap     ] GC(11) Survivor regions: 3->4(7)
[2025-06-26T09:49:17.605+0000][gc,heap     ] GC(11) Old regions: 15->15
[2025-06-26T09:49:17.605+0000][gc,heap     ] GC(11) Archive regions: 2->2
[2025-06-26T09:49:17.606+0000][gc,heap     ] GC(11) Humongous regions: 129->129
[2025-06-26T09:49:17.606+0000][gc,metaspace] GC(11) Metaspace: 42788K(43392K)->42788K(43392K) NonClass: 37781K(38144K)->37781K(38144K) Class: 5006K(5248K)->5006K(5248K)
[2025-06-26T09:49:17.606+0000][gc          ] GC(11) Pause Young (Normal) (G1 Evacuation Pause) 195M->147M(1024M) 29.600ms
[2025-06-26T09:49:17.606+0000][gc,cpu      ] GC(11) User=0.01s Sys=0.00s Real=0.03s
[2025-06-26T09:49:46.122+0000][gc,start    ] GC(12) Pause Young (Normal) (G1 Evacuation Pause)
[2025-06-26T09:49:46.122+0000][gc,task     ] GC(12) Using 2 workers of 2 for evacuation
[2025-06-26T09:49:46.152+0000][gc,mmu      ] GC(12) MMU target violated: 21.0ms (20.0ms/21.0ms)
[2025-06-26T09:49:46.152+0000][gc,phases   ] GC(12)   Pre Evacuate Collection Set: 0.8ms
[2025-06-26T09:49:46.152+0000][gc,phases   ] GC(12)   Merge Heap Roots: 0.1ms
[2025-06-26T09:49:46.152+0000][gc,phases   ] GC(12)   Evacuate Collection Set: 28.1ms
[2025-06-26T09:49:46.152+0000][gc,phases   ] GC(12)   Post Evacuate Collection Set: 1.0ms
[2025-06-26T09:49:46.152+0000][gc,phases   ] GC(12)   Other: 0.2ms
[2025-06-26T09:49:46.152+0000][gc,heap     ] GC(12) Eden regions: 47->0(48)
[2025-06-26T09:49:46.152+0000][gc,heap     ] GC(12) Survivor regions: 4->3(7)
[2025-06-26T09:49:46.152+0000][gc,heap     ] GC(12) Old regions: 15->15
[2025-06-26T09:49:46.152+0000][gc,heap     ] GC(12) Archive regions: 2->2
[2025-06-26T09:49:46.152+0000][gc,heap     ] GC(12) Humongous regions: 129->129
[2025-06-26T09:49:46.152+0000][gc,metaspace] GC(12) Metaspace: 42799K(43392K)->42799K(43392K) NonClass: 37793K(38144K)->37793K(38144K) Class: 5006K(5248K)->5006K(5248K)
[2025-06-26T09:49:46.152+0000][gc          ] GC(12) Pause Young (Normal) (G1 Evacuation Pause) 194M->147M(1024M) 30.343ms
[2025-06-26T09:49:46.152+0000][gc,cpu      ] GC(12) User=0.02s Sys=0.00s Real=0.03s
[2025-06-26T09:50:16.346+0000][gc,start    ] GC(13) Pause Young (Normal) (G1 Evacuation Pause)
[2025-06-26T09:50:16.346+0000][gc,task     ] GC(13) Using 2 workers of 2 for evacuation
[2025-06-26T09:50:16.372+0000][gc,mmu      ] GC(13) MMU target violated: 21.0ms (20.0ms/21.0ms)
[2025-06-26T09:50:16.372+0000][gc,phases   ] GC(13)   Pre Evacuate Collection Set: 3.8ms
[2025-06-26T09:50:16.372+0000][gc,phases   ] GC(13)   Merge Heap Roots: 0.1ms
[2025-06-26T09:50:16.372+0000][gc,phases   ] GC(13)   Evacuate Collection Set: 20.0ms
[2025-06-26T09:50:16.372+0000][gc,phases   ] GC(13)   Post Evacuate Collection Set: 1.3ms
[2025-06-26T09:50:16.372+0000][gc,phases   ] GC(13)   Other: 0.2ms
[2025-06-26T09:50:16.372+0000][gc,heap     ] GC(13) Eden regions: 48->0(48)
[2025-06-26T09:50:16.372+0000][gc,heap     ] GC(13) Survivor regions: 3->3(7)
[2025-06-26T09:50:16.372+0000][gc,heap     ] GC(13) Old regions: 15->15
[2025-06-26T09:50:16.372+0000][gc,heap     ] GC(13) Archive regions: 2->2
[2025-06-26T09:50:16.372+0000][gc,heap     ] GC(13) Humongous regions: 129->129
[2025-06-26T09:50:16.372+0000][gc,metaspace] GC(13) Metaspace: 42805K(43392K)->42805K(43392K) NonClass: 37798K(38144K)->37798K(38144K) Class: 5006K(5248K)->5006K(5248K)
[2025-06-26T09:50:16.372+0000][gc          ] GC(13) Pause Young (Normal) (G1 Evacuation Pause) 195M->147M(1024M) 25.521ms
[2025-06-26T09:50:16.372+0000][gc,cpu      ] GC(13) User=0.01s Sys=0.00s Real=0.03s
[2025-06-26T09:50:46.449+0000][gc,start    ] GC(14) Pause Young (Normal) (G1 Evacuation Pause)
[2025-06-26T09:50:46.449+0000][gc,task     ] GC(14) Using 2 workers of 2 for evacuation
[2025-06-26T09:50:46.466+0000][gc,phases   ] GC(14)   Pre Evacuate Collection Set: 2.2ms
[2025-06-26T09:50:46.467+0000][gc,phases   ] GC(14)   Merge Heap Roots: 0.1ms
[2025-06-26T09:50:46.467+0000][gc,phases   ] GC(14)   Evacuate Collection Set: 14.1ms
[2025-06-26T09:50:46.467+0000][gc,phases   ] GC(14)   Post Evacuate Collection Set: 0.9ms
[2025-06-26T09:50:46.467+0000][gc,phases   ] GC(14)   Other: 0.2ms
[2025-06-26T09:50:46.467+0000][gc,heap     ] GC(14) Eden regions: 48->0(48)
[2025-06-26T09:50:46.467+0000][gc,heap     ] GC(14) Survivor regions: 3->3(7)
[2025-06-26T09:50:46.467+0000][gc,heap     ] GC(14) Old regions: 15->15
[2025-06-26T09:50:46.467+0000][gc,heap     ] GC(14) Archive regions: 2->2
[2025-06-26T09:50:46.467+0000][gc,heap     ] GC(14) Humongous regions: 129->129
[2025-06-26T09:50:46.467+0000][gc,metaspace] GC(14) Metaspace: 42807K(43392K)->42807K(43392K) NonClass: 37800K(38144K)->37800K(38144K) Class: 5006K(5248K)->5006K(5248K)
[2025-06-26T09:50:46.467+0000][gc          ] GC(14) Pause Young (Normal) (G1 Evacuation Pause) 195M->147M(1024M) 17.647ms
[2025-06-26T09:50:46.467+0000][gc,cpu      ] GC(14) User=0.02s Sys=0.00s Real=0.02s
[2025-06-26T09:51:16.516+0000][gc,start    ] GC(15) Pause Young (Normal) (G1 Evacuation Pause)
[2025-06-26T09:51:16.516+0000][gc,task     ] GC(15) Using 2 workers of 2 for evacuation
[2025-06-26T09:51:16.531+0000][gc,phases   ] GC(15)   Pre Evacuate Collection Set: 0.2ms
[2025-06-26T09:51:16.531+0000][gc,phases   ] GC(15)   Merge Heap Roots: 0.3ms
[2025-06-26T09:51:16.531+0000][gc,phases   ] GC(15)   Evacuate Collection Set: 13.2ms
[2025-06-26T09:51:16.531+0000][gc,phases   ] GC(15)   Post Evacuate Collection Set: 1.1ms
[2025-06-26T09:51:16.531+0000][gc,phases   ] GC(15)   Other: 0.2ms
[2025-06-26T09:51:16.531+0000][gc,heap     ] GC(15) Eden regions: 48->0(57)
[2025-06-26T09:51:16.531+0000][gc,heap     ] GC(15) Survivor regions: 3->3(7)
[2025-06-26T09:51:16.531+0000][gc,heap     ] GC(15) Old regions: 15->15
[2025-06-26T09:51:16.531+0000][gc,heap     ] GC(15) Archive regions: 2->2
[2025-06-26T09:51:16.531+0000][gc,heap     ] GC(15) Humongous regions: 129->129
[2025-06-26T09:51:16.531+0000][gc,metaspace] GC(15) Metaspace: 42816K(43392K)->42816K(43392K) NonClass: 37809K(38144K)->37809K(38144K) Class: 5006K(5248K)->5006K(5248K)
[2025-06-26T09:51:16.531+0000][gc          ] GC(15) Pause Young (Normal) (G1 Evacuation Pause) 195M->147M(1024M) 15.102ms
[2025-06-26T09:51:16.531+0000][gc,cpu      ] GC(15) User=0.01s Sys=0.00s Real=0.02s
[2025-06-26T09:51:53.167+0000][gc,start    ] GC(16) Pause Young (Normal) (G1 Evacuation Pause)
[2025-06-26T09:51:53.167+0000][gc,task     ] GC(16) Using 2 workers of 2 for evacuation
[2025-06-26T09:51:53.213+0000][gc,mmu      ] GC(16) MMU target violated: 21.0ms (20.0ms/21.0ms)
[2025-06-26T09:51:53.213+0000][gc,phases   ] GC(16)   Pre Evacuate Collection Set: 0.8ms
[2025-06-26T09:51:53.213+0000][gc,phases   ] GC(16)   Merge Heap Roots: 0.1ms
[2025-06-26T09:51:53.213+0000][gc,phases   ] GC(16)   Evacuate Collection Set: 43.4ms
[2025-06-26T09:51:53.213+0000][gc,phases   ] GC(16)   Post Evacuate Collection Set: 1.3ms
[2025-06-26T09:51:53.213+0000][gc,phases   ] GC(16)   Other: 0.2ms
[2025-06-26T09:51:53.213+0000][gc,heap     ] GC(16) Eden regions: 57->0(48)
[2025-06-26T09:51:53.213+0000][gc,heap     ] GC(16) Survivor regions: 3->3(8)
[2025-06-26T09:51:53.213+0000][gc,heap     ] GC(16) Old regions: 15->15
[2025-06-26T09:51:53.213+0000][gc,heap     ] GC(16) Archive regions: 2->2
[2025-06-26T09:51:53.213+0000][gc,heap     ] GC(16) Humongous regions: 129->129
[2025-06-26T09:51:53.213+0000][gc,metaspace] GC(16) Metaspace: 42829K(43392K)->42829K(43392K) NonClass: 37822K(38144K)->37822K(38144K) Class: 5006K(5248K)->5006K(5248K)
[2025-06-26T09:51:53.213+0000][gc          ] GC(16) Pause Young (Normal) (G1 Evacuation Pause) 204M->147M(1024M) 45.953ms
[2025-06-26T09:51:53.213+0000][gc,cpu      ] GC(16) User=0.02s Sys=0.00s Real=0.04s
[2025-06-26T09:52:27.464+0000][gc,start    ] GC(17) Pause Young (Normal) (G1 Evacuation Pause)
[2025-06-26T09:52:27.465+0000][gc,task     ] GC(17) Using 2 workers of 2 for evacuation
[2025-06-26T09:52:27.490+0000][gc,mmu      ] GC(17) MMU target violated: 21.0ms (20.0ms/21.0ms)
[2025-06-26T09:52:27.490+0000][gc,phases   ] GC(17)   Pre Evacuate Collection Set: 0.8ms
[2025-06-26T09:52:27.490+0000][gc,phases   ] GC(17)   Merge Heap Roots: 2.4ms
[2025-06-26T09:52:27.490+0000][gc,phases   ] GC(17)   Evacuate Collection Set: 21.4ms
[2025-06-26T09:52:27.490+0000][gc,phases   ] GC(17)   Post Evacuate Collection Set: 1.1ms
[2025-06-26T09:52:27.490+0000][gc,phases   ] GC(17)   Other: 0.2ms
[2025-06-26T09:52:27.490+0000][gc,heap     ] GC(17) Eden regions: 48->0(48)
[2025-06-26T09:52:27.490+0000][gc,heap     ] GC(17) Survivor regions: 3->3(7)
[2025-06-26T09:52:27.490+0000][gc,heap     ] GC(17) Old regions: 15->15
[2025-06-26T09:52:27.490+0000][gc,heap     ] GC(17) Archive regions: 2->2
[2025-06-26T09:52:27.490+0000][gc,heap     ] GC(17) Humongous regions: 129->129
[2025-06-26T09:52:27.490+0000][gc,metaspace] GC(17) Metaspace: 42837K(43392K)->42837K(43392K) NonClass: 37830K(38144K)->37830K(38144K) Class: 5006K(5248K)->5006K(5248K)
[2025-06-26T09:52:27.490+0000][gc          ] GC(17) Pause Young (Normal) (G1 Evacuation Pause) 195M->147M(1024M) 25.963ms
[2025-06-26T09:52:27.490+0000][gc,cpu      ] GC(17) User=0.01s Sys=0.00s Real=0.03s
[2025-06-26T09:52:53.956+0000][gc,start    ] GC(18) Pause Young (Normal) (G1 Evacuation Pause)
[2025-06-26T09:52:53.956+0000][gc,task     ] GC(18) Using 2 workers of 2 for evacuation
[2025-06-26T09:52:53.971+0000][gc,phases   ] GC(18)   Pre Evacuate Collection Set: 0.2ms
[2025-06-26T09:52:53.971+0000][gc,phases   ] GC(18)   Merge Heap Roots: 0.1ms
[2025-06-26T09:52:53.971+0000][gc,phases   ] GC(18)   Evacuate Collection Set: 13.6ms
[2025-06-26T09:52:53.971+0000][gc,phases   ] GC(18)   Post Evacuate Collection Set: 1.1ms
[2025-06-26T09:52:53.971+0000][gc,phases   ] GC(18)   Other: 0.1ms
[2025-06-26T09:52:53.971+0000][gc,heap     ] GC(18) Eden regions: 48->0(95)
[2025-06-26T09:52:53.971+0000][gc,heap     ] GC(18) Survivor regions: 3->3(7)
[2025-06-26T09:52:53.971+0000][gc,heap     ] GC(18) Old regions: 15->15
[2025-06-26T09:52:53.971+0000][gc,heap     ] GC(18) Archive regions: 2->2
[2025-06-26T09:52:53.971+0000][gc,heap     ] GC(18) Humongous regions: 129->129
[2025-06-26T09:52:53.971+0000][gc,metaspace] GC(18) Metaspace: 43173K(43712K)->43173K(43712K) NonClass: 38078K(38400K)->38078K(38400K) Class: 5094K(5312K)->5094K(5312K)
[2025-06-26T09:52:53.971+0000][gc          ] GC(18) Pause Young (Normal) (G1 Evacuation Pause) 195M->147M(1024M) 15.319ms
[2025-06-26T09:52:53.971+0000][gc,cpu      ] GC(18) User=0.01s Sys=0.01s Real=0.02s
[2025-06-26T09:52:54.384+0000][gc,heap,exit] Heap
[2025-06-26T09:52:54.384+0000][gc,heap,exit]  garbage-first heap   total 1048576K, used 156694K [0x00000000c0000000, 0x0000000100000000)
[2025-06-26T09:52:54.384+0000][gc,heap,exit]   region size 1024K, 9 young (9216K), 3 survivors (3072K)
[2025-06-26T09:52:54.384+0000][gc,heap,exit]  Metaspace       used 43747K, committed 44352K, reserved 1114112K
[2025-06-26T09:52:54.384+0000][gc,heap,exit]   class space    used 5195K, committed 5440K, reserved 1048576K
