[2025-06-26T10:15:35.387+0000][gc] Using G1
[2025-06-26T10:15:35.404+0000][gc,init] Version: 17.0.15+6-LTS (release)
[2025-06-26T10:15:35.404+0000][gc,init] CPUs: 2 total, 2 available
[2025-06-26T10:15:35.404+0000][gc,init] Memory: 3827M
[2025-06-26T10:15:35.404+0000][gc,init] Large Page Support: Disabled
[2025-06-26T10:15:35.404+0000][gc,init] NUMA Support: Disabled
[2025-06-26T10:15:35.404+0000][gc,init] Compressed Oops: Enabled (32-bit)
[2025-06-26T10:15:35.404+0000][gc,init] Heap Region Size: 1M
[2025-06-26T10:15:35.404+0000][gc,init] Heap Min Capacity: 1G
[2025-06-26T10:15:35.405+0000][gc,init] Heap Initial Capacity: 1G
[2025-06-26T10:15:35.405+0000][gc,init] Heap Max Capacity: 1G
[2025-06-26T10:15:35.405+0000][gc,init] Pre-touch: Disabled
[2025-06-26T10:15:35.405+0000][gc,init] Parallel Workers: 2
[2025-06-26T10:15:35.405+0000][gc,init] Concurrent Workers: 1
[2025-06-26T10:15:35.405+0000][gc,init] Concurrent Refinement Workers: 2
[2025-06-26T10:15:35.405+0000][gc,init] Periodic GC: Disabled
[2025-06-26T10:15:35.414+0000][gc,metaspace] CDS archive(s) mapped at: [0x00007ff7eb000000-0x00007ff7ebbbe000-0x00007ff7ebbbe000), size 12312576, SharedBaseAddress: 0x00007ff7eb000000, ArchiveRelocationMode: 1.
[2025-06-26T10:15:35.414+0000][gc,metaspace] Compressed class space mapped at: 0x00007ff7ec000000-0x00007ff82c000000, reserved size: 1073741824
[2025-06-26T10:15:35.414+0000][gc,metaspace] Narrow klass base: 0x00007ff7eb000000, Narrow klass shift: 0, Narrow klass range: 0x100000000
[2025-06-26T10:15:36.875+0000][gc,start    ] GC(0) Pause Young (Normal) (G1 Evacuation Pause)
[2025-06-26T10:15:36.875+0000][gc,task     ] GC(0) Using 2 workers of 2 for evacuation
[2025-06-26T10:15:36.895+0000][gc,phases   ] GC(0)   Pre Evacuate Collection Set: 0.3ms
[2025-06-26T10:15:36.895+0000][gc,phases   ] GC(0)   Merge Heap Roots: 0.1ms
[2025-06-26T10:15:36.895+0000][gc,phases   ] GC(0)   Evacuate Collection Set: 17.8ms
[2025-06-26T10:15:36.895+0000][gc,phases   ] GC(0)   Post Evacuate Collection Set: 1.1ms
[2025-06-26T10:15:36.895+0000][gc,phases   ] GC(0)   Other: 0.3ms
[2025-06-26T10:15:36.895+0000][gc,heap     ] GC(0) Eden regions: 51->0(44)
[2025-06-26T10:15:36.895+0000][gc,heap     ] GC(0) Survivor regions: 0->7(7)
[2025-06-26T10:15:36.895+0000][gc,heap     ] GC(0) Old regions: 0->2
[2025-06-26T10:15:36.895+0000][gc,heap     ] GC(0) Archive regions: 2->2
[2025-06-26T10:15:36.895+0000][gc,heap     ] GC(0) Humongous regions: 0->0
[2025-06-26T10:15:36.895+0000][gc,metaspace] GC(0) Metaspace: 17765K(17984K)->17765K(17984K) NonClass: 15613K(15744K)->15613K(15744K) Class: 2151K(2240K)->2151K(2240K)
[2025-06-26T10:15:36.895+0000][gc          ] GC(0) Pause Young (Normal) (G1 Evacuation Pause) 51M->8M(1024M) 19.824ms
[2025-06-26T10:15:36.895+0000][gc,cpu      ] GC(0) User=0.02s Sys=0.01s Real=0.02s
[2025-06-26T10:15:37.246+0000][gc,start    ] GC(1) Pause Young (Concurrent Start) (Metadata GC Threshold)
[2025-06-26T10:15:37.246+0000][gc,task     ] GC(1) Using 2 workers of 2 for evacuation
[2025-06-26T10:15:37.267+0000][gc,mmu      ] GC(1) MMU target violated: 20.7ms (20.0ms/21.0ms)
[2025-06-26T10:15:37.267+0000][gc,phases   ] GC(1)   Pre Evacuate Collection Set: 0.2ms
[2025-06-26T10:15:37.267+0000][gc,phases   ] GC(1)   Merge Heap Roots: 0.1ms
[2025-06-26T10:15:37.267+0000][gc,phases   ] GC(1)   Evacuate Collection Set: 19.6ms
[2025-06-26T10:15:37.267+0000][gc,phases   ] GC(1)   Post Evacuate Collection Set: 0.6ms
[2025-06-26T10:15:37.267+0000][gc,phases   ] GC(1)   Other: 0.3ms
[2025-06-26T10:15:37.267+0000][gc,heap     ] GC(1) Eden regions: 14->0(50)
[2025-06-26T10:15:37.267+0000][gc,heap     ] GC(1) Survivor regions: 7->1(7)
[2025-06-26T10:15:37.267+0000][gc,heap     ] GC(1) Old regions: 2->8
[2025-06-26T10:15:37.267+0000][gc,heap     ] GC(1) Archive regions: 2->2
[2025-06-26T10:15:37.267+0000][gc,heap     ] GC(1) Humongous regions: 0->0
[2025-06-26T10:15:37.267+0000][gc,metaspace] GC(1) Metaspace: 21296K(21504K)->21296K(21504K) NonClass: 18697K(18816K)->18697K(18816K) Class: 2599K(2688K)->2599K(2688K)
[2025-06-26T10:15:37.267+0000][gc          ] GC(1) Pause Young (Concurrent Start) (Metadata GC Threshold) 22M->9M(1024M) 20.923ms
[2025-06-26T10:15:37.267+0000][gc,cpu      ] GC(1) User=0.02s Sys=0.00s Real=0.03s
[2025-06-26T10:15:37.267+0000][gc          ] GC(2) Concurrent Mark Cycle
[2025-06-26T10:15:37.267+0000][gc,marking  ] GC(2) Concurrent Clear Claimed Marks
[2025-06-26T10:15:37.267+0000][gc,marking  ] GC(2) Concurrent Clear Claimed Marks 0.019ms
[2025-06-26T10:15:37.267+0000][gc,marking  ] GC(2) Concurrent Scan Root Regions
[2025-06-26T10:15:37.272+0000][gc,marking  ] GC(2) Concurrent Scan Root Regions 4.759ms
[2025-06-26T10:15:37.272+0000][gc,marking  ] GC(2) Concurrent Mark
[2025-06-26T10:15:37.272+0000][gc,marking  ] GC(2) Concurrent Mark From Roots
[2025-06-26T10:15:37.272+0000][gc,task     ] GC(2) Using 1 workers of 1 for marking
[2025-06-26T10:15:37.281+0000][gc,marking  ] GC(2) Concurrent Mark From Roots 9.820ms
[2025-06-26T10:15:37.282+0000][gc,marking  ] GC(2) Concurrent Preclean
[2025-06-26T10:15:37.282+0000][gc,marking  ] GC(2) Concurrent Preclean 0.044ms
[2025-06-26T10:15:37.282+0000][gc,start    ] GC(2) Pause Remark
[2025-06-26T10:15:37.284+0000][gc          ] GC(2) Pause Remark 10M->10M(1024M) 2.742ms
[2025-06-26T10:15:37.284+0000][gc,cpu      ] GC(2) User=0.00s Sys=0.00s Real=0.00s
[2025-06-26T10:15:37.284+0000][gc,marking  ] GC(2) Concurrent Mark 12.865ms
[2025-06-26T10:15:37.285+0000][gc,marking  ] GC(2) Concurrent Rebuild Remembered Sets
[2025-06-26T10:15:37.285+0000][gc,marking  ] GC(2) Concurrent Rebuild Remembered Sets 0.006ms
[2025-06-26T10:15:37.285+0000][gc,start    ] GC(2) Pause Cleanup
[2025-06-26T10:15:37.285+0000][gc          ] GC(2) Pause Cleanup 10M->10M(1024M) 0.014ms
[2025-06-26T10:15:37.285+0000][gc,cpu      ] GC(2) User=0.00s Sys=0.00s Real=0.00s
[2025-06-26T10:15:37.285+0000][gc,marking  ] GC(2) Concurrent Cleanup for Next Mark
[2025-06-26T10:15:37.309+0000][gc,marking  ] GC(2) Concurrent Cleanup for Next Mark 24.224ms
[2025-06-26T10:15:37.309+0000][gc          ] GC(2) Concurrent Mark Cycle 42.164ms
[2025-06-26T10:15:38.908+0000][gc,start    ] GC(3) Pause Young (Normal) (G1 Evacuation Pause)
[2025-06-26T10:15:38.908+0000][gc,task     ] GC(3) Using 2 workers of 2 for evacuation
[2025-06-26T10:15:38.938+0000][gc,mmu      ] GC(3) MMU target violated: 21.0ms (20.0ms/21.0ms)
[2025-06-26T10:15:38.938+0000][gc,phases   ] GC(3)   Pre Evacuate Collection Set: 0.2ms
[2025-06-26T10:15:38.938+0000][gc,phases   ] GC(3)   Merge Heap Roots: 0.1ms
[2025-06-26T10:15:38.938+0000][gc,phases   ] GC(3)   Evacuate Collection Set: 29.0ms
[2025-06-26T10:15:38.938+0000][gc,phases   ] GC(3)   Post Evacuate Collection Set: 1.0ms
[2025-06-26T10:15:38.938+0000][gc,phases   ] GC(3)   Other: 0.2ms
[2025-06-26T10:15:38.938+0000][gc,heap     ] GC(3) Eden regions: 50->0(45)
[2025-06-26T10:15:38.938+0000][gc,heap     ] GC(3) Survivor regions: 1->6(7)
[2025-06-26T10:15:38.938+0000][gc,heap     ] GC(3) Old regions: 8->8
[2025-06-26T10:15:38.938+0000][gc,heap     ] GC(3) Archive regions: 2->2
[2025-06-26T10:15:38.938+0000][gc,heap     ] GC(3) Humongous regions: 129->129
[2025-06-26T10:15:38.938+0000][gc,metaspace] GC(3) Metaspace: 30907K(31232K)->30907K(31232K) NonClass: 27423K(27584K)->27423K(27584K) Class: 3484K(3648K)->3484K(3648K)
[2025-06-26T10:15:38.939+0000][gc          ] GC(3) Pause Young (Normal) (G1 Evacuation Pause) 188M->143M(1024M) 30.522ms
[2025-06-26T10:15:38.939+0000][gc,cpu      ] GC(3) User=0.03s Sys=0.00s Real=0.03s
[2025-06-26T10:15:39.492+0000][gc,heap,exit] Heap
[2025-06-26T10:15:39.492+0000][gc,heap,exit]  garbage-first heap   total 1048576K, used 161832K [0x00000000c0000000, 0x0000000100000000)
[2025-06-26T10:15:39.492+0000][gc,heap,exit]   region size 1024K, 21 young (21504K), 6 survivors (6144K)
[2025-06-26T10:15:39.492+0000][gc,heap,exit]  Metaspace       used 33139K, committed 33408K, reserved 1114112K
[2025-06-26T10:15:39.492+0000][gc,heap,exit]   class space    used 3823K, committed 3968K, reserved 1048576K
