[2025-06-26T10:15:57.309+0000][gc] Using G1
[2025-06-26T10:15:57.327+0000][gc,init] Version: 17.0.15+6-LTS (release)
[2025-06-26T10:15:57.327+0000][gc,init] CPUs: 2 total, 2 available
[2025-06-26T10:15:57.327+0000][gc,init] Memory: 3827M
[2025-06-26T10:15:57.327+0000][gc,init] Large Page Support: Disabled
[2025-06-26T10:15:57.327+0000][gc,init] NUMA Support: Disabled
[2025-06-26T10:15:57.327+0000][gc,init] Compressed Oops: Enabled (32-bit)
[2025-06-26T10:15:57.327+0000][gc,init] Heap Region Size: 1M
[2025-06-26T10:15:57.327+0000][gc,init] Heap Min Capacity: 1G
[2025-06-26T10:15:57.327+0000][gc,init] Heap Initial Capacity: 1G
[2025-06-26T10:15:57.327+0000][gc,init] Heap Max Capacity: 1G
[2025-06-26T10:15:57.327+0000][gc,init] Pre-touch: Disabled
[2025-06-26T10:15:57.327+0000][gc,init] Parallel Workers: 2
[2025-06-26T10:15:57.327+0000][gc,init] Concurrent Workers: 1
[2025-06-26T10:15:57.327+0000][gc,init] Concurrent Refinement Workers: 2
[2025-06-26T10:15:57.327+0000][gc,init] Periodic GC: Disabled
[2025-06-26T10:15:57.337+0000][gc,metaspace] CDS archive(s) mapped at: [0x00007f544b000000-0x00007f544bbbe000-0x00007f544bbbe000), size 12312576, SharedBaseAddress: 0x00007f544b000000, ArchiveRelocationMode: 1.
[2025-06-26T10:15:57.337+0000][gc,metaspace] Compressed class space mapped at: 0x00007f544c000000-0x00007f548c000000, reserved size: 1073741824
[2025-06-26T10:15:57.337+0000][gc,metaspace] Narrow klass base: 0x00007f544b000000, Narrow klass shift: 0, Narrow klass range: 0x100000000
[2025-06-26T10:15:58.725+0000][gc,start    ] GC(0) Pause Young (Normal) (G1 Evacuation Pause)
[2025-06-26T10:15:58.725+0000][gc,task     ] GC(0) Using 2 workers of 2 for evacuation
[2025-06-26T10:15:58.748+0000][gc,mmu      ] GC(0) MMU target violated: 21.0ms (20.0ms/21.0ms)
[2025-06-26T10:15:58.748+0000][gc,phases   ] GC(0)   Pre Evacuate Collection Set: 0.3ms
[2025-06-26T10:15:58.748+0000][gc,phases   ] GC(0)   Merge Heap Roots: 0.1ms
[2025-06-26T10:15:58.748+0000][gc,phases   ] GC(0)   Evacuate Collection Set: 21.5ms
[2025-06-26T10:15:58.748+0000][gc,phases   ] GC(0)   Post Evacuate Collection Set: 0.9ms
[2025-06-26T10:15:58.748+0000][gc,phases   ] GC(0)   Other: 0.3ms
[2025-06-26T10:15:58.748+0000][gc,heap     ] GC(0) Eden regions: 51->0(44)
[2025-06-26T10:15:58.748+0000][gc,heap     ] GC(0) Survivor regions: 0->7(7)
[2025-06-26T10:15:58.748+0000][gc,heap     ] GC(0) Old regions: 0->2
[2025-06-26T10:15:58.748+0000][gc,heap     ] GC(0) Archive regions: 2->2
[2025-06-26T10:15:58.748+0000][gc,heap     ] GC(0) Humongous regions: 0->0
[2025-06-26T10:15:58.748+0000][gc,metaspace] GC(0) Metaspace: 17750K(17984K)->17750K(17984K) NonClass: 15600K(15744K)->15600K(15744K) Class: 2150K(2240K)->2150K(2240K)
[2025-06-26T10:15:58.748+0000][gc          ] GC(0) Pause Young (Normal) (G1 Evacuation Pause) 51M->9M(1024M) 23.178ms
[2025-06-26T10:15:58.748+0000][gc,cpu      ] GC(0) User=0.02s Sys=0.01s Real=0.03s
[2025-06-26T10:15:59.091+0000][gc,start    ] GC(1) Pause Young (Concurrent Start) (Metadata GC Threshold)
[2025-06-26T10:15:59.091+0000][gc,task     ] GC(1) Using 2 workers of 2 for evacuation
[2025-06-26T10:15:59.114+0000][gc,mmu      ] GC(1) MMU target violated: 21.0ms (20.0ms/21.0ms)
[2025-06-26T10:15:59.114+0000][gc,phases   ] GC(1)   Pre Evacuate Collection Set: 0.2ms
[2025-06-26T10:15:59.114+0000][gc,phases   ] GC(1)   Merge Heap Roots: 0.1ms
[2025-06-26T10:15:59.114+0000][gc,phases   ] GC(1)   Evacuate Collection Set: 21.5ms
[2025-06-26T10:15:59.114+0000][gc,phases   ] GC(1)   Post Evacuate Collection Set: 0.8ms
[2025-06-26T10:15:59.114+0000][gc,phases   ] GC(1)   Other: 0.3ms
[2025-06-26T10:15:59.114+0000][gc,heap     ] GC(1) Eden regions: 14->0(50)
[2025-06-26T10:15:59.114+0000][gc,heap     ] GC(1) Survivor regions: 7->1(7)
[2025-06-26T10:15:59.114+0000][gc,heap     ] GC(1) Old regions: 2->8
[2025-06-26T10:15:59.114+0000][gc,heap     ] GC(1) Archive regions: 2->2
[2025-06-26T10:15:59.114+0000][gc,heap     ] GC(1) Humongous regions: 0->0
[2025-06-26T10:15:59.114+0000][gc,metaspace] GC(1) Metaspace: 21329K(21504K)->21329K(21504K) NonClass: 18722K(18816K)->18722K(18816K) Class: 2606K(2688K)->2606K(2688K)
[2025-06-26T10:15:59.114+0000][gc          ] GC(1) Pause Young (Concurrent Start) (Metadata GC Threshold) 22M->9M(1024M) 22.918ms
[2025-06-26T10:15:59.114+0000][gc,cpu      ] GC(1) User=0.03s Sys=0.01s Real=0.02s
[2025-06-26T10:15:59.114+0000][gc          ] GC(2) Concurrent Mark Cycle
[2025-06-26T10:15:59.114+0000][gc,marking  ] GC(2) Concurrent Clear Claimed Marks
[2025-06-26T10:15:59.114+0000][gc,marking  ] GC(2) Concurrent Clear Claimed Marks 0.018ms
[2025-06-26T10:15:59.114+0000][gc,marking  ] GC(2) Concurrent Scan Root Regions
[2025-06-26T10:15:59.124+0000][gc,marking  ] GC(2) Concurrent Scan Root Regions 9.053ms
[2025-06-26T10:15:59.124+0000][gc,marking  ] GC(2) Concurrent Mark
[2025-06-26T10:15:59.124+0000][gc,marking  ] GC(2) Concurrent Mark From Roots
[2025-06-26T10:15:59.124+0000][gc,task     ] GC(2) Using 1 workers of 1 for marking
[2025-06-26T10:15:59.134+0000][gc,marking  ] GC(2) Concurrent Mark From Roots 10.829ms
[2025-06-26T10:15:59.134+0000][gc,marking  ] GC(2) Concurrent Preclean
[2025-06-26T10:15:59.135+0000][gc,marking  ] GC(2) Concurrent Preclean 0.047ms
[2025-06-26T10:15:59.135+0000][gc,start    ] GC(2) Pause Remark
[2025-06-26T10:15:59.137+0000][gc          ] GC(2) Pause Remark 10M->10M(1024M) 2.621ms
[2025-06-26T10:15:59.137+0000][gc,cpu      ] GC(2) User=0.01s Sys=0.00s Real=0.01s
[2025-06-26T10:15:59.137+0000][gc,marking  ] GC(2) Concurrent Mark 13.770ms
[2025-06-26T10:15:59.137+0000][gc,marking  ] GC(2) Concurrent Rebuild Remembered Sets
[2025-06-26T10:15:59.154+0000][gc,marking  ] GC(2) Concurrent Rebuild Remembered Sets 16.828ms
[2025-06-26T10:15:59.155+0000][gc,start    ] GC(2) Pause Cleanup
[2025-06-26T10:15:59.155+0000][gc          ] GC(2) Pause Cleanup 10M->10M(1024M) 0.212ms
[2025-06-26T10:15:59.155+0000][gc,cpu      ] GC(2) User=0.00s Sys=0.00s Real=0.00s
[2025-06-26T10:15:59.155+0000][gc,marking  ] GC(2) Concurrent Cleanup for Next Mark
[2025-06-26T10:15:59.179+0000][gc,marking  ] GC(2) Concurrent Cleanup for Next Mark 23.954ms
[2025-06-26T10:15:59.179+0000][gc          ] GC(2) Concurrent Mark Cycle 64.395ms
[2025-06-26T10:16:00.499+0000][gc,start    ] GC(3) Pause Young (Normal) (G1 Evacuation Pause)
[2025-06-26T10:16:00.499+0000][gc,task     ] GC(3) Using 2 workers of 2 for evacuation
[2025-06-26T10:16:00.514+0000][gc,phases   ] GC(3)   Pre Evacuate Collection Set: 0.3ms
[2025-06-26T10:16:00.514+0000][gc,phases   ] GC(3)   Merge Heap Roots: 0.1ms
[2025-06-26T10:16:00.514+0000][gc,phases   ] GC(3)   Evacuate Collection Set: 13.3ms
[2025-06-26T10:16:00.514+0000][gc,phases   ] GC(3)   Post Evacuate Collection Set: 1.0ms
[2025-06-26T10:16:00.514+0000][gc,phases   ] GC(3)   Other: 0.1ms
[2025-06-26T10:16:00.514+0000][gc,heap     ] GC(3) Eden regions: 50->0(45)
[2025-06-26T10:16:00.514+0000][gc,heap     ] GC(3) Survivor regions: 1->6(7)
[2025-06-26T10:16:00.514+0000][gc,heap     ] GC(3) Old regions: 8->8
[2025-06-26T10:16:00.514+0000][gc,heap     ] GC(3) Archive regions: 2->2
[2025-06-26T10:16:00.514+0000][gc,heap     ] GC(3) Humongous regions: 129->129
[2025-06-26T10:16:00.514+0000][gc,metaspace] GC(3) Metaspace: 30999K(31296K)->30999K(31296K) NonClass: 27505K(27648K)->27505K(27648K) Class: 3494K(3648K)->3494K(3648K)
[2025-06-26T10:16:00.514+0000][gc          ] GC(3) Pause Young (Normal) (G1 Evacuation Pause) 188M->143M(1024M) 14.879ms
[2025-06-26T10:16:00.514+0000][gc,cpu      ] GC(3) User=0.02s Sys=0.00s Real=0.01s
[2025-06-26T10:16:01.093+0000][gc,start    ] GC(4) Pause Young (Concurrent Start) (Metadata GC Threshold)
[2025-06-26T10:16:01.093+0000][gc,task     ] GC(4) Using 2 workers of 2 for evacuation
[2025-06-26T10:16:01.137+0000][gc,mmu      ] GC(4) MMU target violated: 21.0ms (20.0ms/21.0ms)
[2025-06-26T10:16:01.137+0000][gc,phases   ] GC(4)   Pre Evacuate Collection Set: 0.3ms
[2025-06-26T10:16:01.137+0000][gc,phases   ] GC(4)   Merge Heap Roots: 0.1ms
[2025-06-26T10:16:01.137+0000][gc,phases   ] GC(4)   Evacuate Collection Set: 41.2ms
[2025-06-26T10:16:01.137+0000][gc,phases   ] GC(4)   Post Evacuate Collection Set: 1.7ms
[2025-06-26T10:16:01.137+0000][gc,phases   ] GC(4)   Other: 0.3ms
[2025-06-26T10:16:01.137+0000][gc,heap     ] GC(4) Eden regions: 21->0(49)
[2025-06-26T10:16:01.137+0000][gc,heap     ] GC(4) Survivor regions: 6->2(7)
[2025-06-26T10:16:01.137+0000][gc,heap     ] GC(4) Old regions: 8->14
[2025-06-26T10:16:01.137+0000][gc,heap     ] GC(4) Archive regions: 2->2
[2025-06-26T10:16:01.137+0000][gc,heap     ] GC(4) Humongous regions: 129->129
[2025-06-26T10:16:01.137+0000][gc,metaspace] GC(4) Metaspace: 35804K(36096K)->35804K(36096K) NonClass: 31783K(31936K)->31783K(31936K) Class: 4020K(4160K)->4020K(4160K)
[2025-06-26T10:16:01.137+0000][gc          ] GC(4) Pause Young (Concurrent Start) (Metadata GC Threshold) 163M->144M(1024M) 43.606ms
[2025-06-26T10:16:01.137+0000][gc,cpu      ] GC(4) User=0.03s Sys=0.01s Real=0.05s
[2025-06-26T10:16:01.138+0000][gc          ] GC(5) Concurrent Mark Cycle
[2025-06-26T10:16:01.138+0000][gc,marking  ] GC(5) Concurrent Clear Claimed Marks
[2025-06-26T10:16:01.138+0000][gc,marking  ] GC(5) Concurrent Clear Claimed Marks 0.029ms
[2025-06-26T10:16:01.138+0000][gc,marking  ] GC(5) Concurrent Scan Root Regions
[2025-06-26T10:16:01.156+0000][gc,marking  ] GC(5) Concurrent Scan Root Regions 17.597ms
[2025-06-26T10:16:01.156+0000][gc,marking  ] GC(5) Concurrent Mark
[2025-06-26T10:16:01.156+0000][gc,marking  ] GC(5) Concurrent Mark From Roots
[2025-06-26T10:16:01.156+0000][gc,task     ] GC(5) Using 1 workers of 1 for marking
[2025-06-26T10:16:01.183+0000][gc,marking  ] GC(5) Concurrent Mark From Roots 27.596ms
[2025-06-26T10:16:01.184+0000][gc,marking  ] GC(5) Concurrent Preclean
[2025-06-26T10:16:01.184+0000][gc,marking  ] GC(5) Concurrent Preclean 0.118ms
[2025-06-26T10:16:01.197+0000][gc,start    ] GC(5) Pause Remark
[2025-06-26T10:16:01.200+0000][gc          ] GC(5) Pause Remark 146M->146M(1024M) 3.319ms
[2025-06-26T10:16:01.200+0000][gc,cpu      ] GC(5) User=0.00s Sys=0.00s Real=0.00s
[2025-06-26T10:16:01.200+0000][gc,marking  ] GC(5) Concurrent Mark 44.201ms
[2025-06-26T10:16:01.200+0000][gc,marking  ] GC(5) Concurrent Rebuild Remembered Sets
[2025-06-26T10:16:01.232+0000][gc,marking  ] GC(5) Concurrent Rebuild Remembered Sets 31.485ms
[2025-06-26T10:16:01.237+0000][gc,start    ] GC(5) Pause Cleanup
[2025-06-26T10:16:01.237+0000][gc          ] GC(5) Pause Cleanup 147M->147M(1024M) 0.204ms
[2025-06-26T10:16:01.237+0000][gc,cpu      ] GC(5) User=0.00s Sys=0.00s Real=0.00s
[2025-06-26T10:16:01.237+0000][gc,marking  ] GC(5) Concurrent Cleanup for Next Mark
[2025-06-26T10:16:01.264+0000][gc,marking  ] GC(5) Concurrent Cleanup for Next Mark 26.761ms
[2025-06-26T10:16:01.264+0000][gc          ] GC(5) Concurrent Mark Cycle 125.634ms
[2025-06-26T10:16:15.228+0000][gc,start    ] GC(6) Pause Young (Concurrent Start) (G1 Evacuation Pause)
[2025-06-26T10:16:15.228+0000][gc,task     ] GC(6) Using 2 workers of 2 for evacuation
[2025-06-26T10:16:15.258+0000][gc,mmu      ] GC(6) MMU target violated: 21.0ms (20.0ms/21.0ms)
[2025-06-26T10:16:15.258+0000][gc,phases   ] GC(6)   Pre Evacuate Collection Set: 0.3ms
[2025-06-26T10:16:15.258+0000][gc,phases   ] GC(6)   Merge Heap Roots: 0.1ms
[2025-06-26T10:16:15.258+0000][gc,phases   ] GC(6)   Evacuate Collection Set: 28.3ms
[2025-06-26T10:16:15.258+0000][gc,phases   ] GC(6)   Post Evacuate Collection Set: 1.5ms
[2025-06-26T10:16:15.258+0000][gc,phases   ] GC(6)   Other: 0.3ms
[2025-06-26T10:16:15.258+0000][gc,heap     ] GC(6) Eden regions: 49->0(47)
[2025-06-26T10:16:15.258+0000][gc,heap     ] GC(6) Survivor regions: 2->4(7)
[2025-06-26T10:16:15.258+0000][gc,heap     ] GC(6) Old regions: 14->14
[2025-06-26T10:16:15.258+0000][gc,heap     ] GC(6) Archive regions: 2->2
[2025-06-26T10:16:15.258+0000][gc,heap     ] GC(6) Humongous regions: 135->129
[2025-06-26T10:16:15.258+0000][gc,metaspace] GC(6) Metaspace: 42223K(42752K)->42223K(42752K) NonClass: 37294K(37632K)->37294K(37632K) Class: 4928K(5120K)->4928K(5120K)
[2025-06-26T10:16:15.258+0000][gc          ] GC(6) Pause Young (Concurrent Start) (G1 Evacuation Pause) 199M->146M(1024M) 30.612ms
[2025-06-26T10:16:15.258+0000][gc,cpu      ] GC(6) User=0.02s Sys=0.00s Real=0.03s
[2025-06-26T10:16:15.258+0000][gc          ] GC(7) Concurrent Mark Cycle
[2025-06-26T10:16:15.258+0000][gc,marking  ] GC(7) Concurrent Clear Claimed Marks
[2025-06-26T10:16:15.258+0000][gc,marking  ] GC(7) Concurrent Clear Claimed Marks 0.053ms
[2025-06-26T10:16:15.258+0000][gc,marking  ] GC(7) Concurrent Scan Root Regions
[2025-06-26T10:16:15.272+0000][gc,marking  ] GC(7) Concurrent Scan Root Regions 13.167ms
[2025-06-26T10:16:15.272+0000][gc,marking  ] GC(7) Concurrent Mark
[2025-06-26T10:16:15.272+0000][gc,marking  ] GC(7) Concurrent Mark From Roots
[2025-06-26T10:16:15.272+0000][gc,task     ] GC(7) Using 1 workers of 1 for marking
[2025-06-26T10:16:15.405+0000][gc,marking  ] GC(7) Concurrent Mark From Roots 133.489ms
[2025-06-26T10:16:15.405+0000][gc,marking  ] GC(7) Concurrent Preclean
[2025-06-26T10:16:15.405+0000][gc,marking  ] GC(7) Concurrent Preclean 0.204ms
[2025-06-26T10:16:15.405+0000][gc,start    ] GC(7) Pause Remark
[2025-06-26T10:16:15.412+0000][gc          ] GC(7) Pause Remark 147M->147M(1024M) 6.080ms
[2025-06-26T10:16:15.412+0000][gc,cpu      ] GC(7) User=0.01s Sys=0.00s Real=0.01s
[2025-06-26T10:16:15.412+0000][gc,marking  ] GC(7) Concurrent Mark 140.039ms
[2025-06-26T10:16:15.412+0000][gc,marking  ] GC(7) Concurrent Rebuild Remembered Sets
[2025-06-26T10:16:15.470+0000][gc,marking  ] GC(7) Concurrent Rebuild Remembered Sets 58.438ms
[2025-06-26T10:16:15.470+0000][gc,start    ] GC(7) Pause Cleanup
[2025-06-26T10:16:15.470+0000][gc          ] GC(7) Pause Cleanup 147M->147M(1024M) 0.160ms
[2025-06-26T10:16:15.470+0000][gc,cpu      ] GC(7) User=0.00s Sys=0.00s Real=0.00s
[2025-06-26T10:16:15.470+0000][gc,marking  ] GC(7) Concurrent Cleanup for Next Mark
[2025-06-26T10:16:15.483+0000][gc,marking  ] GC(7) Concurrent Cleanup for Next Mark 13.008ms
[2025-06-26T10:16:15.484+0000][gc          ] GC(7) Concurrent Mark Cycle 225.171ms
[2025-06-26T10:16:41.192+0000][gc,start    ] GC(8) Pause Young (Normal) (G1 Evacuation Pause)
[2025-06-26T10:16:41.192+0000][gc,task     ] GC(8) Using 2 workers of 2 for evacuation
[2025-06-26T10:16:41.236+0000][gc,mmu      ] GC(8) MMU target violated: 21.0ms (20.0ms/21.0ms)
[2025-06-26T10:16:41.236+0000][gc,phases   ] GC(8)   Pre Evacuate Collection Set: 0.7ms
[2025-06-26T10:16:41.236+0000][gc,phases   ] GC(8)   Merge Heap Roots: 0.2ms
[2025-06-26T10:16:41.236+0000][gc,phases   ] GC(8)   Evacuate Collection Set: 41.7ms
[2025-06-26T10:16:41.236+0000][gc,phases   ] GC(8)   Post Evacuate Collection Set: 1.0ms
[2025-06-26T10:16:41.236+0000][gc,phases   ] GC(8)   Other: 0.2ms
[2025-06-26T10:16:41.236+0000][gc,heap     ] GC(8) Eden regions: 47->0(48)
[2025-06-26T10:16:41.236+0000][gc,heap     ] GC(8) Survivor regions: 4->3(7)
[2025-06-26T10:16:41.236+0000][gc,heap     ] GC(8) Old regions: 14->15
[2025-06-26T10:16:41.236+0000][gc,heap     ] GC(8) Archive regions: 2->2
[2025-06-26T10:16:41.236+0000][gc,heap     ] GC(8) Humongous regions: 129->129
[2025-06-26T10:16:41.236+0000][gc,metaspace] GC(8) Metaspace: 42655K(43200K)->42655K(43200K) NonClass: 37645K(37952K)->37645K(37952K) Class: 5009K(5248K)->5009K(5248K)
[2025-06-26T10:16:41.236+0000][gc          ] GC(8) Pause Young (Normal) (G1 Evacuation Pause) 193M->147M(1024M) 43.896ms
[2025-06-26T10:16:41.236+0000][gc,cpu      ] GC(8) User=0.02s Sys=0.00s Real=0.04s
[2025-06-26T10:17:07.721+0000][gc,start    ] GC(9) Pause Young (Normal) (G1 Evacuation Pause)
[2025-06-26T10:17:07.721+0000][gc,task     ] GC(9) Using 2 workers of 2 for evacuation
[2025-06-26T10:17:07.741+0000][gc,phases   ] GC(9)   Pre Evacuate Collection Set: 1.0ms
[2025-06-26T10:17:07.741+0000][gc,phases   ] GC(9)   Merge Heap Roots: 2.8ms
[2025-06-26T10:17:07.741+0000][gc,phases   ] GC(9)   Evacuate Collection Set: 15.2ms
[2025-06-26T10:17:07.741+0000][gc,phases   ] GC(9)   Post Evacuate Collection Set: 0.9ms
[2025-06-26T10:17:07.741+0000][gc,phases   ] GC(9)   Other: 0.2ms
[2025-06-26T10:17:07.741+0000][gc,heap     ] GC(9) Eden regions: 48->0(48)
[2025-06-26T10:17:07.741+0000][gc,heap     ] GC(9) Survivor regions: 3->3(7)
[2025-06-26T10:17:07.741+0000][gc,heap     ] GC(9) Old regions: 15->15
[2025-06-26T10:17:07.741+0000][gc,heap     ] GC(9) Archive regions: 2->2
[2025-06-26T10:17:07.741+0000][gc,heap     ] GC(9) Humongous regions: 129->129
[2025-06-26T10:17:07.741+0000][gc,metaspace] GC(9) Metaspace: 42672K(43264K)->42672K(43264K) NonClass: 37661K(38016K)->37661K(38016K) Class: 5010K(5248K)->5010K(5248K)
[2025-06-26T10:17:07.741+0000][gc          ] GC(9) Pause Young (Normal) (G1 Evacuation Pause) 195M->147M(1024M) 20.254ms
[2025-06-26T10:17:07.741+0000][gc,cpu      ] GC(9) User=0.01s Sys=0.00s Real=0.02s
[2025-06-26T10:17:35.089+0000][gc,start    ] GC(10) Pause Young (Normal) (G1 Evacuation Pause)
[2025-06-26T10:17:35.089+0000][gc,task     ] GC(10) Using 2 workers of 2 for evacuation
[2025-06-26T10:17:35.118+0000][gc,mmu      ] GC(10) MMU target violated: 21.0ms (20.0ms/21.0ms)
[2025-06-26T10:17:35.118+0000][gc,phases   ] GC(10)   Pre Evacuate Collection Set: 0.7ms
[2025-06-26T10:17:35.118+0000][gc,phases   ] GC(10)   Merge Heap Roots: 0.1ms
[2025-06-26T10:17:35.118+0000][gc,phases   ] GC(10)   Evacuate Collection Set: 27.2ms
[2025-06-26T10:17:35.118+0000][gc,phases   ] GC(10)   Post Evacuate Collection Set: 1.0ms
[2025-06-26T10:17:35.118+0000][gc,phases   ] GC(10)   Other: 0.2ms
[2025-06-26T10:17:35.118+0000][gc,heap     ] GC(10) Eden regions: 48->0(48)
[2025-06-26T10:17:35.118+0000][gc,heap     ] GC(10) Survivor regions: 3->3(7)
[2025-06-26T10:17:35.118+0000][gc,heap     ] GC(10) Old regions: 15->15
[2025-06-26T10:17:35.118+0000][gc,heap     ] GC(10) Archive regions: 2->2
[2025-06-26T10:17:35.118+0000][gc,heap     ] GC(10) Humongous regions: 129->129
[2025-06-26T10:17:35.118+0000][gc,metaspace] GC(10) Metaspace: 42692K(43264K)->42692K(43264K) NonClass: 37681K(38016K)->37681K(38016K) Class: 5010K(5248K)->5010K(5248K)
[2025-06-26T10:17:35.118+0000][gc          ] GC(10) Pause Young (Normal) (G1 Evacuation Pause) 195M->147M(1024M) 29.224ms
[2025-06-26T10:17:35.118+0000][gc,cpu      ] GC(10) User=0.01s Sys=0.00s Real=0.03s
[2025-06-26T10:18:03.895+0000][gc,start    ] GC(11) Pause Young (Normal) (G1 Evacuation Pause)
[2025-06-26T10:18:03.895+0000][gc,task     ] GC(11) Using 2 workers of 2 for evacuation
[2025-06-26T10:18:03.913+0000][gc,phases   ] GC(11)   Pre Evacuate Collection Set: 0.7ms
[2025-06-26T10:18:03.913+0000][gc,phases   ] GC(11)   Merge Heap Roots: 0.1ms
[2025-06-26T10:18:03.913+0000][gc,phases   ] GC(11)   Evacuate Collection Set: 16.1ms
[2025-06-26T10:18:03.913+0000][gc,phases   ] GC(11)   Post Evacuate Collection Set: 1.1ms
[2025-06-26T10:18:03.913+0000][gc,phases   ] GC(11)   Other: 0.2ms
[2025-06-26T10:18:03.913+0000][gc,heap     ] GC(11) Eden regions: 48->0(48)
[2025-06-26T10:18:03.913+0000][gc,heap     ] GC(11) Survivor regions: 3->3(7)
[2025-06-26T10:18:03.913+0000][gc,heap     ] GC(11) Old regions: 15->15
[2025-06-26T10:18:03.913+0000][gc,heap     ] GC(11) Archive regions: 2->2
[2025-06-26T10:18:03.913+0000][gc,heap     ] GC(11) Humongous regions: 129->129
[2025-06-26T10:18:03.913+0000][gc,metaspace] GC(11) Metaspace: 42711K(43328K)->42711K(43328K) NonClass: 37701K(38080K)->37701K(38080K) Class: 5010K(5248K)->5010K(5248K)
[2025-06-26T10:18:03.913+0000][gc          ] GC(11) Pause Young (Normal) (G1 Evacuation Pause) 195M->147M(1024M) 18.278ms
[2025-06-26T10:18:03.913+0000][gc,cpu      ] GC(11) User=0.01s Sys=0.00s Real=0.02s
[2025-06-26T10:18:32.493+0000][gc,start    ] GC(12) Pause Young (Normal) (G1 Evacuation Pause)
[2025-06-26T10:18:32.493+0000][gc,task     ] GC(12) Using 2 workers of 2 for evacuation
[2025-06-26T10:18:32.520+0000][gc,mmu      ] GC(12) MMU target violated: 21.0ms (20.0ms/21.0ms)
[2025-06-26T10:18:32.520+0000][gc,phases   ] GC(12)   Pre Evacuate Collection Set: 0.8ms
[2025-06-26T10:18:32.520+0000][gc,phases   ] GC(12)   Merge Heap Roots: 0.1ms
[2025-06-26T10:18:32.520+0000][gc,phases   ] GC(12)   Evacuate Collection Set: 24.9ms
[2025-06-26T10:18:32.520+0000][gc,phases   ] GC(12)   Post Evacuate Collection Set: 1.4ms
[2025-06-26T10:18:32.520+0000][gc,phases   ] GC(12)   Other: 0.2ms
[2025-06-26T10:18:32.520+0000][gc,heap     ] GC(12) Eden regions: 48->0(48)
[2025-06-26T10:18:32.520+0000][gc,heap     ] GC(12) Survivor regions: 3->3(7)
[2025-06-26T10:18:32.520+0000][gc,heap     ] GC(12) Old regions: 15->15
[2025-06-26T10:18:32.520+0000][gc,heap     ] GC(12) Archive regions: 2->2
[2025-06-26T10:18:32.520+0000][gc,heap     ] GC(12) Humongous regions: 129->129
[2025-06-26T10:18:32.520+0000][gc,metaspace] GC(12) Metaspace: 42775K(43328K)->42775K(43328K) NonClass: 37764K(38080K)->37764K(38080K) Class: 5011K(5248K)->5011K(5248K)
[2025-06-26T10:18:32.520+0000][gc          ] GC(12) Pause Young (Normal) (G1 Evacuation Pause) 195M->147M(1024M) 27.540ms
[2025-06-26T10:18:32.520+0000][gc,cpu      ] GC(12) User=0.01s Sys=0.00s Real=0.03s
[2025-06-26T10:19:01.831+0000][gc,start    ] GC(13) Pause Young (Normal) (G1 Evacuation Pause)
[2025-06-26T10:19:01.831+0000][gc,task     ] GC(13) Using 2 workers of 2 for evacuation
[2025-06-26T10:19:01.853+0000][gc,mmu      ] GC(13) MMU target violated: 21.0ms (20.0ms/21.0ms)
[2025-06-26T10:19:01.853+0000][gc,phases   ] GC(13)   Pre Evacuate Collection Set: 0.9ms
[2025-06-26T10:19:01.853+0000][gc,phases   ] GC(13)   Merge Heap Roots: 0.2ms
[2025-06-26T10:19:01.853+0000][gc,phases   ] GC(13)   Evacuate Collection Set: 18.9ms
[2025-06-26T10:19:01.853+0000][gc,phases   ] GC(13)   Post Evacuate Collection Set: 1.1ms
[2025-06-26T10:19:01.853+0000][gc,phases   ] GC(13)   Other: 0.2ms
[2025-06-26T10:19:01.853+0000][gc,heap     ] GC(13) Eden regions: 48->0(48)
[2025-06-26T10:19:01.853+0000][gc,heap     ] GC(13) Survivor regions: 3->3(7)
[2025-06-26T10:19:01.853+0000][gc,heap     ] GC(13) Old regions: 15->15
[2025-06-26T10:19:01.853+0000][gc,heap     ] GC(13) Archive regions: 2->2
[2025-06-26T10:19:01.853+0000][gc,heap     ] GC(13) Humongous regions: 129->129
[2025-06-26T10:19:01.853+0000][gc,metaspace] GC(13) Metaspace: 42791K(43392K)->42791K(43392K) NonClass: 37780K(38144K)->37780K(38144K) Class: 5011K(5248K)->5011K(5248K)
[2025-06-26T10:19:01.853+0000][gc          ] GC(13) Pause Young (Normal) (G1 Evacuation Pause) 195M->147M(1024M) 21.544ms
[2025-06-26T10:19:01.853+0000][gc,cpu      ] GC(13) User=0.01s Sys=0.00s Real=0.02s
[2025-06-26T10:19:31.524+0000][gc,start    ] GC(14) Pause Young (Normal) (G1 Evacuation Pause)
[2025-06-26T10:19:31.524+0000][gc,task     ] GC(14) Using 2 workers of 2 for evacuation
[2025-06-26T10:19:31.557+0000][gc,mmu      ] GC(14) MMU target violated: 21.0ms (20.0ms/21.0ms)
[2025-06-26T10:19:31.557+0000][gc,phases   ] GC(14)   Pre Evacuate Collection Set: 0.9ms
[2025-06-26T10:19:31.557+0000][gc,phases   ] GC(14)   Merge Heap Roots: 0.1ms
[2025-06-26T10:19:31.557+0000][gc,phases   ] GC(14)   Evacuate Collection Set: 31.2ms
[2025-06-26T10:19:31.557+0000][gc,phases   ] GC(14)   Post Evacuate Collection Set: 0.7ms
[2025-06-26T10:19:31.557+0000][gc,phases   ] GC(14)   Other: 0.2ms
[2025-06-26T10:19:31.557+0000][gc,heap     ] GC(14) Eden regions: 48->0(48)
[2025-06-26T10:19:31.557+0000][gc,heap     ] GC(14) Survivor regions: 3->3(7)
[2025-06-26T10:19:31.557+0000][gc,heap     ] GC(14) Old regions: 15->15
[2025-06-26T10:19:31.557+0000][gc,heap     ] GC(14) Archive regions: 2->2
[2025-06-26T10:19:31.557+0000][gc,heap     ] GC(14) Humongous regions: 129->129
[2025-06-26T10:19:31.557+0000][gc,metaspace] GC(14) Metaspace: 42795K(43392K)->42795K(43392K) NonClass: 37784K(38144K)->37784K(38144K) Class: 5011K(5248K)->5011K(5248K)
[2025-06-26T10:19:31.558+0000][gc          ] GC(14) Pause Young (Normal) (G1 Evacuation Pause) 195M->147M(1024M) 33.282ms
[2025-06-26T10:19:31.558+0000][gc,cpu      ] GC(14) User=0.02s Sys=0.00s Real=0.04s
[2025-06-26T10:20:01.397+0000][gc,start    ] GC(15) Pause Young (Normal) (G1 Evacuation Pause)
[2025-06-26T10:20:01.398+0000][gc,task     ] GC(15) Using 2 workers of 2 for evacuation
[2025-06-26T10:20:01.422+0000][gc,mmu      ] GC(15) MMU target violated: 21.0ms (20.0ms/21.0ms)
[2025-06-26T10:20:01.422+0000][gc,phases   ] GC(15)   Pre Evacuate Collection Set: 0.8ms
[2025-06-26T10:20:01.422+0000][gc,phases   ] GC(15)   Merge Heap Roots: 0.7ms
[2025-06-26T10:20:01.422+0000][gc,phases   ] GC(15)   Evacuate Collection Set: 21.7ms
[2025-06-26T10:20:01.422+0000][gc,phases   ] GC(15)   Post Evacuate Collection Set: 1.0ms
[2025-06-26T10:20:01.422+0000][gc,phases   ] GC(15)   Other: 0.3ms
[2025-06-26T10:20:01.422+0000][gc,heap     ] GC(15) Eden regions: 48->0(48)
[2025-06-26T10:20:01.422+0000][gc,heap     ] GC(15) Survivor regions: 3->3(7)
[2025-06-26T10:20:01.422+0000][gc,heap     ] GC(15) Old regions: 15->15
[2025-06-26T10:20:01.422+0000][gc,heap     ] GC(15) Archive regions: 2->2
[2025-06-26T10:20:01.422+0000][gc,heap     ] GC(15) Humongous regions: 129->129
[2025-06-26T10:20:01.422+0000][gc,metaspace] GC(15) Metaspace: 42798K(43392K)->42798K(43392K) NonClass: 37787K(38144K)->37787K(38144K) Class: 5011K(5248K)->5011K(5248K)
[2025-06-26T10:20:01.422+0000][gc          ] GC(15) Pause Young (Normal) (G1 Evacuation Pause) 195M->147M(1024M) 24.659ms
[2025-06-26T10:20:01.422+0000][gc,cpu      ] GC(15) User=0.01s Sys=0.00s Real=0.02s
[2025-06-26T10:20:31.295+0000][gc,start    ] GC(16) Pause Young (Normal) (G1 Evacuation Pause)
[2025-06-26T10:20:31.295+0000][gc,task     ] GC(16) Using 2 workers of 2 for evacuation
[2025-06-26T10:20:31.321+0000][gc,mmu      ] GC(16) MMU target violated: 21.0ms (20.0ms/21.0ms)
[2025-06-26T10:20:31.321+0000][gc,phases   ] GC(16)   Pre Evacuate Collection Set: 0.3ms
[2025-06-26T10:20:31.321+0000][gc,phases   ] GC(16)   Merge Heap Roots: 0.2ms
[2025-06-26T10:20:31.321+0000][gc,phases   ] GC(16)   Evacuate Collection Set: 19.7ms
[2025-06-26T10:20:31.321+0000][gc,phases   ] GC(16)   Post Evacuate Collection Set: 5.7ms
[2025-06-26T10:20:31.321+0000][gc,phases   ] GC(16)   Other: 0.2ms
[2025-06-26T10:20:31.321+0000][gc,heap     ] GC(16) Eden regions: 48->0(48)
[2025-06-26T10:20:31.321+0000][gc,heap     ] GC(16) Survivor regions: 3->3(7)
[2025-06-26T10:20:31.321+0000][gc,heap     ] GC(16) Old regions: 15->15
[2025-06-26T10:20:31.321+0000][gc,heap     ] GC(16) Archive regions: 2->2
[2025-06-26T10:20:31.321+0000][gc,heap     ] GC(16) Humongous regions: 129->129
[2025-06-26T10:20:31.321+0000][gc,metaspace] GC(16) Metaspace: 42806K(43392K)->42806K(43392K) NonClass: 37794K(38144K)->37794K(38144K) Class: 5011K(5248K)->5011K(5248K)
[2025-06-26T10:20:31.321+0000][gc          ] GC(16) Pause Young (Normal) (G1 Evacuation Pause) 195M->147M(1024M) 26.220ms
[2025-06-26T10:20:31.321+0000][gc,cpu      ] GC(16) User=0.01s Sys=0.00s Real=0.03s
[2025-06-26T10:21:01.215+0000][gc,start    ] GC(17) Pause Young (Normal) (G1 Evacuation Pause)
[2025-06-26T10:21:01.215+0000][gc,task     ] GC(17) Using 2 workers of 2 for evacuation
[2025-06-26T10:21:01.235+0000][gc,phases   ] GC(17)   Pre Evacuate Collection Set: 0.5ms
[2025-06-26T10:21:01.235+0000][gc,phases   ] GC(17)   Merge Heap Roots: 0.2ms
[2025-06-26T10:21:01.235+0000][gc,phases   ] GC(17)   Evacuate Collection Set: 18.3ms
[2025-06-26T10:21:01.235+0000][gc,phases   ] GC(17)   Post Evacuate Collection Set: 1.0ms
[2025-06-26T10:21:01.235+0000][gc,phases   ] GC(17)   Other: 0.2ms
[2025-06-26T10:21:01.235+0000][gc,heap     ] GC(17) Eden regions: 48->0(48)
[2025-06-26T10:21:01.235+0000][gc,heap     ] GC(17) Survivor regions: 3->3(7)
[2025-06-26T10:21:01.235+0000][gc,heap     ] GC(17) Old regions: 15->15
[2025-06-26T10:21:01.235+0000][gc,heap     ] GC(17) Archive regions: 2->2
[2025-06-26T10:21:01.235+0000][gc,heap     ] GC(17) Humongous regions: 129->129
[2025-06-26T10:21:01.235+0000][gc,metaspace] GC(17) Metaspace: 42814K(43392K)->42814K(43392K) NonClass: 37803K(38144K)->37803K(38144K) Class: 5011K(5248K)->5011K(5248K)
[2025-06-26T10:21:01.235+0000][gc          ] GC(17) Pause Young (Normal) (G1 Evacuation Pause) 195M->147M(1024M) 20.284ms
[2025-06-26T10:21:01.235+0000][gc,cpu      ] GC(17) User=0.01s Sys=0.00s Real=0.02s
[2025-06-26T10:21:31.858+0000][gc,start    ] GC(18) Pause Young (Normal) (G1 Evacuation Pause)
[2025-06-26T10:21:31.858+0000][gc,task     ] GC(18) Using 2 workers of 2 for evacuation
[2025-06-26T10:21:31.881+0000][gc,mmu      ] GC(18) MMU target violated: 21.0ms (20.0ms/21.0ms)
[2025-06-26T10:21:31.881+0000][gc,phases   ] GC(18)   Pre Evacuate Collection Set: 0.2ms
[2025-06-26T10:21:31.881+0000][gc,phases   ] GC(18)   Merge Heap Roots: 0.1ms
[2025-06-26T10:21:31.881+0000][gc,phases   ] GC(18)   Evacuate Collection Set: 21.4ms
[2025-06-26T10:21:31.881+0000][gc,phases   ] GC(18)   Post Evacuate Collection Set: 1.1ms
[2025-06-26T10:21:31.881+0000][gc,phases   ] GC(18)   Other: 0.2ms
[2025-06-26T10:21:31.881+0000][gc,heap     ] GC(18) Eden regions: 48->0(48)
[2025-06-26T10:21:31.881+0000][gc,heap     ] GC(18) Survivor regions: 3->3(7)
[2025-06-26T10:21:31.881+0000][gc,heap     ] GC(18) Old regions: 15->15
[2025-06-26T10:21:31.881+0000][gc,heap     ] GC(18) Archive regions: 2->2
[2025-06-26T10:21:31.881+0000][gc,heap     ] GC(18) Humongous regions: 129->129
[2025-06-26T10:21:31.881+0000][gc,metaspace] GC(18) Metaspace: 42826K(43392K)->42826K(43392K) NonClass: 37815K(38144K)->37815K(38144K) Class: 5011K(5248K)->5011K(5248K)
[2025-06-26T10:21:31.881+0000][gc          ] GC(18) Pause Young (Normal) (G1 Evacuation Pause) 195M->147M(1024M) 23.157ms
[2025-06-26T10:21:31.881+0000][gc,cpu      ] GC(18) User=0.01s Sys=0.00s Real=0.02s
[2025-06-26T10:22:11.858+0000][gc,start    ] GC(19) Pause Young (Normal) (G1 Evacuation Pause)
[2025-06-26T10:22:11.858+0000][gc,task     ] GC(19) Using 2 workers of 2 for evacuation
[2025-06-26T10:22:11.868+0000][gc,phases   ] GC(19)   Pre Evacuate Collection Set: 0.4ms
[2025-06-26T10:22:11.868+0000][gc,phases   ] GC(19)   Merge Heap Roots: 0.1ms
[2025-06-26T10:22:11.868+0000][gc,phases   ] GC(19)   Evacuate Collection Set: 9.0ms
[2025-06-26T10:22:11.868+0000][gc,phases   ] GC(19)   Post Evacuate Collection Set: 0.7ms
[2025-06-26T10:22:11.868+0000][gc,phases   ] GC(19)   Other: 0.2ms
[2025-06-26T10:22:11.868+0000][gc,heap     ] GC(19) Eden regions: 48->0(78)
[2025-06-26T10:22:11.868+0000][gc,heap     ] GC(19) Survivor regions: 3->4(7)
[2025-06-26T10:22:11.868+0000][gc,heap     ] GC(19) Old regions: 15->15
[2025-06-26T10:22:11.868+0000][gc,heap     ] GC(19) Archive regions: 2->2
[2025-06-26T10:22:11.868+0000][gc,heap     ] GC(19) Humongous regions: 129->129
[2025-06-26T10:22:11.868+0000][gc,metaspace] GC(19) Metaspace: 42838K(43392K)->42838K(43392K) NonClass: 37827K(38144K)->37827K(38144K) Class: 5011K(5248K)->5011K(5248K)
[2025-06-26T10:22:11.868+0000][gc          ] GC(19) Pause Young (Normal) (G1 Evacuation Pause) 195M->147M(1024M) 10.467ms
[2025-06-26T10:22:11.868+0000][gc,cpu      ] GC(19) User=0.02s Sys=0.00s Real=0.01s
[2025-06-26T10:30:42.580+0000][gc,heap,exit] Heap
[2025-06-26T10:30:42.580+0000][gc,heap,exit]  garbage-first heap   total 1048576K, used 180170K [0x00000000c0000000, 0x0000000100000000)
[2025-06-26T10:30:42.580+0000][gc,heap,exit]   region size 1024K, 33 young (33792K), 4 survivors (4096K)
[2025-06-26T10:30:42.580+0000][gc,heap,exit]  Metaspace       used 43990K, committed 44544K, reserved 1114112K
[2025-06-26T10:30:42.580+0000][gc,heap,exit]   class space    used 5217K, committed 5440K, reserved 1048576K
