[2025-06-26T09:53:17.809+0000][gc] Using G1
[2025-06-26T09:53:17.825+0000][gc,init] Version: 17.0.15+6-LTS (release)
[2025-06-26T09:53:17.825+0000][gc,init] CPUs: 2 total, 2 available
[2025-06-26T09:53:17.825+0000][gc,init] Memory: 3827M
[2025-06-26T09:53:17.825+0000][gc,init] Large Page Support: Disabled
[2025-06-26T09:53:17.825+0000][gc,init] NUMA Support: Disabled
[2025-06-26T09:53:17.825+0000][gc,init] Compressed Oops: Enabled (32-bit)
[2025-06-26T09:53:17.825+0000][gc,init] Heap Region Size: 1M
[2025-06-26T09:53:17.825+0000][gc,init] Heap Min Capacity: 1G
[2025-06-26T09:53:17.825+0000][gc,init] Heap Initial Capacity: 1G
[2025-06-26T09:53:17.825+0000][gc,init] Heap Max Capacity: 1G
[2025-06-26T09:53:17.825+0000][gc,init] Pre-touch: Disabled
[2025-06-26T09:53:17.825+0000][gc,init] Parallel Workers: 2
[2025-06-26T09:53:17.825+0000][gc,init] Concurrent Workers: 1
[2025-06-26T09:53:17.825+0000][gc,init] Concurrent Refinement Workers: 2
[2025-06-26T09:53:17.825+0000][gc,init] Periodic GC: Disabled
[2025-06-26T09:53:17.835+0000][gc,metaspace] CDS archive(s) mapped at: [0x00007f4d3f000000-0x00007f4d3fbbe000-0x00007f4d3fbbe000), size 12312576, SharedBaseAddress: 0x00007f4d3f000000, ArchiveRelocationMode: 1.
[2025-06-26T09:53:17.835+0000][gc,metaspace] Compressed class space mapped at: 0x00007f4d40000000-0x00007f4d80000000, reserved size: 1073741824
[2025-06-26T09:53:17.835+0000][gc,metaspace] Narrow klass base: 0x00007f4d3f000000, Narrow klass shift: 0, Narrow klass range: 0x100000000
[2025-06-26T09:53:19.750+0000][gc,start    ] GC(0) Pause Young (Normal) (G1 Evacuation Pause)
[2025-06-26T09:53:19.751+0000][gc,task     ] GC(0) Using 2 workers of 2 for evacuation
[2025-06-26T09:53:19.770+0000][gc,phases   ] GC(0)   Pre Evacuate Collection Set: 0.3ms
[2025-06-26T09:53:19.770+0000][gc,phases   ] GC(0)   Merge Heap Roots: 0.1ms
[2025-06-26T09:53:19.770+0000][gc,phases   ] GC(0)   Evacuate Collection Set: 18.2ms
[2025-06-26T09:53:19.770+0000][gc,phases   ] GC(0)   Post Evacuate Collection Set: 1.0ms
[2025-06-26T09:53:19.770+0000][gc,phases   ] GC(0)   Other: 0.3ms
[2025-06-26T09:53:19.770+0000][gc,heap     ] GC(0) Eden regions: 51->0(44)
[2025-06-26T09:53:19.771+0000][gc,heap     ] GC(0) Survivor regions: 0->7(7)
[2025-06-26T09:53:19.771+0000][gc,heap     ] GC(0) Old regions: 0->2
[2025-06-26T09:53:19.771+0000][gc,heap     ] GC(0) Archive regions: 2->2
[2025-06-26T09:53:19.771+0000][gc,heap     ] GC(0) Humongous regions: 0->0
[2025-06-26T09:53:19.771+0000][gc,metaspace] GC(0) Metaspace: 17881K(18112K)->17881K(18112K) NonClass: 15717K(15808K)->15717K(15808K) Class: 2164K(2304K)->2164K(2304K)
[2025-06-26T09:53:19.771+0000][gc          ] GC(0) Pause Young (Normal) (G1 Evacuation Pause) 51M->8M(1024M) 20.057ms
[2025-06-26T09:53:19.771+0000][gc,cpu      ] GC(0) User=0.02s Sys=0.00s Real=0.02s
[2025-06-26T09:53:20.108+0000][gc,start    ] GC(1) Pause Young (Concurrent Start) (Metadata GC Threshold)
[2025-06-26T09:53:20.108+0000][gc,task     ] GC(1) Using 2 workers of 2 for evacuation
[2025-06-26T09:53:20.124+0000][gc,phases   ] GC(1)   Pre Evacuate Collection Set: 0.7ms
[2025-06-26T09:53:20.124+0000][gc,phases   ] GC(1)   Merge Heap Roots: 0.1ms
[2025-06-26T09:53:20.124+0000][gc,phases   ] GC(1)   Evacuate Collection Set: 14.0ms
[2025-06-26T09:53:20.124+0000][gc,phases   ] GC(1)   Post Evacuate Collection Set: 0.8ms
[2025-06-26T09:53:20.124+0000][gc,phases   ] GC(1)   Other: 0.2ms
[2025-06-26T09:53:20.124+0000][gc,heap     ] GC(1) Eden regions: 14->0(50)
[2025-06-26T09:53:20.124+0000][gc,heap     ] GC(1) Survivor regions: 7->1(7)
[2025-06-26T09:53:20.124+0000][gc,heap     ] GC(1) Old regions: 2->8
[2025-06-26T09:53:20.124+0000][gc,heap     ] GC(1) Archive regions: 2->2
[2025-06-26T09:53:20.124+0000][gc,heap     ] GC(1) Humongous regions: 0->0
[2025-06-26T09:53:20.124+0000][gc,metaspace] GC(1) Metaspace: 21289K(21504K)->21289K(21504K) NonClass: 18696K(18816K)->18696K(18816K) Class: 2593K(2688K)->2593K(2688K)
[2025-06-26T09:53:20.124+0000][gc          ] GC(1) Pause Young (Concurrent Start) (Metadata GC Threshold) 22M->9M(1024M) 15.967ms
[2025-06-26T09:53:20.124+0000][gc,cpu      ] GC(1) User=0.02s Sys=0.01s Real=0.01s
[2025-06-26T09:53:20.124+0000][gc          ] GC(2) Concurrent Mark Cycle
[2025-06-26T09:53:20.124+0000][gc,marking  ] GC(2) Concurrent Clear Claimed Marks
[2025-06-26T09:53:20.124+0000][gc,marking  ] GC(2) Concurrent Clear Claimed Marks 0.017ms
[2025-06-26T09:53:20.124+0000][gc,marking  ] GC(2) Concurrent Scan Root Regions
[2025-06-26T09:53:20.128+0000][gc,marking  ] GC(2) Concurrent Scan Root Regions 3.804ms
[2025-06-26T09:53:20.128+0000][gc,marking  ] GC(2) Concurrent Mark
[2025-06-26T09:53:20.128+0000][gc,marking  ] GC(2) Concurrent Mark From Roots
[2025-06-26T09:53:20.128+0000][gc,task     ] GC(2) Using 1 workers of 1 for marking
[2025-06-26T09:53:20.136+0000][gc,marking  ] GC(2) Concurrent Mark From Roots 7.799ms
[2025-06-26T09:53:20.136+0000][gc,marking  ] GC(2) Concurrent Preclean
[2025-06-26T09:53:20.136+0000][gc,marking  ] GC(2) Concurrent Preclean 0.042ms
[2025-06-26T09:53:20.136+0000][gc,start    ] GC(2) Pause Remark
[2025-06-26T09:53:20.139+0000][gc          ] GC(2) Pause Remark 10M->10M(1024M) 2.855ms
[2025-06-26T09:53:20.139+0000][gc,cpu      ] GC(2) User=0.01s Sys=0.00s Real=0.01s
[2025-06-26T09:53:20.139+0000][gc,marking  ] GC(2) Concurrent Mark 11.176ms
[2025-06-26T09:53:20.139+0000][gc,marking  ] GC(2) Concurrent Rebuild Remembered Sets
[2025-06-26T09:53:20.139+0000][gc,marking  ] GC(2) Concurrent Rebuild Remembered Sets 0.007ms
[2025-06-26T09:53:20.139+0000][gc,start    ] GC(2) Pause Cleanup
[2025-06-26T09:53:20.139+0000][gc          ] GC(2) Pause Cleanup 10M->10M(1024M) 0.015ms
[2025-06-26T09:53:20.139+0000][gc,cpu      ] GC(2) User=0.00s Sys=0.00s Real=0.00s
[2025-06-26T09:53:20.139+0000][gc,marking  ] GC(2) Concurrent Cleanup for Next Mark
[2025-06-26T09:53:20.163+0000][gc,marking  ] GC(2) Concurrent Cleanup for Next Mark 23.614ms
[2025-06-26T09:53:20.163+0000][gc          ] GC(2) Concurrent Mark Cycle 38.908ms
[2025-06-26T09:53:21.403+0000][gc,start    ] GC(3) Pause Young (Normal) (G1 Evacuation Pause)
[2025-06-26T09:53:21.403+0000][gc,task     ] GC(3) Using 2 workers of 2 for evacuation
[2025-06-26T09:53:21.427+0000][gc,mmu      ] GC(3) MMU target violated: 21.0ms (20.0ms/21.0ms)
[2025-06-26T09:53:21.428+0000][gc,phases   ] GC(3)   Pre Evacuate Collection Set: 0.2ms
[2025-06-26T09:53:21.428+0000][gc,phases   ] GC(3)   Merge Heap Roots: 0.1ms
[2025-06-26T09:53:21.428+0000][gc,phases   ] GC(3)   Evacuate Collection Set: 22.8ms
[2025-06-26T09:53:21.428+0000][gc,phases   ] GC(3)   Post Evacuate Collection Set: 1.1ms
[2025-06-26T09:53:21.428+0000][gc,phases   ] GC(3)   Other: 0.2ms
[2025-06-26T09:53:21.428+0000][gc,heap     ] GC(3) Eden regions: 50->0(45)
[2025-06-26T09:53:21.428+0000][gc,heap     ] GC(3) Survivor regions: 1->6(7)
[2025-06-26T09:53:21.428+0000][gc,heap     ] GC(3) Old regions: 8->8
[2025-06-26T09:53:21.428+0000][gc,heap     ] GC(3) Archive regions: 2->2
[2025-06-26T09:53:21.428+0000][gc,heap     ] GC(3) Humongous regions: 129->129
[2025-06-26T09:53:21.428+0000][gc,metaspace] GC(3) Metaspace: 31040K(31360K)->31040K(31360K) NonClass: 27551K(27712K)->27551K(27712K) Class: 3488K(3648K)->3488K(3648K)
[2025-06-26T09:53:21.428+0000][gc          ] GC(3) Pause Young (Normal) (G1 Evacuation Pause) 188M->143M(1024M) 24.482ms
[2025-06-26T09:53:21.428+0000][gc,cpu      ] GC(3) User=0.02s Sys=0.02s Real=0.03s
[2025-06-26T09:53:21.987+0000][gc,start    ] GC(4) Pause Young (Concurrent Start) (Metadata GC Threshold)
[2025-06-26T09:53:21.987+0000][gc,task     ] GC(4) Using 2 workers of 2 for evacuation
[2025-06-26T09:53:22.025+0000][gc,mmu      ] GC(4) MMU target violated: 21.0ms (20.0ms/21.0ms)
[2025-06-26T09:53:22.025+0000][gc,phases   ] GC(4)   Pre Evacuate Collection Set: 0.2ms
[2025-06-26T09:53:22.025+0000][gc,phases   ] GC(4)   Merge Heap Roots: 0.1ms
[2025-06-26T09:53:22.025+0000][gc,phases   ] GC(4)   Evacuate Collection Set: 37.3ms
[2025-06-26T09:53:22.025+0000][gc,phases   ] GC(4)   Post Evacuate Collection Set: 0.6ms
[2025-06-26T09:53:22.025+0000][gc,phases   ] GC(4)   Other: 0.2ms
[2025-06-26T09:53:22.025+0000][gc,heap     ] GC(4) Eden regions: 21->0(49)
[2025-06-26T09:53:22.025+0000][gc,heap     ] GC(4) Survivor regions: 6->2(7)
[2025-06-26T09:53:22.025+0000][gc,heap     ] GC(4) Old regions: 8->14
[2025-06-26T09:53:22.025+0000][gc,heap     ] GC(4) Archive regions: 2->2
[2025-06-26T09:53:22.025+0000][gc,heap     ] GC(4) Humongous regions: 129->129
[2025-06-26T09:53:22.025+0000][gc,metaspace] GC(4) Metaspace: 35815K(36096K)->35815K(36096K) NonClass: 31811K(31936K)->31811K(31936K) Class: 4003K(4160K)->4003K(4160K)
[2025-06-26T09:53:22.025+0000][gc          ] GC(4) Pause Young (Concurrent Start) (Metadata GC Threshold) 163M->145M(1024M) 38.607ms
[2025-06-26T09:53:22.025+0000][gc,cpu      ] GC(4) User=0.07s Sys=0.00s Real=0.03s
[2025-06-26T09:53:22.025+0000][gc          ] GC(5) Concurrent Mark Cycle
[2025-06-26T09:53:22.025+0000][gc,marking  ] GC(5) Concurrent Clear Claimed Marks
[2025-06-26T09:53:22.025+0000][gc,marking  ] GC(5) Concurrent Clear Claimed Marks 0.027ms
[2025-06-26T09:53:22.025+0000][gc,marking  ] GC(5) Concurrent Scan Root Regions
[2025-06-26T09:53:22.044+0000][gc,marking  ] GC(5) Concurrent Scan Root Regions 18.430ms
[2025-06-26T09:53:22.044+0000][gc,marking  ] GC(5) Concurrent Mark
[2025-06-26T09:53:22.044+0000][gc,marking  ] GC(5) Concurrent Mark From Roots
[2025-06-26T09:53:22.044+0000][gc,task     ] GC(5) Using 1 workers of 1 for marking
[2025-06-26T09:53:22.075+0000][gc,marking  ] GC(5) Concurrent Mark From Roots 30.978ms
[2025-06-26T09:53:22.075+0000][gc,marking  ] GC(5) Concurrent Preclean
[2025-06-26T09:53:22.075+0000][gc,marking  ] GC(5) Concurrent Preclean 0.105ms
[2025-06-26T09:53:22.086+0000][gc,start    ] GC(5) Pause Remark
[2025-06-26T09:53:22.089+0000][gc          ] GC(5) Pause Remark 148M->148M(1024M) 3.368ms
[2025-06-26T09:53:22.089+0000][gc,cpu      ] GC(5) User=0.01s Sys=0.00s Real=0.01s
[2025-06-26T09:53:22.089+0000][gc,marking  ] GC(5) Concurrent Mark 45.320ms
[2025-06-26T09:53:22.089+0000][gc,marking  ] GC(5) Concurrent Rebuild Remembered Sets
[2025-06-26T09:53:22.119+0000][gc,marking  ] GC(5) Concurrent Rebuild Remembered Sets 29.655ms
[2025-06-26T09:53:22.141+0000][gc,start    ] GC(5) Pause Cleanup
[2025-06-26T09:53:22.142+0000][gc          ] GC(5) Pause Cleanup 149M->149M(1024M) 0.194ms
[2025-06-26T09:53:22.142+0000][gc,cpu      ] GC(5) User=0.00s Sys=0.00s Real=0.00s
[2025-06-26T09:53:22.142+0000][gc,marking  ] GC(5) Concurrent Cleanup for Next Mark
[2025-06-26T09:53:22.185+0000][gc,marking  ] GC(5) Concurrent Cleanup for Next Mark 42.979ms
[2025-06-26T09:53:22.185+0000][gc          ] GC(5) Concurrent Mark Cycle 159.542ms
[2025-06-26T09:53:37.025+0000][gc,start    ] GC(6) Pause Young (Concurrent Start) (G1 Evacuation Pause)
[2025-06-26T09:53:37.025+0000][gc,task     ] GC(6) Using 2 workers of 2 for evacuation
[2025-06-26T09:53:37.069+0000][gc,mmu      ] GC(6) MMU target violated: 21.0ms (20.0ms/21.0ms)
[2025-06-26T09:53:37.069+0000][gc,phases   ] GC(6)   Pre Evacuate Collection Set: 0.6ms
[2025-06-26T09:53:37.069+0000][gc,phases   ] GC(6)   Merge Heap Roots: 0.2ms
[2025-06-26T09:53:37.069+0000][gc,phases   ] GC(6)   Evacuate Collection Set: 37.9ms
[2025-06-26T09:53:37.069+0000][gc,phases   ] GC(6)   Post Evacuate Collection Set: 4.6ms
[2025-06-26T09:53:37.069+0000][gc,phases   ] GC(6)   Other: 0.3ms
[2025-06-26T09:53:37.069+0000][gc,heap     ] GC(6) Eden regions: 49->0(47)
[2025-06-26T09:53:37.069+0000][gc,heap     ] GC(6) Survivor regions: 2->4(7)
[2025-06-26T09:53:37.069+0000][gc,heap     ] GC(6) Old regions: 14->14
[2025-06-26T09:53:37.069+0000][gc,heap     ] GC(6) Archive regions: 2->2
[2025-06-26T09:53:37.069+0000][gc,heap     ] GC(6) Humongous regions: 135->129
[2025-06-26T09:53:37.069+0000][gc,metaspace] GC(6) Metaspace: 42107K(42624K)->42107K(42624K) NonClass: 37177K(37440K)->37177K(37440K) Class: 4929K(5184K)->4929K(5184K)
[2025-06-26T09:53:37.069+0000][gc          ] GC(6) Pause Young (Concurrent Start) (G1 Evacuation Pause) 200M->147M(1024M) 43.702ms
[2025-06-26T09:53:37.069+0000][gc,cpu      ] GC(6) User=0.02s Sys=0.00s Real=0.05s
[2025-06-26T09:53:37.069+0000][gc          ] GC(7) Concurrent Mark Cycle
[2025-06-26T09:53:37.069+0000][gc,marking  ] GC(7) Concurrent Clear Claimed Marks
[2025-06-26T09:53:37.069+0000][gc,marking  ] GC(7) Concurrent Clear Claimed Marks 0.050ms
[2025-06-26T09:53:37.069+0000][gc,marking  ] GC(7) Concurrent Scan Root Regions
[2025-06-26T09:53:37.078+0000][gc,marking  ] GC(7) Concurrent Scan Root Regions 9.177ms
[2025-06-26T09:53:37.078+0000][gc,marking  ] GC(7) Concurrent Mark
[2025-06-26T09:53:37.078+0000][gc,marking  ] GC(7) Concurrent Mark From Roots
[2025-06-26T09:53:37.078+0000][gc,task     ] GC(7) Using 1 workers of 1 for marking
[2025-06-26T09:53:37.197+0000][gc,marking  ] GC(7) Concurrent Mark From Roots 118.591ms
[2025-06-26T09:53:37.197+0000][gc,marking  ] GC(7) Concurrent Preclean
[2025-06-26T09:53:37.197+0000][gc,marking  ] GC(7) Concurrent Preclean 0.160ms
[2025-06-26T09:53:37.197+0000][gc,start    ] GC(7) Pause Remark
[2025-06-26T09:53:37.219+0000][gc,mmu      ] GC(7) MMU target violated: 21.0ms (20.0ms/21.0ms)
[2025-06-26T09:53:37.219+0000][gc          ] GC(7) Pause Remark 148M->148M(1024M) 22.190ms
[2025-06-26T09:53:37.219+0000][gc,cpu      ] GC(7) User=0.01s Sys=0.00s Real=0.02s
[2025-06-26T09:53:37.219+0000][gc,marking  ] GC(7) Concurrent Mark 141.243ms
[2025-06-26T09:53:37.219+0000][gc,marking  ] GC(7) Concurrent Rebuild Remembered Sets
[2025-06-26T09:53:37.252+0000][gc,marking  ] GC(7) Concurrent Rebuild Remembered Sets 32.688ms
[2025-06-26T09:53:37.252+0000][gc,start    ] GC(7) Pause Cleanup
[2025-06-26T09:53:37.253+0000][gc          ] GC(7) Pause Cleanup 148M->148M(1024M) 0.270ms
[2025-06-26T09:53:37.253+0000][gc,cpu      ] GC(7) User=0.00s Sys=0.00s Real=0.00s
[2025-06-26T09:53:37.253+0000][gc,marking  ] GC(7) Concurrent Cleanup for Next Mark
[2025-06-26T09:53:37.285+0000][gc,marking  ] GC(7) Concurrent Cleanup for Next Mark 32.248ms
[2025-06-26T09:53:37.285+0000][gc          ] GC(7) Concurrent Mark Cycle 216.032ms
[2025-06-26T09:54:02.846+0000][gc,start    ] GC(8) Pause Young (Normal) (G1 Evacuation Pause)
[2025-06-26T09:54:02.846+0000][gc,task     ] GC(8) Using 2 workers of 2 for evacuation
[2025-06-26T09:54:02.878+0000][gc,mmu      ] GC(8) MMU target violated: 21.0ms (20.0ms/21.0ms)
[2025-06-26T09:54:02.878+0000][gc,phases   ] GC(8)   Pre Evacuate Collection Set: 1.1ms
[2025-06-26T09:54:02.878+0000][gc,phases   ] GC(8)   Merge Heap Roots: 0.1ms
[2025-06-26T09:54:02.878+0000][gc,phases   ] GC(8)   Evacuate Collection Set: 28.6ms
[2025-06-26T09:54:02.878+0000][gc,phases   ] GC(8)   Post Evacuate Collection Set: 1.3ms
[2025-06-26T09:54:02.878+0000][gc,phases   ] GC(8)   Other: 0.2ms
[2025-06-26T09:54:02.878+0000][gc,heap     ] GC(8) Eden regions: 47->0(48)
[2025-06-26T09:54:02.878+0000][gc,heap     ] GC(8) Survivor regions: 4->3(7)
[2025-06-26T09:54:02.878+0000][gc,heap     ] GC(8) Old regions: 14->15
[2025-06-26T09:54:02.878+0000][gc,heap     ] GC(8) Archive regions: 2->2
[2025-06-26T09:54:02.878+0000][gc,heap     ] GC(8) Humongous regions: 129->129
[2025-06-26T09:54:02.878+0000][gc,metaspace] GC(8) Metaspace: 42660K(43200K)->42660K(43200K) NonClass: 37654K(37952K)->37654K(37952K) Class: 5005K(5248K)->5005K(5248K)
[2025-06-26T09:54:02.878+0000][gc          ] GC(8) Pause Young (Normal) (G1 Evacuation Pause) 194M->147M(1024M) 31.447ms
[2025-06-26T09:54:02.878+0000][gc,cpu      ] GC(8) User=0.02s Sys=0.00s Real=0.04s
[2025-06-26T09:54:29.034+0000][gc,start    ] GC(9) Pause Young (Normal) (G1 Evacuation Pause)
[2025-06-26T09:54:29.034+0000][gc,task     ] GC(9) Using 2 workers of 2 for evacuation
[2025-06-26T09:54:29.055+0000][gc,mmu      ] GC(9) MMU target violated: 20.4ms (20.0ms/21.0ms)
[2025-06-26T09:54:29.055+0000][gc,phases   ] GC(9)   Pre Evacuate Collection Set: 0.2ms
[2025-06-26T09:54:29.055+0000][gc,phases   ] GC(9)   Merge Heap Roots: 0.1ms
[2025-06-26T09:54:29.055+0000][gc,phases   ] GC(9)   Evacuate Collection Set: 19.2ms
[2025-06-26T09:54:29.055+0000][gc,phases   ] GC(9)   Post Evacuate Collection Set: 0.9ms
[2025-06-26T09:54:29.055+0000][gc,phases   ] GC(9)   Other: 0.2ms
[2025-06-26T09:54:29.055+0000][gc,heap     ] GC(9) Eden regions: 48->0(48)
[2025-06-26T09:54:29.055+0000][gc,heap     ] GC(9) Survivor regions: 3->3(7)
[2025-06-26T09:54:29.055+0000][gc,heap     ] GC(9) Old regions: 15->15
[2025-06-26T09:54:29.055+0000][gc,heap     ] GC(9) Archive regions: 2->2
[2025-06-26T09:54:29.055+0000][gc,heap     ] GC(9) Humongous regions: 129->129
[2025-06-26T09:54:29.055+0000][gc,metaspace] GC(9) Metaspace: 42676K(43264K)->42676K(43264K) NonClass: 37670K(38016K)->37670K(38016K) Class: 5006K(5248K)->5006K(5248K)
[2025-06-26T09:54:29.055+0000][gc          ] GC(9) Pause Young (Normal) (G1 Evacuation Pause) 195M->147M(1024M) 20.747ms
[2025-06-26T09:54:29.055+0000][gc,cpu      ] GC(9) User=0.01s Sys=0.00s Real=0.02s
[2025-06-26T09:54:56.091+0000][gc,start    ] GC(10) Pause Young (Normal) (G1 Evacuation Pause)
[2025-06-26T09:54:56.091+0000][gc,task     ] GC(10) Using 2 workers of 2 for evacuation
[2025-06-26T09:54:56.123+0000][gc,mmu      ] GC(10) MMU target violated: 21.0ms (20.0ms/21.0ms)
[2025-06-26T09:54:56.123+0000][gc,phases   ] GC(10)   Pre Evacuate Collection Set: 1.1ms
[2025-06-26T09:54:56.123+0000][gc,phases   ] GC(10)   Merge Heap Roots: 0.1ms
[2025-06-26T09:54:56.123+0000][gc,phases   ] GC(10)   Evacuate Collection Set: 30.1ms
[2025-06-26T09:54:56.123+0000][gc,phases   ] GC(10)   Post Evacuate Collection Set: 0.9ms
[2025-06-26T09:54:56.123+0000][gc,phases   ] GC(10)   Other: 0.2ms
[2025-06-26T09:54:56.123+0000][gc,heap     ] GC(10) Eden regions: 48->0(47)
[2025-06-26T09:54:56.123+0000][gc,heap     ] GC(10) Survivor regions: 3->4(7)
[2025-06-26T09:54:56.123+0000][gc,heap     ] GC(10) Old regions: 15->15
[2025-06-26T09:54:56.123+0000][gc,heap     ] GC(10) Archive regions: 2->2
[2025-06-26T09:54:56.123+0000][gc,heap     ] GC(10) Humongous regions: 129->129
[2025-06-26T09:54:56.123+0000][gc,metaspace] GC(10) Metaspace: 42698K(43264K)->42698K(43264K) NonClass: 37691K(38016K)->37691K(38016K) Class: 5006K(5248K)->5006K(5248K)
[2025-06-26T09:54:56.123+0000][gc          ] GC(10) Pause Young (Normal) (G1 Evacuation Pause) 195M->148M(1024M) 32.554ms
[2025-06-26T09:54:56.123+0000][gc,cpu      ] GC(10) User=0.02s Sys=0.00s Real=0.03s
[2025-06-26T09:55:24.187+0000][gc,start    ] GC(11) Pause Young (Normal) (G1 Evacuation Pause)
[2025-06-26T09:55:24.187+0000][gc,task     ] GC(11) Using 2 workers of 2 for evacuation
[2025-06-26T09:55:24.218+0000][gc,mmu      ] GC(11) MMU target violated: 21.0ms (20.0ms/21.0ms)
[2025-06-26T09:55:24.218+0000][gc,phases   ] GC(11)   Pre Evacuate Collection Set: 0.8ms
[2025-06-26T09:55:24.218+0000][gc,phases   ] GC(11)   Merge Heap Roots: 0.1ms
[2025-06-26T09:55:24.219+0000][gc,phases   ] GC(11)   Evacuate Collection Set: 29.8ms
[2025-06-26T09:55:24.219+0000][gc,phases   ] GC(11)   Post Evacuate Collection Set: 1.0ms
[2025-06-26T09:55:24.219+0000][gc,phases   ] GC(11)   Other: 0.2ms
[2025-06-26T09:55:24.219+0000][gc,heap     ] GC(11) Eden regions: 47->0(48)
[2025-06-26T09:55:24.219+0000][gc,heap     ] GC(11) Survivor regions: 4->3(7)
[2025-06-26T09:55:24.219+0000][gc,heap     ] GC(11) Old regions: 15->15
[2025-06-26T09:55:24.219+0000][gc,heap     ] GC(11) Archive regions: 2->2
[2025-06-26T09:55:24.219+0000][gc,heap     ] GC(11) Humongous regions: 129->129
[2025-06-26T09:55:24.219+0000][gc,metaspace] GC(11) Metaspace: 42721K(43264K)->42721K(43264K) NonClass: 37715K(38016K)->37715K(38016K) Class: 5006K(5248K)->5006K(5248K)
[2025-06-26T09:55:24.219+0000][gc          ] GC(11) Pause Young (Normal) (G1 Evacuation Pause) 195M->147M(1024M) 32.083ms
[2025-06-26T09:55:24.219+0000][gc,cpu      ] GC(11) User=0.01s Sys=0.00s Real=0.03s
[2025-06-26T09:55:53.444+0000][gc,start    ] GC(12) Pause Young (Normal) (G1 Evacuation Pause)
[2025-06-26T09:55:53.445+0000][gc,task     ] GC(12) Using 2 workers of 2 for evacuation
[2025-06-26T09:55:53.468+0000][gc,mmu      ] GC(12) MMU target violated: 21.0ms (20.0ms/21.0ms)
[2025-06-26T09:55:53.468+0000][gc,phases   ] GC(12)   Pre Evacuate Collection Set: 1.9ms
[2025-06-26T09:55:53.468+0000][gc,phases   ] GC(12)   Merge Heap Roots: 0.1ms
[2025-06-26T09:55:53.468+0000][gc,phases   ] GC(12)   Evacuate Collection Set: 20.4ms
[2025-06-26T09:55:53.468+0000][gc,phases   ] GC(12)   Post Evacuate Collection Set: 1.0ms
[2025-06-26T09:55:53.468+0000][gc,phases   ] GC(12)   Other: 0.2ms
[2025-06-26T09:55:53.468+0000][gc,heap     ] GC(12) Eden regions: 48->0(48)
[2025-06-26T09:55:53.468+0000][gc,heap     ] GC(12) Survivor regions: 3->3(7)
[2025-06-26T09:55:53.468+0000][gc,heap     ] GC(12) Old regions: 15->15
[2025-06-26T09:55:53.468+0000][gc,heap     ] GC(12) Archive regions: 2->2
[2025-06-26T09:55:53.468+0000][gc,heap     ] GC(12) Humongous regions: 129->129
[2025-06-26T09:55:53.468+0000][gc,metaspace] GC(12) Metaspace: 42788K(43328K)->42788K(43328K) NonClass: 37781K(38080K)->37781K(38080K) Class: 5006K(5248K)->5006K(5248K)
[2025-06-26T09:55:53.468+0000][gc          ] GC(12) Pause Young (Normal) (G1 Evacuation Pause) 195M->147M(1024M) 23.749ms
[2025-06-26T09:55:53.468+0000][gc,cpu      ] GC(12) User=0.01s Sys=0.00s Real=0.03s
[2025-06-26T09:56:22.845+0000][gc,start    ] GC(13) Pause Young (Normal) (G1 Evacuation Pause)
[2025-06-26T09:56:22.845+0000][gc,task     ] GC(13) Using 2 workers of 2 for evacuation
[2025-06-26T09:56:22.864+0000][gc,phases   ] GC(13)   Pre Evacuate Collection Set: 0.3ms
[2025-06-26T09:56:22.864+0000][gc,phases   ] GC(13)   Merge Heap Roots: 0.2ms
[2025-06-26T09:56:22.864+0000][gc,phases   ] GC(13)   Evacuate Collection Set: 17.6ms
[2025-06-26T09:56:22.864+0000][gc,phases   ] GC(13)   Post Evacuate Collection Set: 1.0ms
[2025-06-26T09:56:22.864+0000][gc,phases   ] GC(13)   Other: 0.2ms
[2025-06-26T09:56:22.864+0000][gc,heap     ] GC(13) Eden regions: 48->0(47)
[2025-06-26T09:56:22.864+0000][gc,heap     ] GC(13) Survivor regions: 3->4(7)
[2025-06-26T09:56:22.864+0000][gc,heap     ] GC(13) Old regions: 15->15
[2025-06-26T09:56:22.864+0000][gc,heap     ] GC(13) Archive regions: 2->2
[2025-06-26T09:56:22.864+0000][gc,heap     ] GC(13) Humongous regions: 129->129
[2025-06-26T09:56:22.864+0000][gc,metaspace] GC(13) Metaspace: 42795K(43328K)->42795K(43328K) NonClass: 37788K(38080K)->37788K(38080K) Class: 5006K(5248K)->5006K(5248K)
[2025-06-26T09:56:22.864+0000][gc          ] GC(13) Pause Young (Normal) (G1 Evacuation Pause) 195M->148M(1024M) 19.449ms
[2025-06-26T09:56:22.864+0000][gc,cpu      ] GC(13) User=0.02s Sys=0.00s Real=0.02s
[2025-06-26T09:56:51.677+0000][gc,start    ] GC(14) Pause Young (Normal) (G1 Evacuation Pause)
[2025-06-26T09:56:51.677+0000][gc,task     ] GC(14) Using 2 workers of 2 for evacuation
[2025-06-26T09:56:51.709+0000][gc,mmu      ] GC(14) MMU target violated: 21.0ms (20.0ms/21.0ms)
[2025-06-26T09:56:51.709+0000][gc,phases   ] GC(14)   Pre Evacuate Collection Set: 0.8ms
[2025-06-26T09:56:51.709+0000][gc,phases   ] GC(14)   Merge Heap Roots: 0.1ms
[2025-06-26T09:56:51.709+0000][gc,phases   ] GC(14)   Evacuate Collection Set: 20.2ms
[2025-06-26T09:56:51.709+0000][gc,phases   ] GC(14)   Post Evacuate Collection Set: 10.9ms
[2025-06-26T09:56:51.709+0000][gc,phases   ] GC(14)   Other: 0.2ms
[2025-06-26T09:56:51.709+0000][gc,heap     ] GC(14) Eden regions: 47->0(47)
[2025-06-26T09:56:51.709+0000][gc,heap     ] GC(14) Survivor regions: 4->4(7)
[2025-06-26T09:56:51.709+0000][gc,heap     ] GC(14) Old regions: 15->15
[2025-06-26T09:56:51.709+0000][gc,heap     ] GC(14) Archive regions: 2->2
[2025-06-26T09:56:51.709+0000][gc,heap     ] GC(14) Humongous regions: 129->129
[2025-06-26T09:56:51.709+0000][gc,metaspace] GC(14) Metaspace: 42798K(43328K)->42798K(43328K) NonClass: 37791K(38080K)->37791K(38080K) Class: 5006K(5248K)->5006K(5248K)
[2025-06-26T09:56:51.709+0000][gc          ] GC(14) Pause Young (Normal) (G1 Evacuation Pause) 195M->148M(1024M) 32.317ms
[2025-06-26T09:56:51.709+0000][gc,cpu      ] GC(14) User=0.02s Sys=0.00s Real=0.03s
[2025-06-26T09:57:21.172+0000][gc,start    ] GC(15) Pause Young (Normal) (G1 Evacuation Pause)
[2025-06-26T09:57:21.172+0000][gc,task     ] GC(15) Using 2 workers of 2 for evacuation
[2025-06-26T09:57:21.195+0000][gc,mmu      ] GC(15) MMU target violated: 21.0ms (20.0ms/21.0ms)
[2025-06-26T09:57:21.195+0000][gc,phases   ] GC(15)   Pre Evacuate Collection Set: 4.4ms
[2025-06-26T09:57:21.195+0000][gc,phases   ] GC(15)   Merge Heap Roots: 0.2ms
[2025-06-26T09:57:21.196+0000][gc,phases   ] GC(15)   Evacuate Collection Set: 17.6ms
[2025-06-26T09:57:21.196+0000][gc,phases   ] GC(15)   Post Evacuate Collection Set: 1.0ms
[2025-06-26T09:57:21.196+0000][gc,phases   ] GC(15)   Other: 0.2ms
[2025-06-26T09:57:21.196+0000][gc,heap     ] GC(15) Eden regions: 47->0(47)
[2025-06-26T09:57:21.196+0000][gc,heap     ] GC(15) Survivor regions: 4->4(7)
[2025-06-26T09:57:21.196+0000][gc,heap     ] GC(15) Old regions: 15->15
[2025-06-26T09:57:21.196+0000][gc,heap     ] GC(15) Archive regions: 2->2
[2025-06-26T09:57:21.196+0000][gc,heap     ] GC(15) Humongous regions: 129->129
[2025-06-26T09:57:21.196+0000][gc,metaspace] GC(15) Metaspace: 42800K(43328K)->42800K(43328K) NonClass: 37793K(38080K)->37793K(38080K) Class: 5006K(5248K)->5006K(5248K)
[2025-06-26T09:57:21.196+0000][gc          ] GC(15) Pause Young (Normal) (G1 Evacuation Pause) 195M->148M(1024M) 23.485ms
[2025-06-26T09:57:21.196+0000][gc,cpu      ] GC(15) User=0.01s Sys=0.00s Real=0.02s
[2025-06-26T09:57:50.482+0000][gc,start    ] GC(16) Pause Young (Normal) (G1 Evacuation Pause)
[2025-06-26T09:57:50.482+0000][gc,task     ] GC(16) Using 2 workers of 2 for evacuation
[2025-06-26T09:57:50.496+0000][gc,phases   ] GC(16)   Pre Evacuate Collection Set: 3.4ms
[2025-06-26T09:57:50.496+0000][gc,phases   ] GC(16)   Merge Heap Roots: 0.1ms
[2025-06-26T09:57:50.496+0000][gc,phases   ] GC(16)   Evacuate Collection Set: 6.5ms
[2025-06-26T09:57:50.496+0000][gc,phases   ] GC(16)   Post Evacuate Collection Set: 4.3ms
[2025-06-26T09:57:50.496+0000][gc,phases   ] GC(16)   Other: 0.2ms
[2025-06-26T09:57:50.496+0000][gc,heap     ] GC(16) Eden regions: 47->0(48)
[2025-06-26T09:57:50.496+0000][gc,heap     ] GC(16) Survivor regions: 4->3(7)
[2025-06-26T09:57:50.496+0000][gc,heap     ] GC(16) Old regions: 15->15
[2025-06-26T09:57:50.496+0000][gc,heap     ] GC(16) Archive regions: 2->2
[2025-06-26T09:57:50.496+0000][gc,heap     ] GC(16) Humongous regions: 129->129
[2025-06-26T09:57:50.496+0000][gc,metaspace] GC(16) Metaspace: 42808K(43328K)->42808K(43328K) NonClass: 37801K(38080K)->37801K(38080K) Class: 5006K(5248K)->5006K(5248K)
[2025-06-26T09:57:50.496+0000][gc          ] GC(16) Pause Young (Normal) (G1 Evacuation Pause) 195M->147M(1024M) 14.505ms
[2025-06-26T09:57:50.496+0000][gc,cpu      ] GC(16) User=0.01s Sys=0.00s Real=0.01s
[2025-06-26T09:58:11.644+0000][gc,start    ] GC(17) Pause Young (Normal) (G1 Evacuation Pause)
[2025-06-26T09:58:11.644+0000][gc,task     ] GC(17) Using 2 workers of 2 for evacuation
[2025-06-26T09:58:11.668+0000][gc,mmu      ] GC(17) MMU target violated: 21.0ms (20.0ms/21.0ms)
[2025-06-26T09:58:11.668+0000][gc,phases   ] GC(17)   Pre Evacuate Collection Set: 2.9ms
[2025-06-26T09:58:11.668+0000][gc,phases   ] GC(17)   Merge Heap Roots: 0.1ms
[2025-06-26T09:58:11.668+0000][gc,phases   ] GC(17)   Evacuate Collection Set: 19.7ms
[2025-06-26T09:58:11.668+0000][gc,phases   ] GC(17)   Post Evacuate Collection Set: 1.1ms
[2025-06-26T09:58:11.668+0000][gc,phases   ] GC(17)   Other: 0.2ms
[2025-06-26T09:58:11.668+0000][gc,heap     ] GC(17) Eden regions: 48->0(47)
[2025-06-26T09:58:11.668+0000][gc,heap     ] GC(17) Survivor regions: 3->4(7)
[2025-06-26T09:58:11.668+0000][gc,heap     ] GC(17) Old regions: 15->15
[2025-06-26T09:58:11.668+0000][gc,heap     ] GC(17) Archive regions: 2->2
[2025-06-26T09:58:11.668+0000][gc,heap     ] GC(17) Humongous regions: 129->129
[2025-06-26T09:58:11.668+0000][gc,metaspace] GC(17) Metaspace: 42853K(43456K)->42853K(43456K) NonClass: 37837K(38208K)->37837K(38208K) Class: 5016K(5248K)->5016K(5248K)
[2025-06-26T09:58:11.668+0000][gc          ] GC(17) Pause Young (Normal) (G1 Evacuation Pause) 195M->148M(1024M) 24.253ms
[2025-06-26T09:58:11.668+0000][gc,cpu      ] GC(17) User=0.01s Sys=0.00s Real=0.03s
[2025-06-26T09:58:32.490+0000][gc,start    ] GC(18) Pause Young (Normal) (G1 Evacuation Pause)
[2025-06-26T09:58:32.490+0000][gc,task     ] GC(18) Using 2 workers of 2 for evacuation
[2025-06-26T09:58:32.514+0000][gc,mmu      ] GC(18) MMU target violated: 21.0ms (20.0ms/21.0ms)
[2025-06-26T09:58:32.514+0000][gc,phases   ] GC(18)   Pre Evacuate Collection Set: 4.2ms
[2025-06-26T09:58:32.514+0000][gc,phases   ] GC(18)   Merge Heap Roots: 0.1ms
[2025-06-26T09:58:32.514+0000][gc,phases   ] GC(18)   Evacuate Collection Set: 18.5ms
[2025-06-26T09:58:32.514+0000][gc,phases   ] GC(18)   Post Evacuate Collection Set: 1.0ms
[2025-06-26T09:58:32.514+0000][gc,phases   ] GC(18)   Other: 0.2ms
[2025-06-26T09:58:32.514+0000][gc,heap     ] GC(18) Eden regions: 47->0(47)
[2025-06-26T09:58:32.514+0000][gc,heap     ] GC(18) Survivor regions: 4->4(7)
[2025-06-26T09:58:32.514+0000][gc,heap     ] GC(18) Old regions: 15->15
[2025-06-26T09:58:32.514+0000][gc,heap     ] GC(18) Archive regions: 2->2
[2025-06-26T09:58:32.514+0000][gc,heap     ] GC(18) Humongous regions: 129->129
[2025-06-26T09:58:32.514+0000][gc,metaspace] GC(18) Metaspace: 42861K(43456K)->42861K(43456K) NonClass: 37844K(38208K)->37844K(38208K) Class: 5016K(5248K)->5016K(5248K)
[2025-06-26T09:58:32.514+0000][gc          ] GC(18) Pause Young (Normal) (G1 Evacuation Pause) 195M->148M(1024M) 24.156ms
[2025-06-26T09:58:32.514+0000][gc,cpu      ] GC(18) User=0.02s Sys=0.00s Real=0.02s
[2025-06-26T10:14:07.600+0000][gc,start    ] GC(19) Pause Young (Normal) (G1 Evacuation Pause)
[2025-06-26T10:14:07.600+0000][gc,task     ] GC(19) Using 2 workers of 2 for evacuation
[2025-06-26T10:14:07.612+0000][gc,phases   ] GC(19)   Pre Evacuate Collection Set: 0.4ms
[2025-06-26T10:14:07.612+0000][gc,phases   ] GC(19)   Merge Heap Roots: 0.2ms
[2025-06-26T10:14:07.612+0000][gc,phases   ] GC(19)   Evacuate Collection Set: 10.1ms
[2025-06-26T10:14:07.612+0000][gc,phases   ] GC(19)   Post Evacuate Collection Set: 0.8ms
[2025-06-26T10:14:07.612+0000][gc,phases   ] GC(19)   Other: 0.2ms
[2025-06-26T10:14:07.612+0000][gc,heap     ] GC(19) Eden regions: 47->0(77)
[2025-06-26T10:14:07.612+0000][gc,heap     ] GC(19) Survivor regions: 4->4(7)
[2025-06-26T10:14:07.612+0000][gc,heap     ] GC(19) Old regions: 15->15
[2025-06-26T10:14:07.612+0000][gc,heap     ] GC(19) Archive regions: 2->2
[2025-06-26T10:14:07.612+0000][gc,heap     ] GC(19) Humongous regions: 129->129
[2025-06-26T10:14:07.612+0000][gc,metaspace] GC(19) Metaspace: 43015K(43520K)->43015K(43520K) NonClass: 37982K(38272K)->37982K(38272K) Class: 5032K(5248K)->5032K(5248K)
[2025-06-26T10:14:07.612+0000][gc          ] GC(19) Pause Young (Normal) (G1 Evacuation Pause) 195M->148M(1024M) 11.791ms
[2025-06-26T10:14:07.612+0000][gc,cpu      ] GC(19) User=0.02s Sys=0.00s Real=0.01s
[2025-06-26T10:14:52.185+0000][gc,heap,exit] Heap
[2025-06-26T10:14:52.185+0000][gc,heap,exit]  garbage-first heap   total 1048576K, used 164137K [0x00000000c0000000, 0x0000000100000000)
[2025-06-26T10:14:52.185+0000][gc,heap,exit]   region size 1024K, 17 young (17408K), 4 survivors (4096K)
[2025-06-26T10:14:52.185+0000][gc,heap,exit]  Metaspace       used 43884K, committed 44416K, reserved 1114112K
[2025-06-26T10:14:52.185+0000][gc,heap,exit]   class space    used 5206K, committed 5440K, reserved 1048576K
