[2025-07-09T10:42:13.574+0000][gc] Using G1
[2025-07-09T10:42:13.591+0000][gc,init] Version: 17.0.15+6-LTS (release)
[2025-07-09T10:42:13.591+0000][gc,init] CPUs: 2 total, 2 available
[2025-07-09T10:42:13.591+0000][gc,init] Memory: 3827M
[2025-07-09T10:42:13.591+0000][gc,init] Large Page Support: Disabled
[2025-07-09T10:42:13.591+0000][gc,init] NUMA Support: Disabled
[2025-07-09T10:42:13.591+0000][gc,init] Compressed Oops: Enabled (32-bit)
[2025-07-09T10:42:13.591+0000][gc,init] Heap Region Size: 1M
[2025-07-09T10:42:13.591+0000][gc,init] Heap Min Capacity: 1G
[2025-07-09T10:42:13.591+0000][gc,init] Heap Initial Capacity: 1G
[2025-07-09T10:42:13.591+0000][gc,init] Heap Max Capacity: 1G
[2025-07-09T10:42:13.591+0000][gc,init] Pre-touch: Disabled
[2025-07-09T10:42:13.591+0000][gc,init] Parallel Workers: 2
[2025-07-09T10:42:13.591+0000][gc,init] Concurrent Workers: 1
[2025-07-09T10:42:13.591+0000][gc,init] Concurrent Refinement Workers: 2
[2025-07-09T10:42:13.591+0000][gc,init] Periodic GC: Disabled
[2025-07-09T10:42:13.602+0000][gc,metaspace] CDS archive(s) mapped at: [0x00007fdefb000000-0x00007fdefbbbe000-0x00007fdefbbbe000), size 12312576, SharedBaseAddress: 0x00007fdefb000000, ArchiveRelocationMode: 1.
[2025-07-09T10:42:13.602+0000][gc,metaspace] Compressed class space mapped at: 0x00007fdefc000000-0x00007fdf3c000000, reserved size: 1073741824
[2025-07-09T10:42:13.602+0000][gc,metaspace] Narrow klass base: 0x00007fdefb000000, Narrow klass shift: 0, Narrow klass range: 0x100000000
[2025-07-09T10:42:15.215+0000][gc,start    ] GC(0) Pause Young (Normal) (G1 Evacuation Pause)
[2025-07-09T10:42:15.215+0000][gc,task     ] GC(0) Using 2 workers of 2 for evacuation
[2025-07-09T10:42:15.230+0000][gc,phases   ] GC(0)   Pre Evacuate Collection Set: 0.4ms
[2025-07-09T10:42:15.230+0000][gc,phases   ] GC(0)   Merge Heap Roots: 0.1ms
[2025-07-09T10:42:15.230+0000][gc,phases   ] GC(0)   Evacuate Collection Set: 13.5ms
[2025-07-09T10:42:15.230+0000][gc,phases   ] GC(0)   Post Evacuate Collection Set: 0.7ms
[2025-07-09T10:42:15.230+0000][gc,phases   ] GC(0)   Other: 0.2ms
[2025-07-09T10:42:15.230+0000][gc,heap     ] GC(0) Eden regions: 51->0(44)
[2025-07-09T10:42:15.230+0000][gc,heap     ] GC(0) Survivor regions: 0->7(7)
[2025-07-09T10:42:15.230+0000][gc,heap     ] GC(0) Old regions: 0->2
[2025-07-09T10:42:15.230+0000][gc,heap     ] GC(0) Archive regions: 2->2
[2025-07-09T10:42:15.230+0000][gc,heap     ] GC(0) Humongous regions: 0->0
[2025-07-09T10:42:15.230+0000][gc,metaspace] GC(0) Metaspace: 17857K(18112K)->17857K(18112K) NonClass: 15699K(15808K)->15699K(15808K) Class: 2158K(2304K)->2158K(2304K)
[2025-07-09T10:42:15.230+0000][gc          ] GC(0) Pause Young (Normal) (G1 Evacuation Pause) 51M->8M(1024M) 14.996ms
[2025-07-09T10:42:15.230+0000][gc,cpu      ] GC(0) User=0.02s Sys=0.00s Real=0.01s
[2025-07-09T10:42:15.692+0000][gc,start    ] GC(1) Pause Young (Concurrent Start) (Metadata GC Threshold)
[2025-07-09T10:42:15.692+0000][gc,task     ] GC(1) Using 2 workers of 2 for evacuation
[2025-07-09T10:42:15.701+0000][gc,phases   ] GC(1)   Pre Evacuate Collection Set: 0.2ms
[2025-07-09T10:42:15.701+0000][gc,phases   ] GC(1)   Merge Heap Roots: 0.1ms
[2025-07-09T10:42:15.701+0000][gc,phases   ] GC(1)   Evacuate Collection Set: 7.8ms
[2025-07-09T10:42:15.701+0000][gc,phases   ] GC(1)   Post Evacuate Collection Set: 0.6ms
[2025-07-09T10:42:15.701+0000][gc,phases   ] GC(1)   Other: 0.2ms
[2025-07-09T10:42:15.701+0000][gc,heap     ] GC(1) Eden regions: 15->0(49)
[2025-07-09T10:42:15.701+0000][gc,heap     ] GC(1) Survivor regions: 7->2(7)
[2025-07-09T10:42:15.701+0000][gc,heap     ] GC(1) Old regions: 2->8
[2025-07-09T10:42:15.701+0000][gc,heap     ] GC(1) Archive regions: 2->2
[2025-07-09T10:42:15.701+0000][gc,heap     ] GC(1) Humongous regions: 129->129
[2025-07-09T10:42:15.701+0000][gc,metaspace] GC(1) Metaspace: 21281K(21504K)->21281K(21504K) NonClass: 18709K(18816K)->18709K(18816K) Class: 2572K(2688K)->2572K(2688K)
[2025-07-09T10:42:15.701+0000][gc          ] GC(1) Pause Young (Concurrent Start) (Metadata GC Threshold) 152M->139M(1024M) 8.953ms
[2025-07-09T10:42:15.701+0000][gc,cpu      ] GC(1) User=0.01s Sys=0.01s Real=0.01s
[2025-07-09T10:42:15.701+0000][gc          ] GC(2) Concurrent Mark Cycle
[2025-07-09T10:42:15.701+0000][gc,marking  ] GC(2) Concurrent Clear Claimed Marks
[2025-07-09T10:42:15.701+0000][gc,marking  ] GC(2) Concurrent Clear Claimed Marks 0.019ms
[2025-07-09T10:42:15.701+0000][gc,marking  ] GC(2) Concurrent Scan Root Regions
[2025-07-09T10:42:15.704+0000][gc,marking  ] GC(2) Concurrent Scan Root Regions 3.076ms
[2025-07-09T10:42:15.704+0000][gc,marking  ] GC(2) Concurrent Mark
[2025-07-09T10:42:15.704+0000][gc,marking  ] GC(2) Concurrent Mark From Roots
[2025-07-09T10:42:15.704+0000][gc,task     ] GC(2) Using 1 workers of 1 for marking
[2025-07-09T10:42:15.711+0000][gc,marking  ] GC(2) Concurrent Mark From Roots 7.193ms
[2025-07-09T10:42:15.711+0000][gc,marking  ] GC(2) Concurrent Preclean
[2025-07-09T10:42:15.711+0000][gc,marking  ] GC(2) Concurrent Preclean 0.035ms
[2025-07-09T10:42:15.712+0000][gc,start    ] GC(2) Pause Remark
[2025-07-09T10:42:15.715+0000][gc          ] GC(2) Pause Remark 140M->140M(1024M) 3.354ms
[2025-07-09T10:42:15.715+0000][gc,cpu      ] GC(2) User=0.00s Sys=0.00s Real=0.00s
[2025-07-09T10:42:15.715+0000][gc,marking  ] GC(2) Concurrent Mark 10.899ms
[2025-07-09T10:42:15.715+0000][gc,marking  ] GC(2) Concurrent Rebuild Remembered Sets
[2025-07-09T10:42:15.715+0000][gc,marking  ] GC(2) Concurrent Rebuild Remembered Sets 0.005ms
[2025-07-09T10:42:15.718+0000][gc,start    ] GC(2) Pause Cleanup
[2025-07-09T10:42:15.718+0000][gc          ] GC(2) Pause Cleanup 140M->140M(1024M) 0.032ms
[2025-07-09T10:42:15.718+0000][gc,cpu      ] GC(2) User=0.00s Sys=0.00s Real=0.00s
[2025-07-09T10:42:15.718+0000][gc,marking  ] GC(2) Concurrent Cleanup for Next Mark
[2025-07-09T10:42:15.750+0000][gc,marking  ] GC(2) Concurrent Cleanup for Next Mark 32.576ms
[2025-07-09T10:42:15.750+0000][gc          ] GC(2) Concurrent Mark Cycle 49.525ms
[2025-07-09T10:42:16.930+0000][gc,start    ] GC(3) Pause Young (Normal) (G1 Evacuation Pause)
[2025-07-09T10:42:16.930+0000][gc,task     ] GC(3) Using 2 workers of 2 for evacuation
[2025-07-09T10:42:16.947+0000][gc,phases   ] GC(3)   Pre Evacuate Collection Set: 0.3ms
[2025-07-09T10:42:16.947+0000][gc,phases   ] GC(3)   Merge Heap Roots: 0.1ms
[2025-07-09T10:42:16.947+0000][gc,phases   ] GC(3)   Evacuate Collection Set: 15.3ms
[2025-07-09T10:42:16.947+0000][gc,phases   ] GC(3)   Post Evacuate Collection Set: 0.7ms
[2025-07-09T10:42:16.947+0000][gc,phases   ] GC(3)   Other: 0.1ms
[2025-07-09T10:42:16.947+0000][gc,heap     ] GC(3) Eden regions: 49->0(44)
[2025-07-09T10:42:16.947+0000][gc,heap     ] GC(3) Survivor regions: 2->7(7)
[2025-07-09T10:42:16.947+0000][gc,heap     ] GC(3) Old regions: 8->8
[2025-07-09T10:42:16.947+0000][gc,heap     ] GC(3) Archive regions: 2->2
[2025-07-09T10:42:16.947+0000][gc,heap     ] GC(3) Humongous regions: 129->129
[2025-07-09T10:42:16.947+0000][gc,metaspace] GC(3) Metaspace: 32486K(32768K)->32486K(32768K) NonClass: 28887K(29056K)->28887K(29056K) Class: 3598K(3712K)->3598K(3712K)
[2025-07-09T10:42:16.947+0000][gc          ] GC(3) Pause Young (Normal) (G1 Evacuation Pause) 188M->143M(1024M) 16.640ms
[2025-07-09T10:42:16.947+0000][gc,cpu      ] GC(3) User=0.02s Sys=0.00s Real=0.02s
[2025-07-09T10:42:17.243+0000][gc,start    ] GC(4) Pause Young (Concurrent Start) (Metadata GC Threshold)
[2025-07-09T10:42:17.243+0000][gc,task     ] GC(4) Using 2 workers of 2 for evacuation
[2025-07-09T10:42:17.256+0000][gc,phases   ] GC(4)   Pre Evacuate Collection Set: 0.3ms
[2025-07-09T10:42:17.256+0000][gc,phases   ] GC(4)   Merge Heap Roots: 0.1ms
[2025-07-09T10:42:17.256+0000][gc,phases   ] GC(4)   Evacuate Collection Set: 11.6ms
[2025-07-09T10:42:17.256+0000][gc,phases   ] GC(4)   Post Evacuate Collection Set: 0.4ms
[2025-07-09T10:42:17.256+0000][gc,phases   ] GC(4)   Other: 0.2ms
[2025-07-09T10:42:17.256+0000][gc,heap     ] GC(4) Eden regions: 15->0(50)
[2025-07-09T10:42:17.256+0000][gc,heap     ] GC(4) Survivor regions: 7->1(7)
[2025-07-09T10:42:17.256+0000][gc,heap     ] GC(4) Old regions: 8->14
[2025-07-09T10:42:17.256+0000][gc,heap     ] GC(4) Archive regions: 2->2
[2025-07-09T10:42:17.256+0000][gc,heap     ] GC(4) Humongous regions: 129->129
[2025-07-09T10:42:17.256+0000][gc,metaspace] GC(4) Metaspace: 35717K(35968K)->35717K(35968K) NonClass: 31701K(31808K)->31701K(31808K) Class: 4015K(4160K)->4015K(4160K)
[2025-07-09T10:42:17.256+0000][gc          ] GC(4) Pause Young (Concurrent Start) (Metadata GC Threshold) 158M->144M(1024M) 12.643ms
[2025-07-09T10:42:17.256+0000][gc,cpu      ] GC(4) User=0.01s Sys=0.00s Real=0.01s
[2025-07-09T10:42:17.256+0000][gc          ] GC(5) Concurrent Mark Cycle
[2025-07-09T10:42:17.256+0000][gc,marking  ] GC(5) Concurrent Clear Claimed Marks
[2025-07-09T10:42:17.256+0000][gc,marking  ] GC(5) Concurrent Clear Claimed Marks 0.022ms
[2025-07-09T10:42:17.256+0000][gc,marking  ] GC(5) Concurrent Scan Root Regions
[2025-07-09T10:42:17.261+0000][gc,marking  ] GC(5) Concurrent Scan Root Regions 5.235ms
[2025-07-09T10:42:17.261+0000][gc,marking  ] GC(5) Concurrent Mark
[2025-07-09T10:42:17.261+0000][gc,marking  ] GC(5) Concurrent Mark From Roots
[2025-07-09T10:42:17.261+0000][gc,task     ] GC(5) Using 1 workers of 1 for marking
[2025-07-09T10:42:17.281+0000][gc,marking  ] GC(5) Concurrent Mark From Roots 20.309ms
[2025-07-09T10:42:17.281+0000][gc,marking  ] GC(5) Concurrent Preclean
[2025-07-09T10:42:17.281+0000][gc,marking  ] GC(5) Concurrent Preclean 0.086ms
[2025-07-09T10:42:17.282+0000][gc,start    ] GC(5) Pause Remark
[2025-07-09T10:42:17.285+0000][gc          ] GC(5) Pause Remark 145M->145M(1024M) 2.171ms
[2025-07-09T10:42:17.285+0000][gc,cpu      ] GC(5) User=0.00s Sys=0.00s Real=0.00s
[2025-07-09T10:42:17.286+0000][gc,marking  ] GC(5) Concurrent Mark 24.879ms
[2025-07-09T10:42:17.286+0000][gc,marking  ] GC(5) Concurrent Rebuild Remembered Sets
[2025-07-09T10:42:17.322+0000][gc,marking  ] GC(5) Concurrent Rebuild Remembered Sets 35.686ms
[2025-07-09T10:42:17.327+0000][gc,start    ] GC(5) Pause Cleanup
[2025-07-09T10:42:17.327+0000][gc          ] GC(5) Pause Cleanup 147M->147M(1024M) 0.215ms
[2025-07-09T10:42:17.327+0000][gc,cpu      ] GC(5) User=0.00s Sys=0.00s Real=0.00s
[2025-07-09T10:42:17.327+0000][gc,marking  ] GC(5) Concurrent Cleanup for Next Mark
[2025-07-09T10:42:17.337+0000][gc,marking  ] GC(5) Concurrent Cleanup for Next Mark 10.304ms
[2025-07-09T10:42:17.337+0000][gc          ] GC(5) Concurrent Mark Cycle 81.698ms
[2025-07-09T10:42:33.389+0000][gc,start    ] GC(6) Pause Young (Normal) (G1 Evacuation Pause)
[2025-07-09T10:42:33.389+0000][gc,task     ] GC(6) Using 2 workers of 2 for evacuation
[2025-07-09T10:42:33.414+0000][gc,mmu      ] GC(6) MMU target violated: 21.0ms (20.0ms/21.0ms)
[2025-07-09T10:42:33.414+0000][gc,phases   ] GC(6)   Pre Evacuate Collection Set: 4.6ms
[2025-07-09T10:42:33.414+0000][gc,phases   ] GC(6)   Merge Heap Roots: 0.2ms
[2025-07-09T10:42:33.414+0000][gc,phases   ] GC(6)   Evacuate Collection Set: 18.7ms
[2025-07-09T10:42:33.414+0000][gc,phases   ] GC(6)   Post Evacuate Collection Set: 1.3ms
[2025-07-09T10:42:33.414+0000][gc,phases   ] GC(6)   Other: 0.2ms
[2025-07-09T10:42:33.414+0000][gc,heap     ] GC(6) Eden regions: 50->0(47)
[2025-07-09T10:42:33.414+0000][gc,heap     ] GC(6) Survivor regions: 1->4(7)
[2025-07-09T10:42:33.414+0000][gc,heap     ] GC(6) Old regions: 14->14
[2025-07-09T10:42:33.414+0000][gc,heap     ] GC(6) Archive regions: 2->2
[2025-07-09T10:42:33.414+0000][gc,heap     ] GC(6) Humongous regions: 129->129
[2025-07-09T10:42:33.414+0000][gc,metaspace] GC(6) Metaspace: 41523K(42048K)->41523K(42048K) NonClass: 36622K(36928K)->36622K(36928K) Class: 4901K(5120K)->4901K(5120K)
[2025-07-09T10:42:33.414+0000][gc          ] GC(6) Pause Young (Normal) (G1 Evacuation Pause) 194M->147M(1024M) 25.095ms
[2025-07-09T10:42:33.414+0000][gc,cpu      ] GC(6) User=0.02s Sys=0.00s Real=0.03s
[2025-07-09T10:42:59.588+0000][gc,start    ] GC(7) Pause Young (Normal) (G1 Evacuation Pause)
[2025-07-09T10:42:59.588+0000][gc,task     ] GC(7) Using 2 workers of 2 for evacuation
[2025-07-09T10:42:59.612+0000][gc,mmu      ] GC(7) MMU target violated: 21.0ms (20.0ms/21.0ms)
[2025-07-09T10:42:59.612+0000][gc,phases   ] GC(7)   Pre Evacuate Collection Set: 0.8ms
[2025-07-09T10:42:59.612+0000][gc,phases   ] GC(7)   Merge Heap Roots: 2.2ms
[2025-07-09T10:42:59.612+0000][gc,phases   ] GC(7)   Evacuate Collection Set: 20.4ms
[2025-07-09T10:42:59.612+0000][gc,phases   ] GC(7)   Post Evacuate Collection Set: 1.2ms
[2025-07-09T10:42:59.612+0000][gc,phases   ] GC(7)   Other: 0.2ms
[2025-07-09T10:42:59.612+0000][gc,heap     ] GC(7) Eden regions: 47->0(47)
[2025-07-09T10:42:59.612+0000][gc,heap     ] GC(7) Survivor regions: 4->4(7)
[2025-07-09T10:42:59.612+0000][gc,heap     ] GC(7) Old regions: 14->15
[2025-07-09T10:42:59.612+0000][gc,heap     ] GC(7) Archive regions: 2->2
[2025-07-09T10:42:59.612+0000][gc,heap     ] GC(7) Humongous regions: 129->129
[2025-07-09T10:42:59.612+0000][gc,metaspace] GC(7) Metaspace: 42882K(43392K)->42882K(43392K) NonClass: 37832K(38144K)->37832K(38144K) Class: 5050K(5248K)->5050K(5248K)
[2025-07-09T10:42:59.612+0000][gc          ] GC(7) Pause Young (Normal) (G1 Evacuation Pause) 194M->148M(1024M) 24.923ms
[2025-07-09T10:42:59.612+0000][gc,cpu      ] GC(7) User=0.02s Sys=0.00s Real=0.03s
[2025-07-09T10:43:27.859+0000][gc,start    ] GC(8) Pause Young (Normal) (G1 Evacuation Pause)
[2025-07-09T10:43:27.859+0000][gc,task     ] GC(8) Using 2 workers of 2 for evacuation
[2025-07-09T10:43:27.881+0000][gc,mmu      ] GC(8) MMU target violated: 21.0ms (20.0ms/21.0ms)
[2025-07-09T10:43:27.881+0000][gc,phases   ] GC(8)   Pre Evacuate Collection Set: 0.2ms
[2025-07-09T10:43:27.881+0000][gc,phases   ] GC(8)   Merge Heap Roots: 0.1ms
[2025-07-09T10:43:27.881+0000][gc,phases   ] GC(8)   Evacuate Collection Set: 15.0ms
[2025-07-09T10:43:27.881+0000][gc,phases   ] GC(8)   Post Evacuate Collection Set: 6.6ms
[2025-07-09T10:43:27.881+0000][gc,phases   ] GC(8)   Other: 0.2ms
[2025-07-09T10:43:27.881+0000][gc,heap     ] GC(8) Eden regions: 47->0(50)
[2025-07-09T10:43:27.881+0000][gc,heap     ] GC(8) Survivor regions: 4->1(7)
[2025-07-09T10:43:27.881+0000][gc,heap     ] GC(8) Old regions: 15->18
[2025-07-09T10:43:27.881+0000][gc,heap     ] GC(8) Archive regions: 2->2
[2025-07-09T10:43:27.881+0000][gc,heap     ] GC(8) Humongous regions: 129->129
[2025-07-09T10:43:27.881+0000][gc,metaspace] GC(8) Metaspace: 42904K(43392K)->42904K(43392K) NonClass: 37852K(38144K)->37852K(38144K) Class: 5051K(5248K)->5051K(5248K)
[2025-07-09T10:43:27.881+0000][gc          ] GC(8) Pause Young (Normal) (G1 Evacuation Pause) 195M->148M(1024M) 22.185ms
[2025-07-09T10:43:27.881+0000][gc,cpu      ] GC(8) User=0.02s Sys=0.00s Real=0.03s
[2025-07-09T10:43:58.499+0000][gc,start    ] GC(9) Pause Young (Normal) (G1 Evacuation Pause)
[2025-07-09T10:43:58.499+0000][gc,task     ] GC(9) Using 2 workers of 2 for evacuation
[2025-07-09T10:43:58.513+0000][gc,phases   ] GC(9)   Pre Evacuate Collection Set: 0.8ms
[2025-07-09T10:43:58.513+0000][gc,phases   ] GC(9)   Merge Heap Roots: 0.1ms
[2025-07-09T10:43:58.513+0000][gc,phases   ] GC(9)   Evacuate Collection Set: 12.0ms
[2025-07-09T10:43:58.513+0000][gc,phases   ] GC(9)   Post Evacuate Collection Set: 0.7ms
[2025-07-09T10:43:58.513+0000][gc,phases   ] GC(9)   Other: 0.2ms
[2025-07-09T10:43:58.513+0000][gc,heap     ] GC(9) Eden regions: 50->0(49)
[2025-07-09T10:43:58.513+0000][gc,heap     ] GC(9) Survivor regions: 1->2(7)
[2025-07-09T10:43:58.513+0000][gc,heap     ] GC(9) Old regions: 18->18
[2025-07-09T10:43:58.513+0000][gc,heap     ] GC(9) Archive regions: 2->2
[2025-07-09T10:43:58.513+0000][gc,heap     ] GC(9) Humongous regions: 129->129
[2025-07-09T10:43:58.513+0000][gc,metaspace] GC(9) Metaspace: 42927K(43456K)->42927K(43456K) NonClass: 37876K(38208K)->37876K(38208K) Class: 5051K(5248K)->5051K(5248K)
[2025-07-09T10:43:58.513+0000][gc          ] GC(9) Pause Young (Normal) (G1 Evacuation Pause) 198M->148M(1024M) 13.947ms
[2025-07-09T10:43:58.513+0000][gc,cpu      ] GC(9) User=0.01s Sys=0.00s Real=0.02s
[2025-07-09T10:44:30.584+0000][gc,start    ] GC(10) Pause Young (Normal) (G1 Evacuation Pause)
[2025-07-09T10:44:30.584+0000][gc,task     ] GC(10) Using 2 workers of 2 for evacuation
[2025-07-09T10:44:30.605+0000][gc,mmu      ] GC(10) MMU target violated: 20.8ms (20.0ms/21.0ms)
[2025-07-09T10:44:30.605+0000][gc,phases   ] GC(10)   Pre Evacuate Collection Set: 1.0ms
[2025-07-09T10:44:30.605+0000][gc,phases   ] GC(10)   Merge Heap Roots: 0.1ms
[2025-07-09T10:44:30.605+0000][gc,phases   ] GC(10)   Evacuate Collection Set: 18.9ms
[2025-07-09T10:44:30.605+0000][gc,phases   ] GC(10)   Post Evacuate Collection Set: 0.7ms
[2025-07-09T10:44:30.605+0000][gc,phases   ] GC(10)   Other: 0.2ms
[2025-07-09T10:44:30.605+0000][gc,heap     ] GC(10) Eden regions: 49->0(48)
[2025-07-09T10:44:30.605+0000][gc,heap     ] GC(10) Survivor regions: 2->3(7)
[2025-07-09T10:44:30.605+0000][gc,heap     ] GC(10) Old regions: 18->18
[2025-07-09T10:44:30.605+0000][gc,heap     ] GC(10) Archive regions: 2->2
[2025-07-09T10:44:30.605+0000][gc,heap     ] GC(10) Humongous regions: 129->129
[2025-07-09T10:44:30.605+0000][gc,metaspace] GC(10) Metaspace: 42963K(43456K)->42963K(43456K) NonClass: 37912K(38208K)->37912K(38208K) Class: 5051K(5248K)->5051K(5248K)
[2025-07-09T10:44:30.605+0000][gc          ] GC(10) Pause Young (Normal) (G1 Evacuation Pause) 197M->149M(1024M) 21.095ms
[2025-07-09T10:44:30.605+0000][gc,cpu      ] GC(10) User=0.01s Sys=0.00s Real=0.02s
[2025-07-09T10:45:01.854+0000][gc,start    ] GC(11) Pause Young (Normal) (G1 Evacuation Pause)
[2025-07-09T10:45:01.854+0000][gc,task     ] GC(11) Using 2 workers of 2 for evacuation
[2025-07-09T10:45:01.880+0000][gc,mmu      ] GC(11) MMU target violated: 21.0ms (20.0ms/21.0ms)
[2025-07-09T10:45:01.881+0000][gc,phases   ] GC(11)   Pre Evacuate Collection Set: 1.1ms
[2025-07-09T10:45:01.881+0000][gc,phases   ] GC(11)   Merge Heap Roots: 0.1ms
[2025-07-09T10:45:01.881+0000][gc,phases   ] GC(11)   Evacuate Collection Set: 24.0ms
[2025-07-09T10:45:01.881+0000][gc,phases   ] GC(11)   Post Evacuate Collection Set: 0.7ms
[2025-07-09T10:45:01.881+0000][gc,phases   ] GC(11)   Other: 0.2ms
[2025-07-09T10:45:01.881+0000][gc,heap     ] GC(11) Eden regions: 48->0(48)
[2025-07-09T10:45:01.881+0000][gc,heap     ] GC(11) Survivor regions: 3->3(7)
[2025-07-09T10:45:01.881+0000][gc,heap     ] GC(11) Old regions: 18->18
[2025-07-09T10:45:01.881+0000][gc,heap     ] GC(11) Archive regions: 2->2
[2025-07-09T10:45:01.881+0000][gc,heap     ] GC(11) Humongous regions: 129->129
[2025-07-09T10:45:01.881+0000][gc,metaspace] GC(11) Metaspace: 42985K(43456K)->42985K(43456K) NonClass: 37934K(38208K)->37934K(38208K) Class: 5051K(5248K)->5051K(5248K)
[2025-07-09T10:45:01.881+0000][gc          ] GC(11) Pause Young (Normal) (G1 Evacuation Pause) 197M->150M(1024M) 26.300ms
[2025-07-09T10:45:01.881+0000][gc,cpu      ] GC(11) User=0.01s Sys=0.00s Real=0.03s
[2025-07-09T10:45:33.952+0000][gc,start    ] GC(12) Pause Young (Normal) (G1 Evacuation Pause)
[2025-07-09T10:45:33.952+0000][gc,task     ] GC(12) Using 2 workers of 2 for evacuation
[2025-07-09T10:45:33.976+0000][gc,mmu      ] GC(12) MMU target violated: 21.0ms (20.0ms/21.0ms)
[2025-07-09T10:45:33.976+0000][gc,phases   ] GC(12)   Pre Evacuate Collection Set: 1.1ms
[2025-07-09T10:45:33.976+0000][gc,phases   ] GC(12)   Merge Heap Roots: 0.1ms
[2025-07-09T10:45:33.976+0000][gc,phases   ] GC(12)   Evacuate Collection Set: 22.0ms
[2025-07-09T10:45:33.976+0000][gc,phases   ] GC(12)   Post Evacuate Collection Set: 0.7ms
[2025-07-09T10:45:33.976+0000][gc,phases   ] GC(12)   Other: 0.2ms
[2025-07-09T10:45:33.976+0000][gc,heap     ] GC(12) Eden regions: 48->0(47)
[2025-07-09T10:45:33.976+0000][gc,heap     ] GC(12) Survivor regions: 3->4(7)
[2025-07-09T10:45:33.976+0000][gc,heap     ] GC(12) Old regions: 18->18
[2025-07-09T10:45:33.976+0000][gc,heap     ] GC(12) Archive regions: 2->2
[2025-07-09T10:45:33.976+0000][gc,heap     ] GC(12) Humongous regions: 129->129
[2025-07-09T10:45:33.976+0000][gc,metaspace] GC(12) Metaspace: 43050K(43584K)->43050K(43584K) NonClass: 37998K(38336K)->37998K(38336K) Class: 5051K(5248K)->5051K(5248K)
[2025-07-09T10:45:33.976+0000][gc          ] GC(12) Pause Young (Normal) (G1 Evacuation Pause) 198M->150M(1024M) 24.236ms
[2025-07-09T10:45:33.976+0000][gc,cpu      ] GC(12) User=0.01s Sys=0.00s Real=0.02s
[2025-07-09T10:46:05.127+0000][gc,start    ] GC(13) Pause Young (Normal) (G1 Evacuation Pause)
[2025-07-09T10:46:05.127+0000][gc,task     ] GC(13) Using 2 workers of 2 for evacuation
[2025-07-09T10:46:05.169+0000][gc,mmu      ] GC(13) MMU target violated: 21.0ms (20.0ms/21.0ms)
[2025-07-09T10:46:05.169+0000][gc,phases   ] GC(13)   Pre Evacuate Collection Set: 1.1ms
[2025-07-09T10:46:05.169+0000][gc,phases   ] GC(13)   Merge Heap Roots: 0.1ms
[2025-07-09T10:46:05.169+0000][gc,phases   ] GC(13)   Evacuate Collection Set: 39.5ms
[2025-07-09T10:46:05.169+0000][gc,phases   ] GC(13)   Post Evacuate Collection Set: 0.6ms
[2025-07-09T10:46:05.169+0000][gc,phases   ] GC(13)   Other: 0.2ms
[2025-07-09T10:46:05.169+0000][gc,heap     ] GC(13) Eden regions: 47->0(47)
[2025-07-09T10:46:05.169+0000][gc,heap     ] GC(13) Survivor regions: 4->4(7)
[2025-07-09T10:46:05.169+0000][gc,heap     ] GC(13) Old regions: 18->18
[2025-07-09T10:46:05.169+0000][gc,heap     ] GC(13) Archive regions: 2->2
[2025-07-09T10:46:05.169+0000][gc,heap     ] GC(13) Humongous regions: 129->129
[2025-07-09T10:46:05.169+0000][gc,metaspace] GC(13) Metaspace: 43061K(43584K)->43061K(43584K) NonClass: 38009K(38336K)->38009K(38336K) Class: 5051K(5248K)->5051K(5248K)
[2025-07-09T10:46:05.169+0000][gc          ] GC(13) Pause Young (Normal) (G1 Evacuation Pause) 197M->150M(1024M) 41.604ms
[2025-07-09T10:46:05.169+0000][gc,cpu      ] GC(13) User=0.02s Sys=0.00s Real=0.04s
[2025-07-09T10:46:36.702+0000][gc,start    ] GC(14) Pause Young (Normal) (G1 Evacuation Pause)
[2025-07-09T10:46:36.702+0000][gc,task     ] GC(14) Using 2 workers of 2 for evacuation
[2025-07-09T10:46:36.735+0000][gc,mmu      ] GC(14) MMU target violated: 21.0ms (20.0ms/21.0ms)
[2025-07-09T10:46:36.736+0000][gc,phases   ] GC(14)   Pre Evacuate Collection Set: 1.0ms
[2025-07-09T10:46:36.736+0000][gc,phases   ] GC(14)   Merge Heap Roots: 0.1ms
[2025-07-09T10:46:36.736+0000][gc,phases   ] GC(14)   Evacuate Collection Set: 31.7ms
[2025-07-09T10:46:36.736+0000][gc,phases   ] GC(14)   Post Evacuate Collection Set: 0.8ms
[2025-07-09T10:46:36.736+0000][gc,phases   ] GC(14)   Other: 0.2ms
[2025-07-09T10:46:36.736+0000][gc,heap     ] GC(14) Eden regions: 47->0(46)
[2025-07-09T10:46:36.736+0000][gc,heap     ] GC(14) Survivor regions: 4->5(7)
[2025-07-09T10:46:36.736+0000][gc,heap     ] GC(14) Old regions: 18->18
[2025-07-09T10:46:36.736+0000][gc,heap     ] GC(14) Archive regions: 2->2
[2025-07-09T10:46:36.736+0000][gc,heap     ] GC(14) Humongous regions: 129->129
[2025-07-09T10:46:36.736+0000][gc,metaspace] GC(14) Metaspace: 43093K(43648K)->43093K(43648K) NonClass: 38042K(38400K)->38042K(38400K) Class: 5051K(5248K)->5051K(5248K)
[2025-07-09T10:46:36.736+0000][gc          ] GC(14) Pause Young (Normal) (G1 Evacuation Pause) 197M->151M(1024M) 33.829ms
[2025-07-09T10:46:36.736+0000][gc,cpu      ] GC(14) User=0.01s Sys=0.00s Real=0.03s
[2025-07-09T10:47:07.484+0000][gc,start    ] GC(15) Pause Young (Normal) (G1 Evacuation Pause)
[2025-07-09T10:47:07.484+0000][gc,task     ] GC(15) Using 2 workers of 2 for evacuation
[2025-07-09T10:47:07.509+0000][gc,mmu      ] GC(15) MMU target violated: 21.0ms (20.0ms/21.0ms)
[2025-07-09T10:47:07.509+0000][gc,phases   ] GC(15)   Pre Evacuate Collection Set: 0.2ms
[2025-07-09T10:47:07.509+0000][gc,phases   ] GC(15)   Merge Heap Roots: 0.1ms
[2025-07-09T10:47:07.509+0000][gc,phases   ] GC(15)   Evacuate Collection Set: 24.0ms
[2025-07-09T10:47:07.509+0000][gc,phases   ] GC(15)   Post Evacuate Collection Set: 0.7ms
[2025-07-09T10:47:07.509+0000][gc,phases   ] GC(15)   Other: 0.2ms
[2025-07-09T10:47:07.509+0000][gc,heap     ] GC(15) Eden regions: 46->0(47)
[2025-07-09T10:47:07.509+0000][gc,heap     ] GC(15) Survivor regions: 5->4(7)
[2025-07-09T10:47:07.509+0000][gc,heap     ] GC(15) Old regions: 18->18
[2025-07-09T10:47:07.509+0000][gc,heap     ] GC(15) Archive regions: 2->2
[2025-07-09T10:47:07.510+0000][gc,heap     ] GC(15) Humongous regions: 129->129
[2025-07-09T10:47:07.510+0000][gc,metaspace] GC(15) Metaspace: 43099K(43648K)->43099K(43648K) NonClass: 38048K(38400K)->38048K(38400K) Class: 5051K(5248K)->5051K(5248K)
[2025-07-09T10:47:07.510+0000][gc          ] GC(15) Pause Young (Normal) (G1 Evacuation Pause) 197M->151M(1024M) 25.341ms
[2025-07-09T10:47:07.510+0000][gc,cpu      ] GC(15) User=0.01s Sys=0.00s Real=0.02s
[2025-07-09T10:47:38.937+0000][gc,start    ] GC(16) Pause Young (Normal) (G1 Evacuation Pause)
[2025-07-09T10:47:38.937+0000][gc,task     ] GC(16) Using 2 workers of 2 for evacuation
[2025-07-09T10:47:38.974+0000][gc,mmu      ] GC(16) MMU target violated: 21.0ms (20.0ms/21.0ms)
[2025-07-09T10:47:38.975+0000][gc,phases   ] GC(16)   Pre Evacuate Collection Set: 3.7ms
[2025-07-09T10:47:38.975+0000][gc,phases   ] GC(16)   Merge Heap Roots: 0.1ms
[2025-07-09T10:47:38.975+0000][gc,phases   ] GC(16)   Evacuate Collection Set: 27.2ms
[2025-07-09T10:47:38.975+0000][gc,phases   ] GC(16)   Post Evacuate Collection Set: 6.2ms
[2025-07-09T10:47:38.975+0000][gc,phases   ] GC(16)   Other: 0.2ms
[2025-07-09T10:47:38.975+0000][gc,heap     ] GC(16) Eden regions: 47->0(47)
[2025-07-09T10:47:38.975+0000][gc,heap     ] GC(16) Survivor regions: 4->4(7)
[2025-07-09T10:47:38.975+0000][gc,heap     ] GC(16) Old regions: 18->19
[2025-07-09T10:47:38.975+0000][gc,heap     ] GC(16) Archive regions: 2->2
[2025-07-09T10:47:38.975+0000][gc,heap     ] GC(16) Humongous regions: 129->129
[2025-07-09T10:47:38.975+0000][gc,metaspace] GC(16) Metaspace: 43138K(43712K)->43138K(43712K) NonClass: 38080K(38400K)->38080K(38400K) Class: 5057K(5312K)->5057K(5312K)
[2025-07-09T10:47:38.975+0000][gc          ] GC(16) Pause Young (Normal) (G1 Evacuation Pause) 198M->152M(1024M) 37.662ms
[2025-07-09T10:47:38.975+0000][gc,cpu      ] GC(16) User=0.02s Sys=0.00s Real=0.04s
[2025-07-09T10:48:10.626+0000][gc,start    ] GC(17) Pause Young (Normal) (G1 Evacuation Pause)
[2025-07-09T10:48:10.626+0000][gc,task     ] GC(17) Using 2 workers of 2 for evacuation
[2025-07-09T10:48:10.657+0000][gc,mmu      ] GC(17) MMU target violated: 21.0ms (20.0ms/21.0ms)
[2025-07-09T10:48:10.657+0000][gc,phases   ] GC(17)   Pre Evacuate Collection Set: 5.1ms
[2025-07-09T10:48:10.657+0000][gc,phases   ] GC(17)   Merge Heap Roots: 0.1ms
[2025-07-09T10:48:10.657+0000][gc,phases   ] GC(17)   Evacuate Collection Set: 25.3ms
[2025-07-09T10:48:10.657+0000][gc,phases   ] GC(17)   Post Evacuate Collection Set: 0.7ms
[2025-07-09T10:48:10.657+0000][gc,phases   ] GC(17)   Other: 0.2ms
[2025-07-09T10:48:10.657+0000][gc,heap     ] GC(17) Eden regions: 47->0(47)
[2025-07-09T10:48:10.657+0000][gc,heap     ] GC(17) Survivor regions: 4->4(7)
[2025-07-09T10:48:10.657+0000][gc,heap     ] GC(17) Old regions: 19->19
[2025-07-09T10:48:10.657+0000][gc,heap     ] GC(17) Archive regions: 2->2
[2025-07-09T10:48:10.657+0000][gc,heap     ] GC(17) Humongous regions: 129->129
[2025-07-09T10:48:10.657+0000][gc,metaspace] GC(17) Metaspace: 43159K(43776K)->43159K(43776K) NonClass: 38101K(38464K)->38101K(38464K) Class: 5057K(5312K)->5057K(5312K)
[2025-07-09T10:48:10.657+0000][gc          ] GC(17) Pause Young (Normal) (G1 Evacuation Pause) 199M->152M(1024M) 31.443ms
[2025-07-09T10:48:10.657+0000][gc,cpu      ] GC(17) User=0.02s Sys=0.00s Real=0.03s
[2025-07-09T10:48:42.049+0000][gc,start    ] GC(18) Pause Young (Normal) (G1 Evacuation Pause)
[2025-07-09T10:48:42.049+0000][gc,task     ] GC(18) Using 2 workers of 2 for evacuation
[2025-07-09T10:48:42.075+0000][gc,mmu      ] GC(18) MMU target violated: 21.0ms (20.0ms/21.0ms)
[2025-07-09T10:48:42.075+0000][gc,phases   ] GC(18)   Pre Evacuate Collection Set: 2.1ms
[2025-07-09T10:48:42.075+0000][gc,phases   ] GC(18)   Merge Heap Roots: 0.2ms
[2025-07-09T10:48:42.075+0000][gc,phases   ] GC(18)   Evacuate Collection Set: 23.3ms
[2025-07-09T10:48:42.075+0000][gc,phases   ] GC(18)   Post Evacuate Collection Set: 0.9ms
[2025-07-09T10:48:42.075+0000][gc,phases   ] GC(18)   Other: 0.2ms
[2025-07-09T10:48:42.075+0000][gc,heap     ] GC(18) Eden regions: 47->0(47)
[2025-07-09T10:48:42.075+0000][gc,heap     ] GC(18) Survivor regions: 4->4(7)
[2025-07-09T10:48:42.075+0000][gc,heap     ] GC(18) Old regions: 19->20
[2025-07-09T10:48:42.075+0000][gc,heap     ] GC(18) Archive regions: 2->2
[2025-07-09T10:48:42.075+0000][gc,heap     ] GC(18) Humongous regions: 129->129
[2025-07-09T10:48:42.075+0000][gc,metaspace] GC(18) Metaspace: 43177K(43776K)->43177K(43776K) NonClass: 38119K(38464K)->38119K(38464K) Class: 5057K(5312K)->5057K(5312K)
[2025-07-09T10:48:42.075+0000][gc          ] GC(18) Pause Young (Normal) (G1 Evacuation Pause) 199M->153M(1024M) 26.803ms
[2025-07-09T10:48:42.075+0000][gc,cpu      ] GC(18) User=0.02s Sys=0.00s Real=0.03s
[2025-07-09T10:51:15.827+0000][gc,start    ] GC(19) Pause Young (Normal) (G1 Evacuation Pause)
[2025-07-09T10:51:15.827+0000][gc,task     ] GC(19) Using 2 workers of 2 for evacuation
[2025-07-09T10:51:15.844+0000][gc,phases   ] GC(19)   Pre Evacuate Collection Set: 0.4ms
[2025-07-09T10:51:15.844+0000][gc,phases   ] GC(19)   Merge Heap Roots: 0.1ms
[2025-07-09T10:51:15.844+0000][gc,phases   ] GC(19)   Evacuate Collection Set: 16.1ms
[2025-07-09T10:51:15.844+0000][gc,phases   ] GC(19)   Post Evacuate Collection Set: 0.6ms
[2025-07-09T10:51:15.844+0000][gc,phases   ] GC(19)   Other: 0.2ms
[2025-07-09T10:51:15.844+0000][gc,heap     ] GC(19) Eden regions: 47->0(47)
[2025-07-09T10:51:15.845+0000][gc,heap     ] GC(19) Survivor regions: 4->4(7)
[2025-07-09T10:51:15.845+0000][gc,heap     ] GC(19) Old regions: 20->20
[2025-07-09T10:51:15.845+0000][gc,heap     ] GC(19) Archive regions: 2->2
[2025-07-09T10:51:15.845+0000][gc,heap     ] GC(19) Humongous regions: 129->129
[2025-07-09T10:51:15.845+0000][gc,metaspace] GC(19) Metaspace: 43267K(43840K)->43267K(43840K) NonClass: 38192K(38528K)->38192K(38528K) Class: 5074K(5312K)->5074K(5312K)
[2025-07-09T10:51:15.845+0000][gc          ] GC(19) Pause Young (Normal) (G1 Evacuation Pause) 200M->153M(1024M) 17.525ms
[2025-07-09T10:51:15.845+0000][gc,cpu      ] GC(19) User=0.02s Sys=0.00s Real=0.02s
[2025-07-09T10:56:32.709+0000][gc,start    ] GC(20) Pause Young (Normal) (G1 Evacuation Pause)
[2025-07-09T10:56:32.709+0000][gc,task     ] GC(20) Using 2 workers of 2 for evacuation
[2025-07-09T10:56:32.734+0000][gc,mmu      ] GC(20) MMU target violated: 21.0ms (20.0ms/21.0ms)
[2025-07-09T10:56:32.735+0000][gc,phases   ] GC(20)   Pre Evacuate Collection Set: 0.8ms
[2025-07-09T10:56:32.735+0000][gc,phases   ] GC(20)   Merge Heap Roots: 1.1ms
[2025-07-09T10:56:32.735+0000][gc,phases   ] GC(20)   Evacuate Collection Set: 23.1ms
[2025-07-09T10:56:32.735+0000][gc,phases   ] GC(20)   Post Evacuate Collection Set: 0.6ms
[2025-07-09T10:56:32.735+0000][gc,phases   ] GC(20)   Other: 0.2ms
[2025-07-09T10:56:32.735+0000][gc,heap     ] GC(20) Eden regions: 47->0(46)
[2025-07-09T10:56:32.735+0000][gc,heap     ] GC(20) Survivor regions: 4->5(7)
[2025-07-09T10:56:32.735+0000][gc,heap     ] GC(20) Old regions: 20->20
[2025-07-09T10:56:32.735+0000][gc,heap     ] GC(20) Archive regions: 2->2
[2025-07-09T10:56:32.735+0000][gc,heap     ] GC(20) Humongous regions: 129->129
[2025-07-09T10:56:32.735+0000][gc,metaspace] GC(20) Metaspace: 43375K(43968K)->43375K(43968K) NonClass: 38283K(38656K)->38283K(38656K) Class: 5091K(5312K)->5091K(5312K)
[2025-07-09T10:56:32.735+0000][gc          ] GC(20) Pause Young (Normal) (G1 Evacuation Pause) 200M->154M(1024M) 25.955ms
[2025-07-09T10:56:32.735+0000][gc,cpu      ] GC(20) User=0.03s Sys=0.00s Real=0.03s
[2025-07-09T10:57:03.487+0000][gc,start    ] GC(21) Pause Young (Normal) (G1 Evacuation Pause)
[2025-07-09T10:57:03.487+0000][gc,task     ] GC(21) Using 2 workers of 2 for evacuation
[2025-07-09T10:57:03.533+0000][gc,mmu      ] GC(21) MMU target violated: 21.0ms (20.0ms/21.0ms)
[2025-07-09T10:57:03.533+0000][gc,phases   ] GC(21)   Pre Evacuate Collection Set: 1.2ms
[2025-07-09T10:57:03.533+0000][gc,phases   ] GC(21)   Merge Heap Roots: 0.2ms
[2025-07-09T10:57:03.533+0000][gc,phases   ] GC(21)   Evacuate Collection Set: 44.1ms
[2025-07-09T10:57:03.533+0000][gc,phases   ] GC(21)   Post Evacuate Collection Set: 0.8ms
[2025-07-09T10:57:03.533+0000][gc,phases   ] GC(21)   Other: 0.2ms
[2025-07-09T10:57:03.533+0000][gc,heap     ] GC(21) Eden regions: 46->0(46)
[2025-07-09T10:57:03.533+0000][gc,heap     ] GC(21) Survivor regions: 5->5(7)
[2025-07-09T10:57:03.533+0000][gc,heap     ] GC(21) Old regions: 20->22
[2025-07-09T10:57:03.533+0000][gc,heap     ] GC(21) Archive regions: 2->2
[2025-07-09T10:57:03.533+0000][gc,heap     ] GC(21) Humongous regions: 129->129
[2025-07-09T10:57:03.533+0000][gc,metaspace] GC(21) Metaspace: 43401K(43968K)->43401K(43968K) NonClass: 38309K(38656K)->38309K(38656K) Class: 5091K(5312K)->5091K(5312K)
[2025-07-09T10:57:03.533+0000][gc          ] GC(21) Pause Young (Normal) (G1 Evacuation Pause) 200M->155M(1024M) 46.496ms
[2025-07-09T10:57:03.533+0000][gc,cpu      ] GC(21) User=0.03s Sys=0.00s Real=0.05s
[2025-07-09T10:57:33.894+0000][gc,start    ] GC(22) Pause Young (Normal) (G1 Evacuation Pause)
[2025-07-09T10:57:33.894+0000][gc,task     ] GC(22) Using 2 workers of 2 for evacuation
[2025-07-09T10:57:33.928+0000][gc,mmu      ] GC(22) MMU target violated: 21.0ms (20.0ms/21.0ms)
[2025-07-09T10:57:33.928+0000][gc,phases   ] GC(22)   Pre Evacuate Collection Set: 3.6ms
[2025-07-09T10:57:33.928+0000][gc,phases   ] GC(22)   Merge Heap Roots: 0.2ms
[2025-07-09T10:57:33.928+0000][gc,phases   ] GC(22)   Evacuate Collection Set: 29.1ms
[2025-07-09T10:57:33.928+0000][gc,phases   ] GC(22)   Post Evacuate Collection Set: 0.7ms
[2025-07-09T10:57:33.928+0000][gc,phases   ] GC(22)   Other: 0.2ms
[2025-07-09T10:57:33.928+0000][gc,heap     ] GC(22) Eden regions: 46->0(46)
[2025-07-09T10:57:33.928+0000][gc,heap     ] GC(22) Survivor regions: 5->5(7)
[2025-07-09T10:57:33.928+0000][gc,heap     ] GC(22) Old regions: 22->23
[2025-07-09T10:57:33.928+0000][gc,heap     ] GC(22) Archive regions: 2->2
[2025-07-09T10:57:33.928+0000][gc,heap     ] GC(22) Humongous regions: 129->129
[2025-07-09T10:57:33.928+0000][gc,metaspace] GC(22) Metaspace: 43415K(43968K)->43415K(43968K) NonClass: 38323K(38656K)->38323K(38656K) Class: 5091K(5312K)->5091K(5312K)
[2025-07-09T10:57:33.928+0000][gc          ] GC(22) Pause Young (Normal) (G1 Evacuation Pause) 201M->156M(1024M) 33.918ms
[2025-07-09T10:57:33.928+0000][gc,cpu      ] GC(22) User=0.02s Sys=0.00s Real=0.03s
[2025-07-09T10:58:04.579+0000][gc,start    ] GC(23) Pause Young (Normal) (G1 Evacuation Pause)
[2025-07-09T10:58:04.579+0000][gc,task     ] GC(23) Using 2 workers of 2 for evacuation
[2025-07-09T10:58:04.603+0000][gc,mmu      ] GC(23) MMU target violated: 21.0ms (20.0ms/21.0ms)
[2025-07-09T10:58:04.604+0000][gc,phases   ] GC(23)   Pre Evacuate Collection Set: 0.8ms
[2025-07-09T10:58:04.604+0000][gc,phases   ] GC(23)   Merge Heap Roots: 0.2ms
[2025-07-09T10:58:04.604+0000][gc,phases   ] GC(23)   Evacuate Collection Set: 22.3ms
[2025-07-09T10:58:04.604+0000][gc,phases   ] GC(23)   Post Evacuate Collection Set: 0.5ms
[2025-07-09T10:58:04.604+0000][gc,phases   ] GC(23)   Other: 0.3ms
[2025-07-09T10:58:04.604+0000][gc,heap     ] GC(23) Eden regions: 46->0(46)
[2025-07-09T10:58:04.604+0000][gc,heap     ] GC(23) Survivor regions: 5->5(7)
[2025-07-09T10:58:04.604+0000][gc,heap     ] GC(23) Old regions: 23->23
[2025-07-09T10:58:04.604+0000][gc,heap     ] GC(23) Archive regions: 2->2
[2025-07-09T10:58:04.604+0000][gc,heap     ] GC(23) Humongous regions: 129->129
[2025-07-09T10:58:04.604+0000][gc,metaspace] GC(23) Metaspace: 43440K(44032K)->43440K(44032K) NonClass: 38348K(38720K)->38348K(38720K) Class: 5091K(5312K)->5091K(5312K)
[2025-07-09T10:58:04.604+0000][gc          ] GC(23) Pause Young (Normal) (G1 Evacuation Pause) 202M->157M(1024M) 24.261ms
[2025-07-09T10:58:04.604+0000][gc,cpu      ] GC(23) User=0.02s Sys=0.00s Real=0.03s
[2025-07-09T10:58:35.356+0000][gc,start    ] GC(24) Pause Young (Normal) (G1 Evacuation Pause)
[2025-07-09T10:58:35.356+0000][gc,task     ] GC(24) Using 2 workers of 2 for evacuation
[2025-07-09T10:58:35.380+0000][gc,mmu      ] GC(24) MMU target violated: 21.0ms (20.0ms/21.0ms)
[2025-07-09T10:58:35.380+0000][gc,phases   ] GC(24)   Pre Evacuate Collection Set: 0.8ms
[2025-07-09T10:58:35.380+0000][gc,phases   ] GC(24)   Merge Heap Roots: 0.1ms
[2025-07-09T10:58:35.380+0000][gc,phases   ] GC(24)   Evacuate Collection Set: 10.9ms
[2025-07-09T10:58:35.380+0000][gc,phases   ] GC(24)   Post Evacuate Collection Set: 11.9ms
[2025-07-09T10:58:35.380+0000][gc,phases   ] GC(24)   Other: 0.2ms
[2025-07-09T10:58:35.380+0000][gc,heap     ] GC(24) Eden regions: 46->0(47)
[2025-07-09T10:58:35.380+0000][gc,heap     ] GC(24) Survivor regions: 5->4(7)
[2025-07-09T10:58:35.380+0000][gc,heap     ] GC(24) Old regions: 23->24
[2025-07-09T10:58:35.381+0000][gc,heap     ] GC(24) Archive regions: 2->2
[2025-07-09T10:58:35.381+0000][gc,heap     ] GC(24) Humongous regions: 129->129
[2025-07-09T10:58:35.381+0000][gc,metaspace] GC(24) Metaspace: 43447K(44032K)->43447K(44032K) NonClass: 38355K(38720K)->38355K(38720K) Class: 5091K(5312K)->5091K(5312K)
[2025-07-09T10:58:35.381+0000][gc          ] GC(24) Pause Young (Normal) (G1 Evacuation Pause) 203M->157M(1024M) 24.105ms
[2025-07-09T10:58:35.381+0000][gc,cpu      ] GC(24) User=0.02s Sys=0.00s Real=0.02s
[2025-07-09T10:59:06.822+0000][gc,start    ] GC(25) Pause Young (Normal) (G1 Evacuation Pause)
[2025-07-09T10:59:06.822+0000][gc,task     ] GC(25) Using 2 workers of 2 for evacuation
[2025-07-09T10:59:06.841+0000][gc,phases   ] GC(25)   Pre Evacuate Collection Set: 0.2ms
[2025-07-09T10:59:06.841+0000][gc,phases   ] GC(25)   Merge Heap Roots: 0.1ms
[2025-07-09T10:59:06.841+0000][gc,phases   ] GC(25)   Evacuate Collection Set: 18.4ms
[2025-07-09T10:59:06.841+0000][gc,phases   ] GC(25)   Post Evacuate Collection Set: 0.7ms
[2025-07-09T10:59:06.841+0000][gc,phases   ] GC(25)   Other: 0.2ms
[2025-07-09T10:59:06.841+0000][gc,heap     ] GC(25) Eden regions: 47->0(47)
[2025-07-09T10:59:06.841+0000][gc,heap     ] GC(25) Survivor regions: 4->4(7)
[2025-07-09T10:59:06.841+0000][gc,heap     ] GC(25) Old regions: 24->25
[2025-07-09T10:59:06.841+0000][gc,heap     ] GC(25) Archive regions: 2->2
[2025-07-09T10:59:06.841+0000][gc,heap     ] GC(25) Humongous regions: 129->129
[2025-07-09T10:59:06.841+0000][gc,metaspace] GC(25) Metaspace: 43452K(44032K)->43452K(44032K) NonClass: 38361K(38720K)->38361K(38720K) Class: 5091K(5312K)->5091K(5312K)
[2025-07-09T10:59:06.842+0000][gc          ] GC(25) Pause Young (Normal) (G1 Evacuation Pause) 204M->158M(1024M) 19.756ms
[2025-07-09T10:59:06.842+0000][gc,cpu      ] GC(25) User=0.02s Sys=0.00s Real=0.02s
[2025-07-09T10:59:38.372+0000][gc,start    ] GC(26) Pause Young (Normal) (G1 Evacuation Pause)
[2025-07-09T10:59:38.372+0000][gc,task     ] GC(26) Using 2 workers of 2 for evacuation
[2025-07-09T10:59:38.407+0000][gc,mmu      ] GC(26) MMU target violated: 21.0ms (20.0ms/21.0ms)
[2025-07-09T10:59:38.407+0000][gc,phases   ] GC(26)   Pre Evacuate Collection Set: 1.0ms
[2025-07-09T10:59:38.407+0000][gc,phases   ] GC(26)   Merge Heap Roots: 0.1ms
[2025-07-09T10:59:38.407+0000][gc,phases   ] GC(26)   Evacuate Collection Set: 33.1ms
[2025-07-09T10:59:38.407+0000][gc,phases   ] GC(26)   Post Evacuate Collection Set: 0.6ms
[2025-07-09T10:59:38.407+0000][gc,phases   ] GC(26)   Other: 0.2ms
[2025-07-09T10:59:38.407+0000][gc,heap     ] GC(26) Eden regions: 47->0(47)
[2025-07-09T10:59:38.407+0000][gc,heap     ] GC(26) Survivor regions: 4->4(7)
[2025-07-09T10:59:38.407+0000][gc,heap     ] GC(26) Old regions: 25->25
[2025-07-09T10:59:38.407+0000][gc,heap     ] GC(26) Archive regions: 2->2
[2025-07-09T10:59:38.407+0000][gc,heap     ] GC(26) Humongous regions: 129->129
[2025-07-09T10:59:38.407+0000][gc,metaspace] GC(26) Metaspace: 43459K(44032K)->43459K(44032K) NonClass: 38367K(38720K)->38367K(38720K) Class: 5091K(5312K)->5091K(5312K)
[2025-07-09T10:59:38.407+0000][gc          ] GC(26) Pause Young (Normal) (G1 Evacuation Pause) 205M->158M(1024M) 35.131ms
[2025-07-09T10:59:38.407+0000][gc,cpu      ] GC(26) User=0.01s Sys=0.00s Real=0.03s
[2025-07-09T11:00:10.654+0000][gc,start    ] GC(27) Pause Young (Normal) (G1 Evacuation Pause)
[2025-07-09T11:00:10.654+0000][gc,task     ] GC(27) Using 2 workers of 2 for evacuation
[2025-07-09T11:00:10.671+0000][gc,phases   ] GC(27)   Pre Evacuate Collection Set: 3.2ms
[2025-07-09T11:00:10.671+0000][gc,phases   ] GC(27)   Merge Heap Roots: 0.1ms
[2025-07-09T11:00:10.671+0000][gc,phases   ] GC(27)   Evacuate Collection Set: 8.2ms
[2025-07-09T11:00:10.671+0000][gc,phases   ] GC(27)   Post Evacuate Collection Set: 6.0ms
[2025-07-09T11:00:10.671+0000][gc,phases   ] GC(27)   Other: 0.2ms
[2025-07-09T11:00:10.671+0000][gc,heap     ] GC(27) Eden regions: 47->0(46)
[2025-07-09T11:00:10.671+0000][gc,heap     ] GC(27) Survivor regions: 4->5(7)
[2025-07-09T11:00:10.671+0000][gc,heap     ] GC(27) Old regions: 25->25
[2025-07-09T11:00:10.671+0000][gc,heap     ] GC(27) Archive regions: 2->2
[2025-07-09T11:00:10.671+0000][gc,heap     ] GC(27) Humongous regions: 129->129
[2025-07-09T11:00:10.671+0000][gc,metaspace] GC(27) Metaspace: 43464K(44032K)->43464K(44032K) NonClass: 38372K(38720K)->38372K(38720K) Class: 5091K(5312K)->5091K(5312K)
[2025-07-09T11:00:10.671+0000][gc          ] GC(27) Pause Young (Normal) (G1 Evacuation Pause) 205M->159M(1024M) 17.761ms
[2025-07-09T11:00:10.671+0000][gc,cpu      ] GC(27) User=0.01s Sys=0.00s Real=0.02s
[2025-07-09T11:00:41.778+0000][gc,start    ] GC(28) Pause Young (Normal) (G1 Evacuation Pause)
[2025-07-09T11:00:41.778+0000][gc,task     ] GC(28) Using 2 workers of 2 for evacuation
[2025-07-09T11:00:41.821+0000][gc,mmu      ] GC(28) MMU target violated: 21.0ms (20.0ms/21.0ms)
[2025-07-09T11:00:41.821+0000][gc,phases   ] GC(28)   Pre Evacuate Collection Set: 0.9ms
[2025-07-09T11:00:41.821+0000][gc,phases   ] GC(28)   Merge Heap Roots: 0.1ms
[2025-07-09T11:00:41.821+0000][gc,phases   ] GC(28)   Evacuate Collection Set: 41.4ms
[2025-07-09T11:00:41.821+0000][gc,phases   ] GC(28)   Post Evacuate Collection Set: 0.5ms
[2025-07-09T11:00:41.821+0000][gc,phases   ] GC(28)   Other: 0.2ms
[2025-07-09T11:00:41.821+0000][gc,heap     ] GC(28) Eden regions: 46->0(47)
[2025-07-09T11:00:41.821+0000][gc,heap     ] GC(28) Survivor regions: 5->4(7)
[2025-07-09T11:00:41.821+0000][gc,heap     ] GC(28) Old regions: 25->26
[2025-07-09T11:00:41.821+0000][gc,heap     ] GC(28) Archive regions: 2->2
[2025-07-09T11:00:41.821+0000][gc,heap     ] GC(28) Humongous regions: 129->129
[2025-07-09T11:00:41.821+0000][gc,metaspace] GC(28) Metaspace: 43536K(44096K)->43536K(44096K) NonClass: 38444K(38784K)->38444K(38784K) Class: 5091K(5312K)->5091K(5312K)
[2025-07-09T11:00:41.821+0000][gc          ] GC(28) Pause Young (Normal) (G1 Evacuation Pause) 205M->159M(1024M) 43.186ms
[2025-07-09T11:00:41.821+0000][gc,cpu      ] GC(28) User=0.02s Sys=0.00s Real=0.05s
[2025-07-09T11:01:13.983+0000][gc,start    ] GC(29) Pause Young (Normal) (G1 Evacuation Pause)
[2025-07-09T11:01:13.984+0000][gc,task     ] GC(29) Using 2 workers of 2 for evacuation
[2025-07-09T11:01:14.026+0000][gc,mmu      ] GC(29) MMU target violated: 21.0ms (20.0ms/21.0ms)
[2025-07-09T11:01:14.026+0000][gc,phases   ] GC(29)   Pre Evacuate Collection Set: 0.9ms
[2025-07-09T11:01:14.026+0000][gc,phases   ] GC(29)   Merge Heap Roots: 0.1ms
[2025-07-09T11:01:14.026+0000][gc,phases   ] GC(29)   Evacuate Collection Set: 40.6ms
[2025-07-09T11:01:14.026+0000][gc,phases   ] GC(29)   Post Evacuate Collection Set: 0.7ms
[2025-07-09T11:01:14.026+0000][gc,phases   ] GC(29)   Other: 0.2ms
[2025-07-09T11:01:14.026+0000][gc,heap     ] GC(29) Eden regions: 47->0(46)
[2025-07-09T11:01:14.026+0000][gc,heap     ] GC(29) Survivor regions: 4->5(7)
[2025-07-09T11:01:14.026+0000][gc,heap     ] GC(29) Old regions: 26->26
[2025-07-09T11:01:14.026+0000][gc,heap     ] GC(29) Archive regions: 2->2
[2025-07-09T11:01:14.026+0000][gc,heap     ] GC(29) Humongous regions: 129->129
[2025-07-09T11:01:14.026+0000][gc,metaspace] GC(29) Metaspace: 43541K(44096K)->43541K(44096K) NonClass: 38449K(38784K)->38449K(38784K) Class: 5091K(5312K)->5091K(5312K)
[2025-07-09T11:01:14.026+0000][gc          ] GC(29) Pause Young (Normal) (G1 Evacuation Pause) 206M->159M(1024M) 42.597ms
[2025-07-09T11:01:14.026+0000][gc,cpu      ] GC(29) User=0.01s Sys=0.00s Real=0.04s
[2025-07-09T11:01:44.706+0000][gc,start    ] GC(30) Pause Young (Normal) (G1 Evacuation Pause)
[2025-07-09T11:01:44.706+0000][gc,task     ] GC(30) Using 2 workers of 2 for evacuation
[2025-07-09T11:01:44.741+0000][gc,mmu      ] GC(30) MMU target violated: 21.0ms (20.0ms/21.0ms)
[2025-07-09T11:01:44.742+0000][gc,phases   ] GC(30)   Pre Evacuate Collection Set: 0.7ms
[2025-07-09T11:01:44.742+0000][gc,phases   ] GC(30)   Merge Heap Roots: 3.4ms
[2025-07-09T11:01:44.742+0000][gc,phases   ] GC(30)   Evacuate Collection Set: 30.2ms
[2025-07-09T11:01:44.742+0000][gc,phases   ] GC(30)   Post Evacuate Collection Set: 0.8ms
[2025-07-09T11:01:44.742+0000][gc,phases   ] GC(30)   Other: 0.2ms
[2025-07-09T11:01:44.742+0000][gc,heap     ] GC(30) Eden regions: 46->0(47)
[2025-07-09T11:01:44.742+0000][gc,heap     ] GC(30) Survivor regions: 5->4(7)
[2025-07-09T11:01:44.742+0000][gc,heap     ] GC(30) Old regions: 26->27
[2025-07-09T11:01:44.742+0000][gc,heap     ] GC(30) Archive regions: 2->2
[2025-07-09T11:01:44.742+0000][gc,heap     ] GC(30) Humongous regions: 129->129
[2025-07-09T11:01:44.742+0000][gc,metaspace] GC(30) Metaspace: 43558K(44096K)->43558K(44096K) NonClass: 38466K(38784K)->38466K(38784K) Class: 5091K(5312K)->5091K(5312K)
[2025-07-09T11:01:44.742+0000][gc          ] GC(30) Pause Young (Normal) (G1 Evacuation Pause) 205M->160M(1024M) 35.536ms
[2025-07-09T11:01:44.742+0000][gc,cpu      ] GC(30) User=0.02s Sys=0.00s Real=0.04s
[2025-07-09T11:02:16.221+0000][gc,start    ] GC(31) Pause Young (Normal) (G1 Evacuation Pause)
[2025-07-09T11:02:16.221+0000][gc,task     ] GC(31) Using 2 workers of 2 for evacuation
[2025-07-09T11:02:16.254+0000][gc,mmu      ] GC(31) MMU target violated: 21.0ms (20.0ms/21.0ms)
[2025-07-09T11:02:16.254+0000][gc,phases   ] GC(31)   Pre Evacuate Collection Set: 0.9ms
[2025-07-09T11:02:16.254+0000][gc,phases   ] GC(31)   Merge Heap Roots: 0.2ms
[2025-07-09T11:02:16.254+0000][gc,phases   ] GC(31)   Evacuate Collection Set: 30.7ms
[2025-07-09T11:02:16.254+0000][gc,phases   ] GC(31)   Post Evacuate Collection Set: 0.7ms
[2025-07-09T11:02:16.254+0000][gc,phases   ] GC(31)   Other: 0.2ms
[2025-07-09T11:02:16.254+0000][gc,heap     ] GC(31) Eden regions: 47->0(47)
[2025-07-09T11:02:16.254+0000][gc,heap     ] GC(31) Survivor regions: 4->4(7)
[2025-07-09T11:02:16.254+0000][gc,heap     ] GC(31) Old regions: 27->27
[2025-07-09T11:02:16.254+0000][gc,heap     ] GC(31) Archive regions: 2->2
[2025-07-09T11:02:16.254+0000][gc,heap     ] GC(31) Humongous regions: 129->129
[2025-07-09T11:02:16.254+0000][gc,metaspace] GC(31) Metaspace: 43566K(44096K)->43566K(44096K) NonClass: 38475K(38784K)->38475K(38784K) Class: 5091K(5312K)->5091K(5312K)
[2025-07-09T11:02:16.254+0000][gc          ] GC(31) Pause Young (Normal) (G1 Evacuation Pause) 207M->160M(1024M) 32.716ms
[2025-07-09T11:02:16.254+0000][gc,cpu      ] GC(31) User=0.02s Sys=0.01s Real=0.03s
[2025-07-09T11:02:39.289+0000][gc,start    ] GC(32) Pause Young (Normal) (G1 Evacuation Pause)
[2025-07-09T11:02:39.289+0000][gc,task     ] GC(32) Using 2 workers of 2 for evacuation
[2025-07-09T11:02:39.316+0000][gc,mmu      ] GC(32) MMU target violated: 21.0ms (20.0ms/21.0ms)
[2025-07-09T11:02:39.316+0000][gc,phases   ] GC(32)   Pre Evacuate Collection Set: 1.7ms
[2025-07-09T11:02:39.316+0000][gc,phases   ] GC(32)   Merge Heap Roots: 0.1ms
[2025-07-09T11:02:39.316+0000][gc,phases   ] GC(32)   Evacuate Collection Set: 24.6ms
[2025-07-09T11:02:39.316+0000][gc,phases   ] GC(32)   Post Evacuate Collection Set: 0.6ms
[2025-07-09T11:02:39.316+0000][gc,phases   ] GC(32)   Other: 0.2ms
[2025-07-09T11:02:39.316+0000][gc,heap     ] GC(32) Eden regions: 47->0(46)
[2025-07-09T11:02:39.316+0000][gc,heap     ] GC(32) Survivor regions: 4->5(7)
[2025-07-09T11:02:39.316+0000][gc,heap     ] GC(32) Old regions: 27->27
[2025-07-09T11:02:39.316+0000][gc,heap     ] GC(32) Archive regions: 2->2
[2025-07-09T11:02:39.316+0000][gc,heap     ] GC(32) Humongous regions: 129->129
[2025-07-09T11:02:39.316+0000][gc,metaspace] GC(32) Metaspace: 43602K(44096K)->43602K(44096K) NonClass: 38507K(38784K)->38507K(38784K) Class: 5095K(5312K)->5095K(5312K)
[2025-07-09T11:02:39.316+0000][gc          ] GC(32) Pause Young (Normal) (G1 Evacuation Pause) 207M->161M(1024M) 27.398ms
[2025-07-09T11:02:39.316+0000][gc,cpu      ] GC(32) User=0.02s Sys=0.00s Real=0.03s
[2025-07-09T11:31:00.966+0000][gc,start    ] GC(33) Pause Young (Normal) (G1 Evacuation Pause)
[2025-07-09T11:31:00.966+0000][gc,task     ] GC(33) Using 2 workers of 2 for evacuation
[2025-07-09T11:31:00.974+0000][gc,phases   ] GC(33)   Pre Evacuate Collection Set: 0.4ms
[2025-07-09T11:31:00.974+0000][gc,phases   ] GC(33)   Merge Heap Roots: 0.2ms
[2025-07-09T11:31:00.974+0000][gc,phases   ] GC(33)   Evacuate Collection Set: 6.8ms
[2025-07-09T11:31:00.974+0000][gc,phases   ] GC(33)   Post Evacuate Collection Set: 0.5ms
[2025-07-09T11:31:00.974+0000][gc,phases   ] GC(33)   Other: 0.2ms
[2025-07-09T11:31:00.974+0000][gc,heap     ] GC(33) Eden regions: 46->0(59)
[2025-07-09T11:31:00.974+0000][gc,heap     ] GC(33) Survivor regions: 5->4(7)
[2025-07-09T11:31:00.974+0000][gc,heap     ] GC(33) Old regions: 27->28
[2025-07-09T11:31:00.974+0000][gc,heap     ] GC(33) Archive regions: 2->2
[2025-07-09T11:31:00.974+0000][gc,heap     ] GC(33) Humongous regions: 129->129
[2025-07-09T11:31:00.974+0000][gc,metaspace] GC(33) Metaspace: 43758K(44288K)->43758K(44288K) NonClass: 38662K(38976K)->38662K(38976K) Class: 5095K(5312K)->5095K(5312K)
[2025-07-09T11:31:00.974+0000][gc          ] GC(33) Pause Young (Normal) (G1 Evacuation Pause) 207M->160M(1024M) 8.160ms
[2025-07-09T11:31:00.974+0000][gc,cpu      ] GC(33) User=0.01s Sys=0.00s Real=0.01s
[2025-07-09T12:09:36.432+0000][gc,start    ] GC(34) Pause Young (Normal) (G1 Evacuation Pause)
[2025-07-09T12:09:36.432+0000][gc,task     ] GC(34) Using 2 workers of 2 for evacuation
[2025-07-09T12:09:36.449+0000][gc,phases   ] GC(34)   Pre Evacuate Collection Set: 0.2ms
[2025-07-09T12:09:36.449+0000][gc,phases   ] GC(34)   Merge Heap Roots: 0.1ms
[2025-07-09T12:09:36.449+0000][gc,phases   ] GC(34)   Evacuate Collection Set: 10.2ms
[2025-07-09T12:09:36.449+0000][gc,phases   ] GC(34)   Post Evacuate Collection Set: 6.0ms
[2025-07-09T12:09:36.449+0000][gc,phases   ] GC(34)   Other: 0.2ms
[2025-07-09T12:09:36.449+0000][gc,heap     ] GC(34) Eden regions: 55->0(610)
[2025-07-09T12:09:36.449+0000][gc,heap     ] GC(34) Survivor regions: 4->4(8)
[2025-07-09T12:09:36.449+0000][gc,heap     ] GC(34) Old regions: 28->28
[2025-07-09T12:09:36.449+0000][gc,heap     ] GC(34) Archive regions: 2->2
[2025-07-09T12:09:36.449+0000][gc,heap     ] GC(34) Humongous regions: 129->129
[2025-07-09T12:09:36.449+0000][gc,metaspace] GC(34) Metaspace: 43866K(44352K)->43866K(44352K) NonClass: 38768K(39040K)->38768K(39040K) Class: 5098K(5312K)->5098K(5312K)
[2025-07-09T12:09:36.449+0000][gc          ] GC(34) Pause Young (Normal) (G1 Evacuation Pause) 215M->160M(1024M) 16.912ms
[2025-07-09T12:09:36.449+0000][gc,cpu      ] GC(34) User=0.02s Sys=0.00s Real=0.01s
[2025-07-09T12:53:49.672+0000][gc,heap,exit] Heap
[2025-07-09T12:53:49.672+0000][gc,heap,exit]  garbage-first heap   total 1048576K, used 244863K [0x00000000c0000000, 0x0000000100000000)
[2025-07-09T12:53:49.672+0000][gc,heap,exit]   region size 1024K, 83 young (84992K), 4 survivors (4096K)
[2025-07-09T12:53:49.672+0000][gc,heap,exit]  Metaspace       used 44786K, committed 45376K, reserved 1114112K
[2025-07-09T12:53:49.672+0000][gc,heap,exit]   class space    used 5274K, committed 5568K, reserved 1048576K
