[2025-06-27T10:30:00.221+0000][gc] Using G1
[2025-06-27T10:30:00.237+0000][gc,init] Version: 17.0.15+6-LTS (release)
[2025-06-27T10:30:00.237+0000][gc,init] CPUs: 2 total, 2 available
[2025-06-27T10:30:00.237+0000][gc,init] Memory: 3827M
[2025-06-27T10:30:00.237+0000][gc,init] Large Page Support: Disabled
[2025-06-27T10:30:00.237+0000][gc,init] NUMA Support: Disabled
[2025-06-27T10:30:00.237+0000][gc,init] Compressed Oops: Enabled (32-bit)
[2025-06-27T10:30:00.237+0000][gc,init] Heap Region Size: 1M
[2025-06-27T10:30:00.237+0000][gc,init] Heap Min Capacity: 1G
[2025-06-27T10:30:00.238+0000][gc,init] Heap Initial Capacity: 1G
[2025-06-27T10:30:00.238+0000][gc,init] Heap Max Capacity: 1G
[2025-06-27T10:30:00.238+0000][gc,init] Pre-touch: Disabled
[2025-06-27T10:30:00.238+0000][gc,init] Parallel Workers: 2
[2025-06-27T10:30:00.238+0000][gc,init] Concurrent Workers: 1
[2025-06-27T10:30:00.238+0000][gc,init] Concurrent Refinement Workers: 2
[2025-06-27T10:30:00.238+0000][gc,init] Periodic GC: Disabled
[2025-06-27T10:30:00.247+0000][gc,metaspace] CDS archive(s) mapped at: [0x00007fe3db000000-0x00007fe3dbbbe000-0x00007fe3dbbbe000), size 12312576, SharedBaseAddress: 0x00007fe3db000000, ArchiveRelocationMode: 1.
[2025-06-27T10:30:00.247+0000][gc,metaspace] Compressed class space mapped at: 0x00007fe3dc000000-0x00007fe41c000000, reserved size: 1073741824
[2025-06-27T10:30:00.247+0000][gc,metaspace] Narrow klass base: 0x00007fe3db000000, Narrow klass shift: 0, Narrow klass range: 0x100000000
[2025-06-27T10:30:01.680+0000][gc,start    ] GC(0) Pause Young (Normal) (G1 Evacuation Pause)
[2025-06-27T10:30:01.680+0000][gc,task     ] GC(0) Using 2 workers of 2 for evacuation
[2025-06-27T10:30:01.705+0000][gc,mmu      ] GC(0) MMU target violated: 21.0ms (20.0ms/21.0ms)
[2025-06-27T10:30:01.705+0000][gc,phases   ] GC(0)   Pre Evacuate Collection Set: 0.2ms
[2025-06-27T10:30:01.705+0000][gc,phases   ] GC(0)   Merge Heap Roots: 0.1ms
[2025-06-27T10:30:01.705+0000][gc,phases   ] GC(0)   Evacuate Collection Set: 23.4ms
[2025-06-27T10:30:01.705+0000][gc,phases   ] GC(0)   Post Evacuate Collection Set: 0.8ms
[2025-06-27T10:30:01.705+0000][gc,phases   ] GC(0)   Other: 0.4ms
[2025-06-27T10:30:01.705+0000][gc,heap     ] GC(0) Eden regions: 51->0(44)
[2025-06-27T10:30:01.705+0000][gc,heap     ] GC(0) Survivor regions: 0->7(7)
[2025-06-27T10:30:01.705+0000][gc,heap     ] GC(0) Old regions: 0->2
[2025-06-27T10:30:01.705+0000][gc,heap     ] GC(0) Archive regions: 2->2
[2025-06-27T10:30:01.705+0000][gc,heap     ] GC(0) Humongous regions: 0->0
[2025-06-27T10:30:01.705+0000][gc,metaspace] GC(0) Metaspace: 17735K(17920K)->17735K(17920K) NonClass: 15583K(15680K)->15583K(15680K) Class: 2151K(2240K)->2151K(2240K)
[2025-06-27T10:30:01.705+0000][gc          ] GC(0) Pause Young (Normal) (G1 Evacuation Pause) 51M->8M(1024M) 24.993ms
[2025-06-27T10:30:01.705+0000][gc,cpu      ] GC(0) User=0.02s Sys=0.00s Real=0.02s
[2025-06-27T10:30:02.361+0000][gc,start    ] GC(1) Pause Young (Concurrent Start) (Metadata GC Threshold)
[2025-06-27T10:30:02.361+0000][gc,task     ] GC(1) Using 2 workers of 2 for evacuation
[2025-06-27T10:30:02.392+0000][gc,mmu      ] GC(1) MMU target violated: 21.0ms (20.0ms/21.0ms)
[2025-06-27T10:30:02.392+0000][gc,phases   ] GC(1)   Pre Evacuate Collection Set: 3.8ms
[2025-06-27T10:30:02.392+0000][gc,phases   ] GC(1)   Merge Heap Roots: 0.1ms
[2025-06-27T10:30:02.392+0000][gc,phases   ] GC(1)   Evacuate Collection Set: 26.2ms
[2025-06-27T10:30:02.392+0000][gc,phases   ] GC(1)   Post Evacuate Collection Set: 0.9ms
[2025-06-27T10:30:02.392+0000][gc,phases   ] GC(1)   Other: 0.3ms
[2025-06-27T10:30:02.392+0000][gc,heap     ] GC(1) Eden regions: 14->0(50)
[2025-06-27T10:30:02.392+0000][gc,heap     ] GC(1) Survivor regions: 7->1(7)
[2025-06-27T10:30:02.392+0000][gc,heap     ] GC(1) Old regions: 2->8
[2025-06-27T10:30:02.392+0000][gc,heap     ] GC(1) Archive regions: 2->2
[2025-06-27T10:30:02.392+0000][gc,heap     ] GC(1) Humongous regions: 0->0
[2025-06-27T10:30:02.392+0000][gc,metaspace] GC(1) Metaspace: 21315K(21504K)->21315K(21504K) NonClass: 18715K(18816K)->18715K(18816K) Class: 2599K(2688K)->2599K(2688K)
[2025-06-27T10:30:02.392+0000][gc          ] GC(1) Pause Young (Concurrent Start) (Metadata GC Threshold) 22M->9M(1024M) 31.272ms
[2025-06-27T10:30:02.392+0000][gc,cpu      ] GC(1) User=0.02s Sys=0.01s Real=0.03s
[2025-06-27T10:30:02.392+0000][gc          ] GC(2) Concurrent Mark Cycle
[2025-06-27T10:30:02.392+0000][gc,marking  ] GC(2) Concurrent Clear Claimed Marks
[2025-06-27T10:30:02.392+0000][gc,marking  ] GC(2) Concurrent Clear Claimed Marks 0.020ms
[2025-06-27T10:30:02.392+0000][gc,marking  ] GC(2) Concurrent Scan Root Regions
[2025-06-27T10:30:02.396+0000][gc,marking  ] GC(2) Concurrent Scan Root Regions 4.035ms
[2025-06-27T10:30:02.396+0000][gc,marking  ] GC(2) Concurrent Mark
[2025-06-27T10:30:02.396+0000][gc,marking  ] GC(2) Concurrent Mark From Roots
[2025-06-27T10:30:02.396+0000][gc,task     ] GC(2) Using 1 workers of 1 for marking
[2025-06-27T10:30:02.405+0000][gc,marking  ] GC(2) Concurrent Mark From Roots 9.148ms
[2025-06-27T10:30:02.405+0000][gc,marking  ] GC(2) Concurrent Preclean
[2025-06-27T10:30:02.405+0000][gc,marking  ] GC(2) Concurrent Preclean 0.043ms
[2025-06-27T10:30:02.405+0000][gc,start    ] GC(2) Pause Remark
[2025-06-27T10:30:02.417+0000][gc          ] GC(2) Pause Remark 10M->10M(1024M) 12.033ms
[2025-06-27T10:30:02.418+0000][gc,cpu      ] GC(2) User=0.01s Sys=0.00s Real=0.02s
[2025-06-27T10:30:02.418+0000][gc,marking  ] GC(2) Concurrent Mark 21.528ms
[2025-06-27T10:30:02.418+0000][gc,marking  ] GC(2) Concurrent Rebuild Remembered Sets
[2025-06-27T10:30:02.418+0000][gc,marking  ] GC(2) Concurrent Rebuild Remembered Sets 0.006ms
[2025-06-27T10:30:02.418+0000][gc,start    ] GC(2) Pause Cleanup
[2025-06-27T10:30:02.418+0000][gc          ] GC(2) Pause Cleanup 10M->10M(1024M) 0.019ms
[2025-06-27T10:30:02.418+0000][gc,cpu      ] GC(2) User=0.00s Sys=0.00s Real=0.00s
[2025-06-27T10:30:02.418+0000][gc,marking  ] GC(2) Concurrent Cleanup for Next Mark
[2025-06-27T10:30:02.436+0000][gc,marking  ] GC(2) Concurrent Cleanup for Next Mark 18.217ms
[2025-06-27T10:30:02.436+0000][gc          ] GC(2) Concurrent Mark Cycle 44.239ms
[2025-06-27T10:30:04.015+0000][gc,start    ] GC(3) Pause Young (Normal) (G1 Evacuation Pause)
[2025-06-27T10:30:04.015+0000][gc,task     ] GC(3) Using 2 workers of 2 for evacuation
[2025-06-27T10:30:04.050+0000][gc,mmu      ] GC(3) MMU target violated: 21.0ms (20.0ms/21.0ms)
[2025-06-27T10:30:04.050+0000][gc,phases   ] GC(3)   Pre Evacuate Collection Set: 0.2ms
[2025-06-27T10:30:04.050+0000][gc,phases   ] GC(3)   Merge Heap Roots: 0.1ms
[2025-06-27T10:30:04.050+0000][gc,phases   ] GC(3)   Evacuate Collection Set: 33.8ms
[2025-06-27T10:30:04.050+0000][gc,phases   ] GC(3)   Post Evacuate Collection Set: 1.0ms
[2025-06-27T10:30:04.050+0000][gc,phases   ] GC(3)   Other: 0.2ms
[2025-06-27T10:30:04.050+0000][gc,heap     ] GC(3) Eden regions: 50->0(45)
[2025-06-27T10:30:04.050+0000][gc,heap     ] GC(3) Survivor regions: 1->6(7)
[2025-06-27T10:30:04.050+0000][gc,heap     ] GC(3) Old regions: 8->8
[2025-06-27T10:30:04.050+0000][gc,heap     ] GC(3) Archive regions: 2->2
[2025-06-27T10:30:04.050+0000][gc,heap     ] GC(3) Humongous regions: 129->129
[2025-06-27T10:30:04.050+0000][gc,metaspace] GC(3) Metaspace: 30929K(31232K)->30929K(31232K) NonClass: 27443K(27584K)->27443K(27584K) Class: 3485K(3648K)->3485K(3648K)
[2025-06-27T10:30:04.050+0000][gc          ] GC(3) Pause Young (Normal) (G1 Evacuation Pause) 188M->143M(1024M) 35.365ms
[2025-06-27T10:30:04.050+0000][gc,cpu      ] GC(3) User=0.04s Sys=0.00s Real=0.04s
[2025-06-27T10:30:04.789+0000][gc,start    ] GC(4) Pause Young (Concurrent Start) (Metadata GC Threshold)
[2025-06-27T10:30:04.789+0000][gc,task     ] GC(4) Using 2 workers of 2 for evacuation
[2025-06-27T10:30:04.814+0000][gc,mmu      ] GC(4) MMU target violated: 21.0ms (20.0ms/21.0ms)
[2025-06-27T10:30:04.814+0000][gc,phases   ] GC(4)   Pre Evacuate Collection Set: 0.2ms
[2025-06-27T10:30:04.814+0000][gc,phases   ] GC(4)   Merge Heap Roots: 0.1ms
[2025-06-27T10:30:04.814+0000][gc,phases   ] GC(4)   Evacuate Collection Set: 23.9ms
[2025-06-27T10:30:04.814+0000][gc,phases   ] GC(4)   Post Evacuate Collection Set: 0.6ms
[2025-06-27T10:30:04.814+0000][gc,phases   ] GC(4)   Other: 0.3ms
[2025-06-27T10:30:04.814+0000][gc,heap     ] GC(4) Eden regions: 20->0(49)
[2025-06-27T10:30:04.814+0000][gc,heap     ] GC(4) Survivor regions: 6->2(7)
[2025-06-27T10:30:04.814+0000][gc,heap     ] GC(4) Old regions: 8->14
[2025-06-27T10:30:04.814+0000][gc,heap     ] GC(4) Archive regions: 2->2
[2025-06-27T10:30:04.814+0000][gc,heap     ] GC(4) Humongous regions: 129->129
[2025-06-27T10:30:04.814+0000][gc,metaspace] GC(4) Metaspace: 35716K(35968K)->35716K(35968K) NonClass: 31705K(31808K)->31705K(31808K) Class: 4011K(4160K)->4011K(4160K)
[2025-06-27T10:30:04.814+0000][gc          ] GC(4) Pause Young (Concurrent Start) (Metadata GC Threshold) 163M->145M(1024M) 25.171ms
[2025-06-27T10:30:04.814+0000][gc,cpu      ] GC(4) User=0.04s Sys=0.00s Real=0.02s
[2025-06-27T10:30:04.814+0000][gc          ] GC(5) Concurrent Mark Cycle
[2025-06-27T10:30:04.814+0000][gc,marking  ] GC(5) Concurrent Clear Claimed Marks
[2025-06-27T10:30:04.814+0000][gc,marking  ] GC(5) Concurrent Clear Claimed Marks 0.039ms
[2025-06-27T10:30:04.814+0000][gc,marking  ] GC(5) Concurrent Scan Root Regions
[2025-06-27T10:30:04.824+0000][gc,marking  ] GC(5) Concurrent Scan Root Regions 9.318ms
[2025-06-27T10:30:04.824+0000][gc,marking  ] GC(5) Concurrent Mark
[2025-06-27T10:30:04.824+0000][gc,marking  ] GC(5) Concurrent Mark From Roots
[2025-06-27T10:30:04.824+0000][gc,task     ] GC(5) Using 1 workers of 1 for marking
[2025-06-27T10:30:04.948+0000][gc,marking  ] GC(5) Concurrent Mark From Roots 124.193ms
[2025-06-27T10:30:04.948+0000][gc,marking  ] GC(5) Concurrent Preclean
[2025-06-27T10:30:04.948+0000][gc,marking  ] GC(5) Concurrent Preclean 0.101ms
[2025-06-27T10:30:04.951+0000][gc,start    ] GC(5) Pause Remark
[2025-06-27T10:30:04.954+0000][gc          ] GC(5) Pause Remark 149M->149M(1024M) 3.201ms
[2025-06-27T10:30:04.954+0000][gc,cpu      ] GC(5) User=0.01s Sys=0.00s Real=0.00s
[2025-06-27T10:30:04.954+0000][gc,marking  ] GC(5) Concurrent Mark 130.832ms
[2025-06-27T10:30:04.954+0000][gc,marking  ] GC(5) Concurrent Rebuild Remembered Sets
[2025-06-27T10:30:04.982+0000][gc,marking  ] GC(5) Concurrent Rebuild Remembered Sets 27.409ms
[2025-06-27T10:30:04.991+0000][gc,start    ] GC(5) Pause Cleanup
[2025-06-27T10:30:04.991+0000][gc          ] GC(5) Pause Cleanup 150M->150M(1024M) 0.213ms
[2025-06-27T10:30:04.991+0000][gc,cpu      ] GC(5) User=0.00s Sys=0.00s Real=0.00s
[2025-06-27T10:30:04.992+0000][gc,marking  ] GC(5) Concurrent Cleanup for Next Mark
[2025-06-27T10:30:05.038+0000][gc,marking  ] GC(5) Concurrent Cleanup for Next Mark 45.694ms
[2025-06-27T10:30:05.038+0000][gc          ] GC(5) Concurrent Mark Cycle 223.385ms
[2025-06-27T10:30:18.933+0000][gc,start    ] GC(6) Pause Young (Prepare Mixed) (G1 Evacuation Pause)
[2025-06-27T10:30:18.933+0000][gc,task     ] GC(6) Using 2 workers of 2 for evacuation
[2025-06-27T10:30:18.967+0000][gc,mmu      ] GC(6) MMU target violated: 21.0ms (20.0ms/21.0ms)
[2025-06-27T10:30:18.967+0000][gc,phases   ] GC(6)   Pre Evacuate Collection Set: 0.3ms
[2025-06-27T10:30:18.967+0000][gc,phases   ] GC(6)   Merge Heap Roots: 0.2ms
[2025-06-27T10:30:18.967+0000][gc,phases   ] GC(6)   Evacuate Collection Set: 32.6ms
[2025-06-27T10:30:18.967+0000][gc,phases   ] GC(6)   Post Evacuate Collection Set: 1.2ms
[2025-06-27T10:30:18.967+0000][gc,phases   ] GC(6)   Other: 0.2ms
[2025-06-27T10:30:18.967+0000][gc,heap     ] GC(6) Eden regions: 49->0(47)
[2025-06-27T10:30:18.967+0000][gc,heap     ] GC(6) Survivor regions: 2->4(7)
[2025-06-27T10:30:18.967+0000][gc,heap     ] GC(6) Old regions: 14->14
[2025-06-27T10:30:18.967+0000][gc,heap     ] GC(6) Archive regions: 2->2
[2025-06-27T10:30:18.967+0000][gc,heap     ] GC(6) Humongous regions: 135->129
[2025-06-27T10:30:18.967+0000][gc,metaspace] GC(6) Metaspace: 42142K(42624K)->42142K(42624K) NonClass: 37216K(37504K)->37216K(37504K) Class: 4925K(5120K)->4925K(5120K)
[2025-06-27T10:30:18.967+0000][gc          ] GC(6) Pause Young (Prepare Mixed) (G1 Evacuation Pause) 200M->147M(1024M) 34.598ms
[2025-06-27T10:30:18.967+0000][gc,cpu      ] GC(6) User=0.02s Sys=0.00s Real=0.04s
[2025-06-27T10:30:45.305+0000][gc,start    ] GC(7) Pause Young (Mixed) (G1 Evacuation Pause)
[2025-06-27T10:30:45.305+0000][gc,task     ] GC(7) Using 2 workers of 2 for evacuation
[2025-06-27T10:30:45.350+0000][gc,mmu      ] GC(7) MMU target violated: 21.0ms (20.0ms/21.0ms)
[2025-06-27T10:30:45.350+0000][gc,phases   ] GC(7)   Pre Evacuate Collection Set: 0.2ms
[2025-06-27T10:30:45.350+0000][gc,phases   ] GC(7)   Merge Heap Roots: 0.2ms
[2025-06-27T10:30:45.350+0000][gc,phases   ] GC(7)   Evacuate Collection Set: 43.1ms
[2025-06-27T10:30:45.350+0000][gc,phases   ] GC(7)   Post Evacuate Collection Set: 1.5ms
[2025-06-27T10:30:45.350+0000][gc,phases   ] GC(7)   Other: 0.2ms
[2025-06-27T10:30:45.351+0000][gc,heap     ] GC(7) Eden regions: 47->0(48)
[2025-06-27T10:30:45.351+0000][gc,heap     ] GC(7) Survivor regions: 4->3(7)
[2025-06-27T10:30:45.351+0000][gc,heap     ] GC(7) Old regions: 14->15
[2025-06-27T10:30:45.351+0000][gc,heap     ] GC(7) Archive regions: 2->2
[2025-06-27T10:30:45.351+0000][gc,heap     ] GC(7) Humongous regions: 129->129
[2025-06-27T10:30:45.351+0000][gc,metaspace] GC(7) Metaspace: 42587K(43136K)->42587K(43136K) NonClass: 37581K(37888K)->37581K(37888K) Class: 5006K(5248K)->5006K(5248K)
[2025-06-27T10:30:45.351+0000][gc          ] GC(7) Pause Young (Mixed) (G1 Evacuation Pause) 194M->147M(1024M) 45.391ms
[2025-06-27T10:30:45.351+0000][gc,cpu      ] GC(7) User=0.03s Sys=0.00s Real=0.05s
[2025-06-27T10:31:14.314+0000][gc,start    ] GC(8) Pause Young (Concurrent Start) (G1 Evacuation Pause)
[2025-06-27T10:31:14.314+0000][gc,task     ] GC(8) Using 2 workers of 2 for evacuation
[2025-06-27T10:31:14.343+0000][gc,mmu      ] GC(8) MMU target violated: 21.0ms (20.0ms/21.0ms)
[2025-06-27T10:31:14.343+0000][gc,phases   ] GC(8)   Pre Evacuate Collection Set: 1.1ms
[2025-06-27T10:31:14.343+0000][gc,phases   ] GC(8)   Merge Heap Roots: 0.1ms
[2025-06-27T10:31:14.343+0000][gc,phases   ] GC(8)   Evacuate Collection Set: 26.8ms
[2025-06-27T10:31:14.343+0000][gc,phases   ] GC(8)   Post Evacuate Collection Set: 1.0ms
[2025-06-27T10:31:14.343+0000][gc,phases   ] GC(8)   Other: 0.3ms
[2025-06-27T10:31:14.343+0000][gc,heap     ] GC(8) Eden regions: 48->0(47)
[2025-06-27T10:31:14.343+0000][gc,heap     ] GC(8) Survivor regions: 3->4(7)
[2025-06-27T10:31:14.343+0000][gc,heap     ] GC(8) Old regions: 15->15
[2025-06-27T10:31:14.343+0000][gc,heap     ] GC(8) Archive regions: 2->2
[2025-06-27T10:31:14.343+0000][gc,heap     ] GC(8) Humongous regions: 129->129
[2025-06-27T10:31:14.343+0000][gc,metaspace] GC(8) Metaspace: 42611K(43200K)->42611K(43200K) NonClass: 37604K(37952K)->37604K(37952K) Class: 5007K(5248K)->5007K(5248K)
[2025-06-27T10:31:14.343+0000][gc          ] GC(8) Pause Young (Concurrent Start) (G1 Evacuation Pause) 195M->148M(1024M) 29.348ms
[2025-06-27T10:31:14.343+0000][gc,cpu      ] GC(8) User=0.02s Sys=0.00s Real=0.03s
[2025-06-27T10:31:14.344+0000][gc          ] GC(9) Concurrent Mark Cycle
[2025-06-27T10:31:14.344+0000][gc,marking  ] GC(9) Concurrent Clear Claimed Marks
[2025-06-27T10:31:14.345+0000][gc,marking  ] GC(9) Concurrent Clear Claimed Marks 0.058ms
[2025-06-27T10:31:14.345+0000][gc,marking  ] GC(9) Concurrent Scan Root Regions
[2025-06-27T10:31:14.349+0000][gc,marking  ] GC(9) Concurrent Scan Root Regions 4.002ms
[2025-06-27T10:31:14.349+0000][gc,marking  ] GC(9) Concurrent Mark
[2025-06-27T10:31:14.349+0000][gc,marking  ] GC(9) Concurrent Mark From Roots
[2025-06-27T10:31:14.349+0000][gc,task     ] GC(9) Using 1 workers of 1 for marking
[2025-06-27T10:31:14.411+0000][gc,marking  ] GC(9) Concurrent Mark From Roots 62.433ms
[2025-06-27T10:31:14.411+0000][gc,marking  ] GC(9) Concurrent Preclean
[2025-06-27T10:31:14.411+0000][gc,marking  ] GC(9) Concurrent Preclean 0.165ms
[2025-06-27T10:31:14.412+0000][gc,start    ] GC(9) Pause Remark
[2025-06-27T10:31:14.425+0000][gc          ] GC(9) Pause Remark 148M->148M(1024M) 12.955ms
[2025-06-27T10:31:14.425+0000][gc,cpu      ] GC(9) User=0.01s Sys=0.00s Real=0.01s
[2025-06-27T10:31:14.428+0000][gc,marking  ] GC(9) Concurrent Mark 79.056ms
[2025-06-27T10:31:14.428+0000][gc,marking  ] GC(9) Concurrent Rebuild Remembered Sets
[2025-06-27T10:31:14.469+0000][gc,marking  ] GC(9) Concurrent Rebuild Remembered Sets 41.309ms
[2025-06-27T10:31:14.469+0000][gc,start    ] GC(9) Pause Cleanup
[2025-06-27T10:31:14.469+0000][gc          ] GC(9) Pause Cleanup 148M->148M(1024M) 0.205ms
[2025-06-27T10:31:14.469+0000][gc,cpu      ] GC(9) User=0.00s Sys=0.00s Real=0.00s
[2025-06-27T10:31:14.469+0000][gc,marking  ] GC(9) Concurrent Cleanup for Next Mark
[2025-06-27T10:31:14.473+0000][gc,marking  ] GC(9) Concurrent Cleanup for Next Mark 3.280ms
[2025-06-27T10:31:14.473+0000][gc          ] GC(9) Concurrent Mark Cycle 128.247ms
[2025-06-27T10:31:43.245+0000][gc,start    ] GC(10) Pause Young (Prepare Mixed) (G1 Evacuation Pause)
[2025-06-27T10:31:43.245+0000][gc,task     ] GC(10) Using 2 workers of 2 for evacuation
[2025-06-27T10:31:43.265+0000][gc,phases   ] GC(10)   Pre Evacuate Collection Set: 0.4ms
[2025-06-27T10:31:43.265+0000][gc,phases   ] GC(10)   Merge Heap Roots: 0.1ms
[2025-06-27T10:31:43.265+0000][gc,phases   ] GC(10)   Evacuate Collection Set: 18.2ms
[2025-06-27T10:31:43.265+0000][gc,phases   ] GC(10)   Post Evacuate Collection Set: 1.0ms
[2025-06-27T10:31:43.265+0000][gc,phases   ] GC(10)   Other: 0.2ms
[2025-06-27T10:31:43.265+0000][gc,heap     ] GC(10) Eden regions: 47->0(48)
[2025-06-27T10:31:43.265+0000][gc,heap     ] GC(10) Survivor regions: 4->3(7)
[2025-06-27T10:31:43.265+0000][gc,heap     ] GC(10) Old regions: 15->15
[2025-06-27T10:31:43.265+0000][gc,heap     ] GC(10) Archive regions: 2->2
[2025-06-27T10:31:43.265+0000][gc,heap     ] GC(10) Humongous regions: 129->129
[2025-06-27T10:31:43.265+0000][gc,metaspace] GC(10) Metaspace: 42629K(43200K)->42629K(43200K) NonClass: 37622K(37952K)->37622K(37952K) Class: 5007K(5248K)->5007K(5248K)
[2025-06-27T10:31:43.265+0000][gc          ] GC(10) Pause Young (Prepare Mixed) (G1 Evacuation Pause) 195M->147M(1024M) 20.005ms
[2025-06-27T10:31:43.265+0000][gc,cpu      ] GC(10) User=0.02s Sys=0.00s Real=0.02s
[2025-06-27T10:32:14.357+0000][gc,start    ] GC(11) Pause Young (Mixed) (G1 Evacuation Pause)
[2025-06-27T10:32:14.357+0000][gc,task     ] GC(11) Using 2 workers of 2 for evacuation
[2025-06-27T10:32:14.390+0000][gc,mmu      ] GC(11) MMU target violated: 21.0ms (20.0ms/21.0ms)
[2025-06-27T10:32:14.390+0000][gc,phases   ] GC(11)   Pre Evacuate Collection Set: 0.2ms
[2025-06-27T10:32:14.390+0000][gc,phases   ] GC(11)   Merge Heap Roots: 0.3ms
[2025-06-27T10:32:14.390+0000][gc,phases   ] GC(11)   Evacuate Collection Set: 31.4ms
[2025-06-27T10:32:14.390+0000][gc,phases   ] GC(11)   Post Evacuate Collection Set: 1.3ms
[2025-06-27T10:32:14.390+0000][gc,phases   ] GC(11)   Other: 0.2ms
[2025-06-27T10:32:14.390+0000][gc,heap     ] GC(11) Eden regions: 48->0(48)
[2025-06-27T10:32:14.390+0000][gc,heap     ] GC(11) Survivor regions: 3->3(7)
[2025-06-27T10:32:14.390+0000][gc,heap     ] GC(11) Old regions: 15->15
[2025-06-27T10:32:14.390+0000][gc,heap     ] GC(11) Archive regions: 2->2
[2025-06-27T10:32:14.390+0000][gc,heap     ] GC(11) Humongous regions: 129->129
[2025-06-27T10:32:14.390+0000][gc,metaspace] GC(11) Metaspace: 42663K(43200K)->42663K(43200K) NonClass: 37656K(37952K)->37656K(37952K) Class: 5007K(5248K)->5007K(5248K)
[2025-06-27T10:32:14.390+0000][gc          ] GC(11) Pause Young (Mixed) (G1 Evacuation Pause) 195M->147M(1024M) 33.524ms
[2025-06-27T10:32:14.390+0000][gc,cpu      ] GC(11) User=0.02s Sys=0.00s Real=0.03s
[2025-06-27T10:32:45.966+0000][gc,start    ] GC(12) Pause Young (Normal) (G1 Evacuation Pause)
[2025-06-27T10:32:45.966+0000][gc,task     ] GC(12) Using 2 workers of 2 for evacuation
[2025-06-27T10:32:45.986+0000][gc,mmu      ] GC(12) MMU target violated: 20.5ms (20.0ms/21.0ms)
[2025-06-27T10:32:45.986+0000][gc,phases   ] GC(12)   Pre Evacuate Collection Set: 0.2ms
[2025-06-27T10:32:45.986+0000][gc,phases   ] GC(12)   Merge Heap Roots: 0.1ms
[2025-06-27T10:32:45.986+0000][gc,phases   ] GC(12)   Evacuate Collection Set: 19.3ms
[2025-06-27T10:32:45.986+0000][gc,phases   ] GC(12)   Post Evacuate Collection Set: 0.9ms
[2025-06-27T10:32:45.986+0000][gc,phases   ] GC(12)   Other: 0.2ms
[2025-06-27T10:32:45.986+0000][gc,heap     ] GC(12) Eden regions: 48->0(47)
[2025-06-27T10:32:45.986+0000][gc,heap     ] GC(12) Survivor regions: 3->4(7)
[2025-06-27T10:32:45.986+0000][gc,heap     ] GC(12) Old regions: 15->15
[2025-06-27T10:32:45.987+0000][gc,heap     ] GC(12) Archive regions: 2->2
[2025-06-27T10:32:45.987+0000][gc,heap     ] GC(12) Humongous regions: 129->129
[2025-06-27T10:32:45.987+0000][gc,metaspace] GC(12) Metaspace: 42722K(43264K)->42722K(43264K) NonClass: 37715K(38016K)->37715K(38016K) Class: 5007K(5248K)->5007K(5248K)
[2025-06-27T10:32:45.987+0000][gc          ] GC(12) Pause Young (Normal) (G1 Evacuation Pause) 195M->147M(1024M) 20.855ms
[2025-06-27T10:32:45.987+0000][gc,cpu      ] GC(12) User=0.02s Sys=0.00s Real=0.03s
[2025-06-27T10:33:17.518+0000][gc,start    ] GC(13) Pause Young (Normal) (G1 Evacuation Pause)
[2025-06-27T10:33:17.518+0000][gc,task     ] GC(13) Using 2 workers of 2 for evacuation
[2025-06-27T10:33:17.539+0000][gc,mmu      ] GC(13) MMU target violated: 21.0ms (20.0ms/21.0ms)
[2025-06-27T10:33:17.539+0000][gc,phases   ] GC(13)   Pre Evacuate Collection Set: 4.1ms
[2025-06-27T10:33:17.539+0000][gc,phases   ] GC(13)   Merge Heap Roots: 0.1ms
[2025-06-27T10:33:17.539+0000][gc,phases   ] GC(13)   Evacuate Collection Set: 16.1ms
[2025-06-27T10:33:17.539+0000][gc,phases   ] GC(13)   Post Evacuate Collection Set: 1.0ms
[2025-06-27T10:33:17.539+0000][gc,phases   ] GC(13)   Other: 0.2ms
[2025-06-27T10:33:17.539+0000][gc,heap     ] GC(13) Eden regions: 47->0(47)
[2025-06-27T10:33:17.539+0000][gc,heap     ] GC(13) Survivor regions: 4->4(7)
[2025-06-27T10:33:17.539+0000][gc,heap     ] GC(13) Old regions: 15->15
[2025-06-27T10:33:17.539+0000][gc,heap     ] GC(13) Archive regions: 2->2
[2025-06-27T10:33:17.539+0000][gc,heap     ] GC(13) Humongous regions: 129->129
[2025-06-27T10:33:17.539+0000][gc,metaspace] GC(13) Metaspace: 42732K(43264K)->42732K(43264K) NonClass: 37724K(38016K)->37724K(38016K) Class: 5007K(5248K)->5007K(5248K)
[2025-06-27T10:33:17.539+0000][gc          ] GC(13) Pause Young (Normal) (G1 Evacuation Pause) 194M->147M(1024M) 21.529ms
[2025-06-27T10:33:17.539+0000][gc,cpu      ] GC(13) User=0.02s Sys=0.00s Real=0.02s
[2025-06-27T10:33:49.053+0000][gc,start    ] GC(14) Pause Young (Normal) (G1 Evacuation Pause)
[2025-06-27T10:33:49.053+0000][gc,task     ] GC(14) Using 2 workers of 2 for evacuation
[2025-06-27T10:33:49.087+0000][gc,mmu      ] GC(14) MMU target violated: 21.0ms (20.0ms/21.0ms)
[2025-06-27T10:33:49.087+0000][gc,phases   ] GC(14)   Pre Evacuate Collection Set: 1.1ms
[2025-06-27T10:33:49.087+0000][gc,phases   ] GC(14)   Merge Heap Roots: 0.1ms
[2025-06-27T10:33:49.087+0000][gc,phases   ] GC(14)   Evacuate Collection Set: 31.7ms
[2025-06-27T10:33:49.087+0000][gc,phases   ] GC(14)   Post Evacuate Collection Set: 1.0ms
[2025-06-27T10:33:49.087+0000][gc,phases   ] GC(14)   Other: 0.3ms
[2025-06-27T10:33:49.087+0000][gc,heap     ] GC(14) Eden regions: 47->0(48)
[2025-06-27T10:33:49.087+0000][gc,heap     ] GC(14) Survivor regions: 4->3(7)
[2025-06-27T10:33:49.087+0000][gc,heap     ] GC(14) Old regions: 15->15
[2025-06-27T10:33:49.087+0000][gc,heap     ] GC(14) Archive regions: 2->2
[2025-06-27T10:33:49.087+0000][gc,heap     ] GC(14) Humongous regions: 129->129
[2025-06-27T10:33:49.087+0000][gc,metaspace] GC(14) Metaspace: 42747K(43264K)->42747K(43264K) NonClass: 37739K(38016K)->37739K(38016K) Class: 5007K(5248K)->5007K(5248K)
[2025-06-27T10:33:49.087+0000][gc          ] GC(14) Pause Young (Normal) (G1 Evacuation Pause) 194M->147M(1024M) 34.322ms
[2025-06-27T10:33:49.087+0000][gc,cpu      ] GC(14) User=0.00s Sys=0.01s Real=0.04s
[2025-06-27T10:34:21.790+0000][gc,start    ] GC(15) Pause Young (Normal) (G1 Evacuation Pause)
[2025-06-27T10:34:21.790+0000][gc,task     ] GC(15) Using 2 workers of 2 for evacuation
[2025-06-27T10:34:21.812+0000][gc,mmu      ] GC(15) MMU target violated: 21.0ms (20.0ms/21.0ms)
[2025-06-27T10:34:21.812+0000][gc,phases   ] GC(15)   Pre Evacuate Collection Set: 0.9ms
[2025-06-27T10:34:21.812+0000][gc,phases   ] GC(15)   Merge Heap Roots: 0.1ms
[2025-06-27T10:34:21.812+0000][gc,phases   ] GC(15)   Evacuate Collection Set: 20.3ms
[2025-06-27T10:34:21.812+0000][gc,phases   ] GC(15)   Post Evacuate Collection Set: 0.9ms
[2025-06-27T10:34:21.812+0000][gc,phases   ] GC(15)   Other: 0.2ms
[2025-06-27T10:34:21.812+0000][gc,heap     ] GC(15) Eden regions: 48->0(48)
[2025-06-27T10:34:21.812+0000][gc,heap     ] GC(15) Survivor regions: 3->3(7)
[2025-06-27T10:34:21.812+0000][gc,heap     ] GC(15) Old regions: 15->15
[2025-06-27T10:34:21.812+0000][gc,heap     ] GC(15) Archive regions: 2->2
[2025-06-27T10:34:21.812+0000][gc,heap     ] GC(15) Humongous regions: 129->129
[2025-06-27T10:34:21.812+0000][gc,metaspace] GC(15) Metaspace: 42773K(43328K)->42773K(43328K) NonClass: 37765K(38080K)->37765K(38080K) Class: 5007K(5248K)->5007K(5248K)
[2025-06-27T10:34:21.812+0000][gc          ] GC(15) Pause Young (Normal) (G1 Evacuation Pause) 195M->147M(1024M) 22.513ms
[2025-06-27T10:34:21.812+0000][gc,cpu      ] GC(15) User=0.01s Sys=0.00s Real=0.02s
[2025-06-27T10:34:54.220+0000][gc,start    ] GC(16) Pause Young (Normal) (G1 Evacuation Pause)
[2025-06-27T10:34:54.220+0000][gc,task     ] GC(16) Using 2 workers of 2 for evacuation
[2025-06-27T10:34:54.248+0000][gc,mmu      ] GC(16) MMU target violated: 21.0ms (20.0ms/21.0ms)
[2025-06-27T10:34:54.248+0000][gc,phases   ] GC(16)   Pre Evacuate Collection Set: 1.0ms
[2025-06-27T10:34:54.248+0000][gc,phases   ] GC(16)   Merge Heap Roots: 0.2ms
[2025-06-27T10:34:54.248+0000][gc,phases   ] GC(16)   Evacuate Collection Set: 25.2ms
[2025-06-27T10:34:54.248+0000][gc,phases   ] GC(16)   Post Evacuate Collection Set: 1.1ms
[2025-06-27T10:34:54.248+0000][gc,phases   ] GC(16)   Other: 0.2ms
[2025-06-27T10:34:54.248+0000][gc,heap     ] GC(16) Eden regions: 48->0(47)
[2025-06-27T10:34:54.248+0000][gc,heap     ] GC(16) Survivor regions: 3->4(7)
[2025-06-27T10:34:54.248+0000][gc,heap     ] GC(16) Old regions: 15->15
[2025-06-27T10:34:54.248+0000][gc,heap     ] GC(16) Archive regions: 2->2
[2025-06-27T10:34:54.248+0000][gc,heap     ] GC(16) Humongous regions: 129->129
[2025-06-27T10:34:54.248+0000][gc,metaspace] GC(16) Metaspace: 42784K(43328K)->42784K(43328K) NonClass: 37776K(38080K)->37776K(38080K) Class: 5007K(5248K)->5007K(5248K)
[2025-06-27T10:34:54.248+0000][gc          ] GC(16) Pause Young (Normal) (G1 Evacuation Pause) 195M->147M(1024M) 27.759ms
[2025-06-27T10:34:54.248+0000][gc,cpu      ] GC(16) User=0.02s Sys=0.00s Real=0.03s
[2025-06-27T10:35:26.293+0000][gc,start    ] GC(17) Pause Young (Normal) (G1 Evacuation Pause)
[2025-06-27T10:35:26.293+0000][gc,task     ] GC(17) Using 2 workers of 2 for evacuation
[2025-06-27T10:35:26.314+0000][gc,mmu      ] GC(17) MMU target violated: 21.0ms (20.0ms/21.0ms)
[2025-06-27T10:35:26.314+0000][gc,phases   ] GC(17)   Pre Evacuate Collection Set: 1.0ms
[2025-06-27T10:35:26.314+0000][gc,phases   ] GC(17)   Merge Heap Roots: 0.1ms
[2025-06-27T10:35:26.314+0000][gc,phases   ] GC(17)   Evacuate Collection Set: 19.9ms
[2025-06-27T10:35:26.314+0000][gc,phases   ] GC(17)   Post Evacuate Collection Set: 0.6ms
[2025-06-27T10:35:26.314+0000][gc,phases   ] GC(17)   Other: 0.2ms
[2025-06-27T10:35:26.314+0000][gc,heap     ] GC(17) Eden regions: 47->0(50)
[2025-06-27T10:35:26.314+0000][gc,heap     ] GC(17) Survivor regions: 4->4(7)
[2025-06-27T10:35:26.314+0000][gc,heap     ] GC(17) Old regions: 15->15
[2025-06-27T10:35:26.314+0000][gc,heap     ] GC(17) Archive regions: 2->2
[2025-06-27T10:35:26.314+0000][gc,heap     ] GC(17) Humongous regions: 129->129
[2025-06-27T10:35:26.315+0000][gc,metaspace] GC(17) Metaspace: 42799K(43392K)->42799K(43392K) NonClass: 37791K(38144K)->37791K(38144K) Class: 5007K(5248K)->5007K(5248K)
[2025-06-27T10:35:26.315+0000][gc          ] GC(17) Pause Young (Normal) (G1 Evacuation Pause) 194M->147M(1024M) 21.906ms
[2025-06-27T10:35:26.315+0000][gc,cpu      ] GC(17) User=0.01s Sys=0.00s Real=0.02s
[2025-06-27T10:36:00.405+0000][gc,start    ] GC(18) Pause Young (Normal) (G1 Evacuation Pause)
[2025-06-27T10:36:00.405+0000][gc,task     ] GC(18) Using 2 workers of 2 for evacuation
[2025-06-27T10:36:00.428+0000][gc,mmu      ] GC(18) MMU target violated: 21.0ms (20.0ms/21.0ms)
[2025-06-27T10:36:00.428+0000][gc,phases   ] GC(18)   Pre Evacuate Collection Set: 1.4ms
[2025-06-27T10:36:00.428+0000][gc,phases   ] GC(18)   Merge Heap Roots: 2.4ms
[2025-06-27T10:36:00.428+0000][gc,phases   ] GC(18)   Evacuate Collection Set: 18.2ms
[2025-06-27T10:36:00.428+0000][gc,phases   ] GC(18)   Post Evacuate Collection Set: 0.9ms
[2025-06-27T10:36:00.428+0000][gc,phases   ] GC(18)   Other: 0.2ms
[2025-06-27T10:36:00.428+0000][gc,heap     ] GC(18) Eden regions: 50->0(77)
[2025-06-27T10:36:00.428+0000][gc,heap     ] GC(18) Survivor regions: 4->4(7)
[2025-06-27T10:36:00.428+0000][gc,heap     ] GC(18) Old regions: 15->15
[2025-06-27T10:36:00.428+0000][gc,heap     ] GC(18) Archive regions: 2->2
[2025-06-27T10:36:00.428+0000][gc,heap     ] GC(18) Humongous regions: 129->129
[2025-06-27T10:36:00.428+0000][gc,metaspace] GC(18) Metaspace: 42819K(43392K)->42819K(43392K) NonClass: 37812K(38144K)->37812K(38144K) Class: 5007K(5248K)->5007K(5248K)
[2025-06-27T10:36:00.428+0000][gc          ] GC(18) Pause Young (Normal) (G1 Evacuation Pause) 197M->147M(1024M) 23.152ms
[2025-06-27T10:36:00.428+0000][gc,cpu      ] GC(18) User=0.02s Sys=0.00s Real=0.03s
[2025-06-27T10:38:23.550+0000][gc,start    ] GC(19) Pause Young (Normal) (G1 Evacuation Pause)
[2025-06-27T10:38:23.550+0000][gc,task     ] GC(19) Using 2 workers of 2 for evacuation
[2025-06-27T10:38:23.561+0000][gc,phases   ] GC(19)   Pre Evacuate Collection Set: 0.3ms
[2025-06-27T10:38:23.561+0000][gc,phases   ] GC(19)   Merge Heap Roots: 0.1ms
[2025-06-27T10:38:23.561+0000][gc,phases   ] GC(19)   Evacuate Collection Set: 9.1ms
[2025-06-27T10:38:23.561+0000][gc,phases   ] GC(19)   Post Evacuate Collection Set: 0.9ms
[2025-06-27T10:38:23.561+0000][gc,phases   ] GC(19)   Other: 0.3ms
[2025-06-27T10:38:23.561+0000][gc,heap     ] GC(19) Eden regions: 77->0(165)
[2025-06-27T10:38:23.561+0000][gc,heap     ] GC(19) Survivor regions: 4->4(11)
[2025-06-27T10:38:23.561+0000][gc,heap     ] GC(19) Old regions: 15->15
[2025-06-27T10:38:23.561+0000][gc,heap     ] GC(19) Archive regions: 2->2
[2025-06-27T10:38:23.561+0000][gc,heap     ] GC(19) Humongous regions: 129->129
[2025-06-27T10:38:23.561+0000][gc,metaspace] GC(19) Metaspace: 42932K(43456K)->42932K(43456K) NonClass: 37909K(38208K)->37909K(38208K) Class: 5023K(5248K)->5023K(5248K)
[2025-06-27T10:38:23.561+0000][gc          ] GC(19) Pause Young (Normal) (G1 Evacuation Pause) 224M->148M(1024M) 10.650ms
[2025-06-27T10:38:23.561+0000][gc,cpu      ] GC(19) User=0.01s Sys=0.00s Real=0.01s
[2025-06-27T10:45:04.619+0000][gc,heap,exit] Heap
[2025-06-27T10:45:04.619+0000][gc,heap,exit]  garbage-first heap   total 1048576K, used 176363K [0x00000000c0000000, 0x0000000100000000)
[2025-06-27T10:45:04.619+0000][gc,heap,exit]   region size 1024K, 29 young (29696K), 4 survivors (4096K)
[2025-06-27T10:45:04.619+0000][gc,heap,exit]  Metaspace       used 43917K, committed 44480K, reserved 1114112K
[2025-06-27T10:45:04.619+0000][gc,heap,exit]   class space    used 5213K, committed 5440K, reserved 1048576K
