[2025-06-26T11:30:02.569+0000][gc] Using G1
[2025-06-26T11:30:02.595+0000][gc,init] Version: 17.0.15+6-LTS (release)
[2025-06-26T11:30:02.595+0000][gc,init] CPUs: 2 total, 2 available
[2025-06-26T11:30:02.595+0000][gc,init] Memory: 3827M
[2025-06-26T11:30:02.595+0000][gc,init] Large Page Support: Disabled
[2025-06-26T11:30:02.595+0000][gc,init] NUMA Support: Disabled
[2025-06-26T11:30:02.595+0000][gc,init] Compressed Oops: Enabled (32-bit)
[2025-06-26T11:30:02.595+0000][gc,init] Heap Region Size: 1M
[2025-06-26T11:30:02.595+0000][gc,init] Heap Min Capacity: 1G
[2025-06-26T11:30:02.595+0000][gc,init] Heap Initial Capacity: 1G
[2025-06-26T11:30:02.595+0000][gc,init] Heap Max Capacity: 1G
[2025-06-26T11:30:02.595+0000][gc,init] Pre-touch: Disabled
[2025-06-26T11:30:02.595+0000][gc,init] Parallel Workers: 2
[2025-06-26T11:30:02.595+0000][gc,init] Concurrent Workers: 1
[2025-06-26T11:30:02.595+0000][gc,init] Concurrent Refinement Workers: 2
[2025-06-26T11:30:02.595+0000][gc,init] Periodic GC: Disabled
[2025-06-26T11:30:02.604+0000][gc,metaspace] CDS archive(s) mapped at: [0x00007f73e3000000-0x00007f73e3bbe000-0x00007f73e3bbe000), size 12312576, SharedBaseAddress: 0x00007f73e3000000, ArchiveRelocationMode: 1.
[2025-06-26T11:30:02.604+0000][gc,metaspace] Compressed class space mapped at: 0x00007f73e4000000-0x00007f7424000000, reserved size: 1073741824
[2025-06-26T11:30:02.604+0000][gc,metaspace] Narrow klass base: 0x00007f73e3000000, Narrow klass shift: 0, Narrow klass range: 0x100000000
[2025-06-26T11:30:04.474+0000][gc,start    ] GC(0) Pause Young (Normal) (G1 Evacuation Pause)
[2025-06-26T11:30:04.474+0000][gc,task     ] GC(0) Using 2 workers of 2 for evacuation
[2025-06-26T11:30:04.495+0000][gc,mmu      ] GC(0) MMU target violated: 20.9ms (20.0ms/21.0ms)
[2025-06-26T11:30:04.495+0000][gc,phases   ] GC(0)   Pre Evacuate Collection Set: 0.3ms
[2025-06-26T11:30:04.495+0000][gc,phases   ] GC(0)   Merge Heap Roots: 0.1ms
[2025-06-26T11:30:04.495+0000][gc,phases   ] GC(0)   Evacuate Collection Set: 19.7ms
[2025-06-26T11:30:04.495+0000][gc,phases   ] GC(0)   Post Evacuate Collection Set: 0.8ms
[2025-06-26T11:30:04.495+0000][gc,phases   ] GC(0)   Other: 0.3ms
[2025-06-26T11:30:04.495+0000][gc,heap     ] GC(0) Eden regions: 51->0(44)
[2025-06-26T11:30:04.495+0000][gc,heap     ] GC(0) Survivor regions: 0->7(7)
[2025-06-26T11:30:04.495+0000][gc,heap     ] GC(0) Old regions: 0->2
[2025-06-26T11:30:04.495+0000][gc,heap     ] GC(0) Archive regions: 2->2
[2025-06-26T11:30:04.495+0000][gc,heap     ] GC(0) Humongous regions: 0->0
[2025-06-26T11:30:04.495+0000][gc,metaspace] GC(0) Metaspace: 17890K(18112K)->17890K(18112K) NonClass: 15727K(15808K)->15727K(15808K) Class: 2162K(2304K)->2162K(2304K)
[2025-06-26T11:30:04.495+0000][gc          ] GC(0) Pause Young (Normal) (G1 Evacuation Pause) 51M->8M(1024M) 21.244ms
[2025-06-26T11:30:04.495+0000][gc,cpu      ] GC(0) User=0.02s Sys=0.00s Real=0.02s
[2025-06-26T11:30:05.049+0000][gc,start    ] GC(1) Pause Young (Concurrent Start) (GCLocker Initiated GC)
[2025-06-26T11:30:05.049+0000][gc,task     ] GC(1) Using 2 workers of 2 for evacuation
[2025-06-26T11:30:05.072+0000][gc,mmu      ] GC(1) MMU target violated: 21.0ms (20.0ms/21.0ms)
[2025-06-26T11:30:05.072+0000][gc,phases   ] GC(1)   Pre Evacuate Collection Set: 0.2ms
[2025-06-26T11:30:05.072+0000][gc,phases   ] GC(1)   Merge Heap Roots: 0.1ms
[2025-06-26T11:30:05.072+0000][gc,phases   ] GC(1)   Evacuate Collection Set: 21.9ms
[2025-06-26T11:30:05.072+0000][gc,phases   ] GC(1)   Post Evacuate Collection Set: 0.8ms
[2025-06-26T11:30:05.072+0000][gc,phases   ] GC(1)   Other: 0.3ms
[2025-06-26T11:30:05.072+0000][gc,heap     ] GC(1) Eden regions: 15->0(49)
[2025-06-26T11:30:05.072+0000][gc,heap     ] GC(1) Survivor regions: 7->2(7)
[2025-06-26T11:30:05.072+0000][gc,heap     ] GC(1) Old regions: 2->9
[2025-06-26T11:30:05.072+0000][gc,heap     ] GC(1) Archive regions: 2->2
[2025-06-26T11:30:05.072+0000][gc,heap     ] GC(1) Humongous regions: 129->129
[2025-06-26T11:30:05.072+0000][gc,metaspace] GC(1) Metaspace: 21324K(21568K)->21324K(21568K) NonClass: 18746K(18880K)->18746K(18880K) Class: 2577K(2688K)->2577K(2688K)
[2025-06-26T11:30:05.072+0000][gc          ] GC(1) Pause Young (Concurrent Start) (GCLocker Initiated GC) 152M->139M(1024M) 23.416ms
[2025-06-26T11:30:05.072+0000][gc,cpu      ] GC(1) User=0.02s Sys=0.00s Real=0.03s
[2025-06-26T11:30:05.072+0000][gc          ] GC(2) Concurrent Mark Cycle
[2025-06-26T11:30:05.072+0000][gc,marking  ] GC(2) Concurrent Clear Claimed Marks
[2025-06-26T11:30:05.072+0000][gc,marking  ] GC(2) Concurrent Clear Claimed Marks 0.018ms
[2025-06-26T11:30:05.072+0000][gc,marking  ] GC(2) Concurrent Scan Root Regions
[2025-06-26T11:30:05.081+0000][gc,marking  ] GC(2) Concurrent Scan Root Regions 8.481ms
[2025-06-26T11:30:05.081+0000][gc,marking  ] GC(2) Concurrent Mark
[2025-06-26T11:30:05.081+0000][gc,marking  ] GC(2) Concurrent Mark From Roots
[2025-06-26T11:30:05.081+0000][gc,task     ] GC(2) Using 1 workers of 1 for marking
[2025-06-26T11:30:05.094+0000][gc,marking  ] GC(2) Concurrent Mark From Roots 12.870ms
[2025-06-26T11:30:05.094+0000][gc,marking  ] GC(2) Concurrent Preclean
[2025-06-26T11:30:05.094+0000][gc,marking  ] GC(2) Concurrent Preclean 0.043ms
[2025-06-26T11:30:05.095+0000][gc,start    ] GC(2) Pause Remark
[2025-06-26T11:30:05.099+0000][gc          ] GC(2) Pause Remark 140M->140M(1024M) 4.335ms
[2025-06-26T11:30:05.099+0000][gc,cpu      ] GC(2) User=0.00s Sys=0.00s Real=0.00s
[2025-06-26T11:30:05.099+0000][gc,marking  ] GC(2) Concurrent Mark 18.492ms
[2025-06-26T11:30:05.099+0000][gc,marking  ] GC(2) Concurrent Rebuild Remembered Sets
[2025-06-26T11:30:05.113+0000][gc,marking  ] GC(2) Concurrent Rebuild Remembered Sets 13.248ms
[2025-06-26T11:30:05.113+0000][gc,start    ] GC(2) Pause Cleanup
[2025-06-26T11:30:05.113+0000][gc          ] GC(2) Pause Cleanup 140M->140M(1024M) 0.219ms
[2025-06-26T11:30:05.113+0000][gc,cpu      ] GC(2) User=0.00s Sys=0.00s Real=0.00s
[2025-06-26T11:30:05.113+0000][gc,marking  ] GC(2) Concurrent Cleanup for Next Mark
[2025-06-26T11:30:05.151+0000][gc,marking  ] GC(2) Concurrent Cleanup for Next Mark 37.924ms
[2025-06-26T11:30:05.151+0000][gc          ] GC(2) Concurrent Mark Cycle 78.912ms
[2025-06-26T11:30:06.238+0000][gc,start    ] GC(3) Pause Young (Normal) (G1 Evacuation Pause)
[2025-06-26T11:30:06.238+0000][gc,task     ] GC(3) Using 2 workers of 2 for evacuation
[2025-06-26T11:30:06.271+0000][gc,mmu      ] GC(3) MMU target violated: 21.0ms (20.0ms/21.0ms)
[2025-06-26T11:30:06.271+0000][gc,phases   ] GC(3)   Pre Evacuate Collection Set: 0.2ms
[2025-06-26T11:30:06.271+0000][gc,phases   ] GC(3)   Merge Heap Roots: 0.1ms
[2025-06-26T11:30:06.271+0000][gc,phases   ] GC(3)   Evacuate Collection Set: 31.6ms
[2025-06-26T11:30:06.271+0000][gc,phases   ] GC(3)   Post Evacuate Collection Set: 0.9ms
[2025-06-26T11:30:06.271+0000][gc,phases   ] GC(3)   Other: 0.2ms
[2025-06-26T11:30:06.271+0000][gc,heap     ] GC(3) Eden regions: 49->0(44)
[2025-06-26T11:30:06.271+0000][gc,heap     ] GC(3) Survivor regions: 2->7(7)
[2025-06-26T11:30:06.271+0000][gc,heap     ] GC(3) Old regions: 9->9
[2025-06-26T11:30:06.271+0000][gc,heap     ] GC(3) Archive regions: 2->2
[2025-06-26T11:30:06.271+0000][gc,heap     ] GC(3) Humongous regions: 129->129
[2025-06-26T11:30:06.271+0000][gc,metaspace] GC(3) Metaspace: 32577K(32832K)->32577K(32832K) NonClass: 28954K(29120K)->28954K(29120K) Class: 3622K(3712K)->3622K(3712K)
[2025-06-26T11:30:06.271+0000][gc          ] GC(3) Pause Young (Normal) (G1 Evacuation Pause) 188M->144M(1024M) 33.103ms
[2025-06-26T11:30:06.271+0000][gc,cpu      ] GC(3) User=0.03s Sys=0.00s Real=0.04s
[2025-06-26T11:30:06.778+0000][gc,start    ] GC(4) Pause Young (Concurrent Start) (Metadata GC Threshold)
[2025-06-26T11:30:06.778+0000][gc,task     ] GC(4) Using 2 workers of 2 for evacuation
[2025-06-26T11:30:06.803+0000][gc,mmu      ] GC(4) MMU target violated: 21.0ms (20.0ms/21.0ms)
[2025-06-26T11:30:06.803+0000][gc,phases   ] GC(4)   Pre Evacuate Collection Set: 0.8ms
[2025-06-26T11:30:06.803+0000][gc,phases   ] GC(4)   Merge Heap Roots: 3.0ms
[2025-06-26T11:30:06.803+0000][gc,phases   ] GC(4)   Evacuate Collection Set: 19.6ms
[2025-06-26T11:30:06.803+0000][gc,phases   ] GC(4)   Post Evacuate Collection Set: 0.9ms
[2025-06-26T11:30:06.803+0000][gc,phases   ] GC(4)   Other: 0.3ms
[2025-06-26T11:30:06.803+0000][gc,heap     ] GC(4) Eden regions: 15->0(50)
[2025-06-26T11:30:06.803+0000][gc,heap     ] GC(4) Survivor regions: 7->1(7)
[2025-06-26T11:30:06.803+0000][gc,heap     ] GC(4) Old regions: 9->14
[2025-06-26T11:30:06.803+0000][gc,heap     ] GC(4) Archive regions: 2->2
[2025-06-26T11:30:06.803+0000][gc,heap     ] GC(4) Humongous regions: 129->129
[2025-06-26T11:30:06.803+0000][gc,metaspace] GC(4) Metaspace: 35901K(36160K)->35901K(36160K) NonClass: 31863K(32000K)->31863K(32000K) Class: 4038K(4160K)->4038K(4160K)
[2025-06-26T11:30:06.803+0000][gc          ] GC(4) Pause Young (Concurrent Start) (Metadata GC Threshold) 158M->144M(1024M) 24.611ms
[2025-06-26T11:30:06.803+0000][gc,cpu      ] GC(4) User=0.04s Sys=0.00s Real=0.03s
[2025-06-26T11:30:06.803+0000][gc          ] GC(5) Concurrent Mark Cycle
[2025-06-26T11:30:06.803+0000][gc,marking  ] GC(5) Concurrent Clear Claimed Marks
[2025-06-26T11:30:06.803+0000][gc,marking  ] GC(5) Concurrent Clear Claimed Marks 0.025ms
[2025-06-26T11:30:06.803+0000][gc,marking  ] GC(5) Concurrent Scan Root Regions
[2025-06-26T11:30:06.809+0000][gc,marking  ] GC(5) Concurrent Scan Root Regions 6.283ms
[2025-06-26T11:30:06.809+0000][gc,marking  ] GC(5) Concurrent Mark
[2025-06-26T11:30:06.809+0000][gc,marking  ] GC(5) Concurrent Mark From Roots
[2025-06-26T11:30:06.809+0000][gc,task     ] GC(5) Using 1 workers of 1 for marking
[2025-06-26T11:30:06.838+0000][gc,marking  ] GC(5) Concurrent Mark From Roots 28.805ms
[2025-06-26T11:30:06.838+0000][gc,marking  ] GC(5) Concurrent Preclean
[2025-06-26T11:30:06.838+0000][gc,marking  ] GC(5) Concurrent Preclean 0.126ms
[2025-06-26T11:30:06.838+0000][gc,start    ] GC(5) Pause Remark
[2025-06-26T11:30:06.846+0000][gc          ] GC(5) Pause Remark 146M->146M(1024M) 7.355ms
[2025-06-26T11:30:06.846+0000][gc,cpu      ] GC(5) User=0.01s Sys=0.00s Real=0.01s
[2025-06-26T11:30:06.846+0000][gc,marking  ] GC(5) Concurrent Mark 36.511ms
[2025-06-26T11:30:06.846+0000][gc,marking  ] GC(5) Concurrent Rebuild Remembered Sets
[2025-06-26T11:30:06.879+0000][gc,marking  ] GC(5) Concurrent Rebuild Remembered Sets 32.939ms
[2025-06-26T11:30:06.879+0000][gc,start    ] GC(5) Pause Cleanup
[2025-06-26T11:30:06.879+0000][gc          ] GC(5) Pause Cleanup 147M->147M(1024M) 0.240ms
[2025-06-26T11:30:06.879+0000][gc,cpu      ] GC(5) User=0.00s Sys=0.00s Real=0.00s
[2025-06-26T11:30:06.879+0000][gc,marking  ] GC(5) Concurrent Cleanup for Next Mark
[2025-06-26T11:30:06.897+0000][gc,marking  ] GC(5) Concurrent Cleanup for Next Mark 17.411ms
[2025-06-26T11:30:06.897+0000][gc          ] GC(5) Concurrent Mark Cycle 93.988ms
[2025-06-26T11:30:25.468+0000][gc,start    ] GC(6) Pause Young (Prepare Mixed) (G1 Evacuation Pause)
[2025-06-26T11:30:25.468+0000][gc,task     ] GC(6) Using 2 workers of 2 for evacuation
[2025-06-26T11:30:25.501+0000][gc,mmu      ] GC(6) MMU target violated: 21.0ms (20.0ms/21.0ms)
[2025-06-26T11:30:25.501+0000][gc,phases   ] GC(6)   Pre Evacuate Collection Set: 0.2ms
[2025-06-26T11:30:25.501+0000][gc,phases   ] GC(6)   Merge Heap Roots: 0.1ms
[2025-06-26T11:30:25.501+0000][gc,phases   ] GC(6)   Evacuate Collection Set: 31.8ms
[2025-06-26T11:30:25.501+0000][gc,phases   ] GC(6)   Post Evacuate Collection Set: 1.2ms
[2025-06-26T11:30:25.501+0000][gc,phases   ] GC(6)   Other: 0.2ms
[2025-06-26T11:30:25.501+0000][gc,heap     ] GC(6) Eden regions: 50->0(47)
[2025-06-26T11:30:25.501+0000][gc,heap     ] GC(6) Survivor regions: 1->4(7)
[2025-06-26T11:30:25.501+0000][gc,heap     ] GC(6) Old regions: 14->14
[2025-06-26T11:30:25.501+0000][gc,heap     ] GC(6) Archive regions: 2->2
[2025-06-26T11:30:25.501+0000][gc,heap     ] GC(6) Humongous regions: 129->129
[2025-06-26T11:30:25.501+0000][gc,metaspace] GC(6) Metaspace: 41184K(41664K)->41184K(41664K) NonClass: 36365K(36672K)->36365K(36672K) Class: 4819K(4992K)->4819K(4992K)
[2025-06-26T11:30:25.501+0000][gc          ] GC(6) Pause Young (Prepare Mixed) (G1 Evacuation Pause) 194M->147M(1024M) 33.605ms
[2025-06-26T11:30:25.501+0000][gc,cpu      ] GC(6) User=0.03s Sys=0.00s Real=0.04s
[2025-06-26T11:30:50.524+0000][gc,start    ] GC(7) Pause Young (Mixed) (G1 Evacuation Pause)
[2025-06-26T11:30:50.524+0000][gc,task     ] GC(7) Using 2 workers of 2 for evacuation
[2025-06-26T11:30:50.577+0000][gc,mmu      ] GC(7) MMU target violated: 21.0ms (20.0ms/21.0ms)
[2025-06-26T11:30:50.577+0000][gc,phases   ] GC(7)   Pre Evacuate Collection Set: 0.9ms
[2025-06-26T11:30:50.577+0000][gc,phases   ] GC(7)   Merge Heap Roots: 0.1ms
[2025-06-26T11:30:50.577+0000][gc,phases   ] GC(7)   Evacuate Collection Set: 50.2ms
[2025-06-26T11:30:50.577+0000][gc,phases   ] GC(7)   Post Evacuate Collection Set: 1.2ms
[2025-06-26T11:30:50.577+0000][gc,phases   ] GC(7)   Other: 0.2ms
[2025-06-26T11:30:50.577+0000][gc,heap     ] GC(7) Eden regions: 47->0(47)
[2025-06-26T11:30:50.577+0000][gc,heap     ] GC(7) Survivor regions: 4->4(7)
[2025-06-26T11:30:50.577+0000][gc,heap     ] GC(7) Old regions: 14->15
[2025-06-26T11:30:50.577+0000][gc,heap     ] GC(7) Archive regions: 2->2
[2025-06-26T11:30:50.577+0000][gc,heap     ] GC(7) Humongous regions: 129->129
[2025-06-26T11:30:50.577+0000][gc,metaspace] GC(7) Metaspace: 42917K(43456K)->42917K(43456K) NonClass: 37865K(38208K)->37865K(38208K) Class: 5051K(5248K)->5051K(5248K)
[2025-06-26T11:30:50.577+0000][gc          ] GC(7) Pause Young (Mixed) (G1 Evacuation Pause) 194M->148M(1024M) 52.703ms
[2025-06-26T11:30:50.577+0000][gc,cpu      ] GC(7) User=0.02s Sys=0.00s Real=0.05s
[2025-06-26T11:31:19.303+0000][gc,start    ] GC(8) Pause Young (Normal) (G1 Evacuation Pause)
[2025-06-26T11:31:19.303+0000][gc,task     ] GC(8) Using 2 workers of 2 for evacuation
[2025-06-26T11:31:19.326+0000][gc,mmu      ] GC(8) MMU target violated: 21.0ms (20.0ms/21.0ms)
[2025-06-26T11:31:19.326+0000][gc,phases   ] GC(8)   Pre Evacuate Collection Set: 0.2ms
[2025-06-26T11:31:19.326+0000][gc,phases   ] GC(8)   Merge Heap Roots: 0.1ms
[2025-06-26T11:31:19.326+0000][gc,phases   ] GC(8)   Evacuate Collection Set: 21.4ms
[2025-06-26T11:31:19.326+0000][gc,phases   ] GC(8)   Post Evacuate Collection Set: 1.0ms
[2025-06-26T11:31:19.326+0000][gc,phases   ] GC(8)   Other: 0.2ms
[2025-06-26T11:31:19.326+0000][gc,heap     ] GC(8) Eden regions: 47->0(49)
[2025-06-26T11:31:19.326+0000][gc,heap     ] GC(8) Survivor regions: 4->2(7)
[2025-06-26T11:31:19.326+0000][gc,heap     ] GC(8) Old regions: 15->18
[2025-06-26T11:31:19.326+0000][gc,heap     ] GC(8) Archive regions: 2->2
[2025-06-26T11:31:19.326+0000][gc,heap     ] GC(8) Humongous regions: 129->129
[2025-06-26T11:31:19.326+0000][gc,metaspace] GC(8) Metaspace: 42934K(43456K)->42934K(43456K) NonClass: 37882K(38208K)->37882K(38208K) Class: 5052K(5248K)->5052K(5248K)
[2025-06-26T11:31:19.326+0000][gc          ] GC(8) Pause Young (Normal) (G1 Evacuation Pause) 195M->148M(1024M) 23.065ms
[2025-06-26T11:31:19.326+0000][gc,cpu      ] GC(8) User=0.02s Sys=0.00s Real=0.02s
[2025-06-26T11:31:49.700+0000][gc,start    ] GC(9) Pause Young (Normal) (G1 Evacuation Pause)
[2025-06-26T11:31:49.700+0000][gc,task     ] GC(9) Using 2 workers of 2 for evacuation
[2025-06-26T11:31:49.710+0000][gc,phases   ] GC(9)   Pre Evacuate Collection Set: 0.2ms
[2025-06-26T11:31:49.710+0000][gc,phases   ] GC(9)   Merge Heap Roots: 0.1ms
[2025-06-26T11:31:49.711+0000][gc,phases   ] GC(9)   Evacuate Collection Set: 9.4ms
[2025-06-26T11:31:49.711+0000][gc,phases   ] GC(9)   Post Evacuate Collection Set: 0.7ms
[2025-06-26T11:31:49.711+0000][gc,phases   ] GC(9)   Other: 0.2ms
[2025-06-26T11:31:49.711+0000][gc,heap     ] GC(9) Eden regions: 49->0(49)
[2025-06-26T11:31:49.711+0000][gc,heap     ] GC(9) Survivor regions: 2->2(7)
[2025-06-26T11:31:49.711+0000][gc,heap     ] GC(9) Old regions: 18->18
[2025-06-26T11:31:49.711+0000][gc,heap     ] GC(9) Archive regions: 2->2
[2025-06-26T11:31:49.711+0000][gc,heap     ] GC(9) Humongous regions: 129->129
[2025-06-26T11:31:49.711+0000][gc,metaspace] GC(9) Metaspace: 42956K(43456K)->42956K(43456K) NonClass: 37904K(38208K)->37904K(38208K) Class: 5052K(5248K)->5052K(5248K)
[2025-06-26T11:31:49.711+0000][gc          ] GC(9) Pause Young (Normal) (G1 Evacuation Pause) 197M->148M(1024M) 10.701ms
[2025-06-26T11:31:49.711+0000][gc,cpu      ] GC(9) User=0.01s Sys=0.00s Real=0.01s
[2025-06-26T11:32:22.284+0000][gc,start    ] GC(10) Pause Young (Normal) (G1 Evacuation Pause)
[2025-06-26T11:32:22.284+0000][gc,task     ] GC(10) Using 2 workers of 2 for evacuation
[2025-06-26T11:32:22.306+0000][gc,mmu      ] GC(10) MMU target violated: 21.0ms (20.0ms/21.0ms)
[2025-06-26T11:32:22.306+0000][gc,phases   ] GC(10)   Pre Evacuate Collection Set: 1.3ms
[2025-06-26T11:32:22.306+0000][gc,phases   ] GC(10)   Merge Heap Roots: 0.1ms
[2025-06-26T11:32:22.306+0000][gc,phases   ] GC(10)   Evacuate Collection Set: 19.8ms
[2025-06-26T11:32:22.306+0000][gc,phases   ] GC(10)   Post Evacuate Collection Set: 0.8ms
[2025-06-26T11:32:22.306+0000][gc,phases   ] GC(10)   Other: 0.2ms
[2025-06-26T11:32:22.306+0000][gc,heap     ] GC(10) Eden regions: 49->0(48)
[2025-06-26T11:32:22.306+0000][gc,heap     ] GC(10) Survivor regions: 2->3(7)
[2025-06-26T11:32:22.306+0000][gc,heap     ] GC(10) Old regions: 18->18
[2025-06-26T11:32:22.306+0000][gc,heap     ] GC(10) Archive regions: 2->2
[2025-06-26T11:32:22.306+0000][gc,heap     ] GC(10) Humongous regions: 129->129
[2025-06-26T11:32:22.306+0000][gc,metaspace] GC(10) Metaspace: 42992K(43520K)->42992K(43520K) NonClass: 37940K(38272K)->37940K(38272K) Class: 5052K(5248K)->5052K(5248K)
[2025-06-26T11:32:22.306+0000][gc          ] GC(10) Pause Young (Normal) (G1 Evacuation Pause) 197M->149M(1024M) 22.349ms
[2025-06-26T11:32:22.306+0000][gc,cpu      ] GC(10) User=0.01s Sys=0.00s Real=0.02s
[2025-06-26T11:32:54.349+0000][gc,start    ] GC(11) Pause Young (Normal) (G1 Evacuation Pause)
[2025-06-26T11:32:54.349+0000][gc,task     ] GC(11) Using 2 workers of 2 for evacuation
[2025-06-26T11:32:54.384+0000][gc,mmu      ] GC(11) MMU target violated: 21.0ms (20.0ms/21.0ms)
[2025-06-26T11:32:54.384+0000][gc,phases   ] GC(11)   Pre Evacuate Collection Set: 1.0ms
[2025-06-26T11:32:54.384+0000][gc,phases   ] GC(11)   Merge Heap Roots: 0.1ms
[2025-06-26T11:32:54.384+0000][gc,phases   ] GC(11)   Evacuate Collection Set: 33.0ms
[2025-06-26T11:32:54.384+0000][gc,phases   ] GC(11)   Post Evacuate Collection Set: 0.7ms
[2025-06-26T11:32:54.384+0000][gc,phases   ] GC(11)   Other: 0.2ms
[2025-06-26T11:32:54.384+0000][gc,heap     ] GC(11) Eden regions: 48->0(48)
[2025-06-26T11:32:54.384+0000][gc,heap     ] GC(11) Survivor regions: 3->3(7)
[2025-06-26T11:32:54.384+0000][gc,heap     ] GC(11) Old regions: 18->18
[2025-06-26T11:32:54.384+0000][gc,heap     ] GC(11) Archive regions: 2->2
[2025-06-26T11:32:54.384+0000][gc,heap     ] GC(11) Humongous regions: 129->129
[2025-06-26T11:32:54.384+0000][gc,metaspace] GC(11) Metaspace: 43012K(43520K)->43012K(43520K) NonClass: 37960K(38272K)->37960K(38272K) Class: 5052K(5248K)->5052K(5248K)
[2025-06-26T11:32:54.384+0000][gc          ] GC(11) Pause Young (Normal) (G1 Evacuation Pause) 197M->149M(1024M) 35.121ms
[2025-06-26T11:32:54.384+0000][gc,cpu      ] GC(11) User=0.02s Sys=0.00s Real=0.04s
[2025-06-26T11:33:27.174+0000][gc,start    ] GC(12) Pause Young (Normal) (G1 Evacuation Pause)
[2025-06-26T11:33:27.174+0000][gc,task     ] GC(12) Using 2 workers of 2 for evacuation
[2025-06-26T11:33:27.199+0000][gc,mmu      ] GC(12) MMU target violated: 21.0ms (20.0ms/21.0ms)
[2025-06-26T11:33:27.199+0000][gc,phases   ] GC(12)   Pre Evacuate Collection Set: 0.9ms
[2025-06-26T11:33:27.199+0000][gc,phases   ] GC(12)   Merge Heap Roots: 0.1ms
[2025-06-26T11:33:27.199+0000][gc,phases   ] GC(12)   Evacuate Collection Set: 23.0ms
[2025-06-26T11:33:27.199+0000][gc,phases   ] GC(12)   Post Evacuate Collection Set: 0.7ms
[2025-06-26T11:33:27.199+0000][gc,phases   ] GC(12)   Other: 0.2ms
[2025-06-26T11:33:27.199+0000][gc,heap     ] GC(12) Eden regions: 48->0(47)
[2025-06-26T11:33:27.199+0000][gc,heap     ] GC(12) Survivor regions: 3->4(7)
[2025-06-26T11:33:27.199+0000][gc,heap     ] GC(12) Old regions: 18->18
[2025-06-26T11:33:27.199+0000][gc,heap     ] GC(12) Archive regions: 2->2
[2025-06-26T11:33:27.199+0000][gc,heap     ] GC(12) Humongous regions: 129->129
[2025-06-26T11:33:27.199+0000][gc,metaspace] GC(12) Metaspace: 43079K(43584K)->43079K(43584K) NonClass: 38027K(38336K)->38027K(38336K) Class: 5052K(5248K)->5052K(5248K)
[2025-06-26T11:33:27.199+0000][gc          ] GC(12) Pause Young (Normal) (G1 Evacuation Pause) 197M->150M(1024M) 25.138ms
[2025-06-26T11:33:27.200+0000][gc,cpu      ] GC(12) User=0.01s Sys=0.00s Real=0.02s
[2025-06-26T11:33:58.984+0000][gc,start    ] GC(13) Pause Young (Normal) (G1 Evacuation Pause)
[2025-06-26T11:33:58.984+0000][gc,task     ] GC(13) Using 2 workers of 2 for evacuation
[2025-06-26T11:33:59.018+0000][gc,mmu      ] GC(13) MMU target violated: 21.0ms (20.0ms/21.0ms)
[2025-06-26T11:33:59.018+0000][gc,phases   ] GC(13)   Pre Evacuate Collection Set: 0.8ms
[2025-06-26T11:33:59.018+0000][gc,phases   ] GC(13)   Merge Heap Roots: 0.1ms
[2025-06-26T11:33:59.018+0000][gc,phases   ] GC(13)   Evacuate Collection Set: 31.4ms
[2025-06-26T11:33:59.018+0000][gc,phases   ] GC(13)   Post Evacuate Collection Set: 0.7ms
[2025-06-26T11:33:59.018+0000][gc,phases   ] GC(13)   Other: 0.2ms
[2025-06-26T11:33:59.018+0000][gc,heap     ] GC(13) Eden regions: 47->0(47)
[2025-06-26T11:33:59.018+0000][gc,heap     ] GC(13) Survivor regions: 4->4(7)
[2025-06-26T11:33:59.018+0000][gc,heap     ] GC(13) Old regions: 18->18
[2025-06-26T11:33:59.018+0000][gc,heap     ] GC(13) Archive regions: 2->2
[2025-06-26T11:33:59.018+0000][gc,heap     ] GC(13) Humongous regions: 129->129
[2025-06-26T11:33:59.018+0000][gc,metaspace] GC(13) Metaspace: 43088K(43584K)->43088K(43584K) NonClass: 38035K(38336K)->38035K(38336K) Class: 5052K(5248K)->5052K(5248K)
[2025-06-26T11:33:59.018+0000][gc          ] GC(13) Pause Young (Normal) (G1 Evacuation Pause) 197M->150M(1024M) 33.429ms
[2025-06-26T11:33:59.018+0000][gc,cpu      ] GC(13) User=0.02s Sys=0.00s Real=0.03s
[2025-06-26T11:34:31.478+0000][gc,start    ] GC(14) Pause Young (Normal) (G1 Evacuation Pause)
[2025-06-26T11:34:31.478+0000][gc,task     ] GC(14) Using 2 workers of 2 for evacuation
[2025-06-26T11:34:31.511+0000][gc,mmu      ] GC(14) MMU target violated: 21.0ms (20.0ms/21.0ms)
[2025-06-26T11:34:31.511+0000][gc,phases   ] GC(14)   Pre Evacuate Collection Set: 1.0ms
[2025-06-26T11:34:31.511+0000][gc,phases   ] GC(14)   Merge Heap Roots: 0.1ms
[2025-06-26T11:34:31.511+0000][gc,phases   ] GC(14)   Evacuate Collection Set: 30.6ms
[2025-06-26T11:34:31.511+0000][gc,phases   ] GC(14)   Post Evacuate Collection Set: 0.7ms
[2025-06-26T11:34:31.511+0000][gc,phases   ] GC(14)   Other: 0.2ms
[2025-06-26T11:34:31.511+0000][gc,heap     ] GC(14) Eden regions: 47->0(46)
[2025-06-26T11:34:31.511+0000][gc,heap     ] GC(14) Survivor regions: 4->5(7)
[2025-06-26T11:34:31.511+0000][gc,heap     ] GC(14) Old regions: 18->18
[2025-06-26T11:34:31.511+0000][gc,heap     ] GC(14) Archive regions: 2->2
[2025-06-26T11:34:31.511+0000][gc,heap     ] GC(14) Humongous regions: 129->129
[2025-06-26T11:34:31.511+0000][gc,metaspace] GC(14) Metaspace: 43117K(43584K)->43117K(43584K) NonClass: 38065K(38336K)->38065K(38336K) Class: 5052K(5248K)->5052K(5248K)
[2025-06-26T11:34:31.511+0000][gc          ] GC(14) Pause Young (Normal) (G1 Evacuation Pause) 197M->151M(1024M) 32.869ms
[2025-06-26T11:34:31.511+0000][gc,cpu      ] GC(14) User=0.02s Sys=0.00s Real=0.04s
[2025-06-26T11:35:02.018+0000][gc,start    ] GC(15) Pause Young (Normal) (G1 Evacuation Pause)
[2025-06-26T11:35:02.018+0000][gc,task     ] GC(15) Using 2 workers of 2 for evacuation
[2025-06-26T11:35:02.054+0000][gc,mmu      ] GC(15) MMU target violated: 21.0ms (20.0ms/21.0ms)
[2025-06-26T11:35:02.054+0000][gc,phases   ] GC(15)   Pre Evacuate Collection Set: 2.1ms
[2025-06-26T11:35:02.054+0000][gc,phases   ] GC(15)   Merge Heap Roots: 0.3ms
[2025-06-26T11:35:02.054+0000][gc,phases   ] GC(15)   Evacuate Collection Set: 33.2ms
[2025-06-26T11:35:02.054+0000][gc,phases   ] GC(15)   Post Evacuate Collection Set: 0.8ms
[2025-06-26T11:35:02.054+0000][gc,phases   ] GC(15)   Other: 0.2ms
[2025-06-26T11:35:02.054+0000][gc,heap     ] GC(15) Eden regions: 46->0(47)
[2025-06-26T11:35:02.054+0000][gc,heap     ] GC(15) Survivor regions: 5->4(7)
[2025-06-26T11:35:02.054+0000][gc,heap     ] GC(15) Old regions: 18->18
[2025-06-26T11:35:02.054+0000][gc,heap     ] GC(15) Archive regions: 2->2
[2025-06-26T11:35:02.054+0000][gc,heap     ] GC(15) Humongous regions: 129->129
[2025-06-26T11:35:02.054+0000][gc,metaspace] GC(15) Metaspace: 43129K(43648K)->43129K(43648K) NonClass: 38076K(38400K)->38076K(38400K) Class: 5052K(5248K)->5052K(5248K)
[2025-06-26T11:35:02.054+0000][gc          ] GC(15) Pause Young (Normal) (G1 Evacuation Pause) 197M->151M(1024M) 36.682ms
[2025-06-26T11:35:02.054+0000][gc,cpu      ] GC(15) User=0.02s Sys=0.00s Real=0.04s
[2025-06-26T11:35:22.846+0000][gc,start    ] GC(16) Pause Young (Normal) (G1 Evacuation Pause)
[2025-06-26T11:35:22.846+0000][gc,task     ] GC(16) Using 2 workers of 2 for evacuation
[2025-06-26T11:35:22.863+0000][gc,phases   ] GC(16)   Pre Evacuate Collection Set: 0.8ms
[2025-06-26T11:35:22.863+0000][gc,phases   ] GC(16)   Merge Heap Roots: 0.1ms
[2025-06-26T11:35:22.863+0000][gc,phases   ] GC(16)   Evacuate Collection Set: 9.9ms
[2025-06-26T11:35:22.863+0000][gc,phases   ] GC(16)   Post Evacuate Collection Set: 6.1ms
[2025-06-26T11:35:22.863+0000][gc,phases   ] GC(16)   Other: 0.2ms
[2025-06-26T11:35:22.863+0000][gc,heap     ] GC(16) Eden regions: 47->0(47)
[2025-06-26T11:35:22.863+0000][gc,heap     ] GC(16) Survivor regions: 4->4(7)
[2025-06-26T11:35:22.863+0000][gc,heap     ] GC(16) Old regions: 18->19
[2025-06-26T11:35:22.863+0000][gc,heap     ] GC(16) Archive regions: 2->2
[2025-06-26T11:35:22.863+0000][gc,heap     ] GC(16) Humongous regions: 129->129
[2025-06-26T11:35:22.863+0000][gc,metaspace] GC(16) Metaspace: 43228K(43776K)->43228K(43776K) NonClass: 38153K(38464K)->38153K(38464K) Class: 5075K(5312K)->5075K(5312K)
[2025-06-26T11:35:22.863+0000][gc          ] GC(16) Pause Young (Normal) (G1 Evacuation Pause) 198M->151M(1024M) 17.274ms
[2025-06-26T11:35:22.863+0000][gc,cpu      ] GC(16) User=0.02s Sys=0.00s Real=0.02s
[2025-06-26T11:35:43.531+0000][gc,start    ] GC(17) Pause Young (Normal) (G1 Evacuation Pause)
[2025-06-26T11:35:43.531+0000][gc,task     ] GC(17) Using 2 workers of 2 for evacuation
[2025-06-26T11:35:43.561+0000][gc,mmu      ] GC(17) MMU target violated: 21.0ms (20.0ms/21.0ms)
[2025-06-26T11:35:43.561+0000][gc,phases   ] GC(17)   Pre Evacuate Collection Set: 0.8ms
[2025-06-26T11:35:43.561+0000][gc,phases   ] GC(17)   Merge Heap Roots: 0.1ms
[2025-06-26T11:35:43.561+0000][gc,phases   ] GC(17)   Evacuate Collection Set: 28.3ms
[2025-06-26T11:35:43.561+0000][gc,phases   ] GC(17)   Post Evacuate Collection Set: 0.7ms
[2025-06-26T11:35:43.561+0000][gc,phases   ] GC(17)   Other: 0.2ms
[2025-06-26T11:35:43.561+0000][gc,heap     ] GC(17) Eden regions: 47->0(47)
[2025-06-26T11:35:43.561+0000][gc,heap     ] GC(17) Survivor regions: 4->4(7)
[2025-06-26T11:35:43.561+0000][gc,heap     ] GC(17) Old regions: 19->19
[2025-06-26T11:35:43.561+0000][gc,heap     ] GC(17) Archive regions: 2->2
[2025-06-26T11:35:43.561+0000][gc,heap     ] GC(17) Humongous regions: 129->129
[2025-06-26T11:35:43.561+0000][gc,metaspace] GC(17) Metaspace: 43233K(43776K)->43233K(43776K) NonClass: 38158K(38464K)->38158K(38464K) Class: 5075K(5312K)->5075K(5312K)
[2025-06-26T11:35:43.561+0000][gc          ] GC(17) Pause Young (Normal) (G1 Evacuation Pause) 198M->152M(1024M) 30.240ms
[2025-06-26T11:35:43.561+0000][gc,cpu      ] GC(17) User=0.01s Sys=0.00s Real=0.03s
[2025-06-26T11:36:05.564+0000][gc,start    ] GC(18) Pause Young (Normal) (G1 Evacuation Pause)
[2025-06-26T11:36:05.564+0000][gc,task     ] GC(18) Using 2 workers of 2 for evacuation
[2025-06-26T11:36:05.594+0000][gc,mmu      ] GC(18) MMU target violated: 21.0ms (20.0ms/21.0ms)
[2025-06-26T11:36:05.594+0000][gc,phases   ] GC(18)   Pre Evacuate Collection Set: 3.1ms
[2025-06-26T11:36:05.594+0000][gc,phases   ] GC(18)   Merge Heap Roots: 0.1ms
[2025-06-26T11:36:05.594+0000][gc,phases   ] GC(18)   Evacuate Collection Set: 26.6ms
[2025-06-26T11:36:05.594+0000][gc,phases   ] GC(18)   Post Evacuate Collection Set: 0.7ms
[2025-06-26T11:36:05.594+0000][gc,phases   ] GC(18)   Other: 0.2ms
[2025-06-26T11:36:05.594+0000][gc,heap     ] GC(18) Eden regions: 47->0(47)
[2025-06-26T11:36:05.594+0000][gc,heap     ] GC(18) Survivor regions: 4->4(7)
[2025-06-26T11:36:05.594+0000][gc,heap     ] GC(18) Old regions: 19->19
[2025-06-26T11:36:05.594+0000][gc,heap     ] GC(18) Archive regions: 2->2
[2025-06-26T11:36:05.594+0000][gc,heap     ] GC(18) Humongous regions: 129->129
[2025-06-26T11:36:05.594+0000][gc,metaspace] GC(18) Metaspace: 43233K(43776K)->43233K(43776K) NonClass: 38158K(38464K)->38158K(38464K) Class: 5075K(5312K)->5075K(5312K)
[2025-06-26T11:36:05.594+0000][gc          ] GC(18) Pause Young (Normal) (G1 Evacuation Pause) 199M->152M(1024M) 30.884ms
[2025-06-26T11:36:05.594+0000][gc,cpu      ] GC(18) User=0.02s Sys=0.00s Real=0.03s
[2025-06-26T12:01:05.296+0000][gc,start    ] GC(19) Pause Young (Normal) (G1 Evacuation Pause)
[2025-06-26T12:01:05.296+0000][gc,task     ] GC(19) Using 2 workers of 2 for evacuation
[2025-06-26T12:01:05.308+0000][gc,phases   ] GC(19)   Pre Evacuate Collection Set: 0.3ms
[2025-06-26T12:01:05.308+0000][gc,phases   ] GC(19)   Merge Heap Roots: 0.2ms
[2025-06-26T12:01:05.308+0000][gc,phases   ] GC(19)   Evacuate Collection Set: 10.7ms
[2025-06-26T12:01:05.308+0000][gc,phases   ] GC(19)   Post Evacuate Collection Set: 0.5ms
[2025-06-26T12:01:05.308+0000][gc,phases   ] GC(19)   Other: 0.1ms
[2025-06-26T12:01:05.308+0000][gc,heap     ] GC(19) Eden regions: 47->0(47)
[2025-06-26T12:01:05.308+0000][gc,heap     ] GC(19) Survivor regions: 4->4(7)
[2025-06-26T12:01:05.308+0000][gc,heap     ] GC(19) Old regions: 19->20
[2025-06-26T12:01:05.308+0000][gc,heap     ] GC(19) Archive regions: 2->2
[2025-06-26T12:01:05.308+0000][gc,heap     ] GC(19) Humongous regions: 129->129
[2025-06-26T12:01:05.308+0000][gc,metaspace] GC(19) Metaspace: 43461K(44032K)->43461K(44032K) NonClass: 38369K(38720K)->38369K(38720K) Class: 5092K(5312K)->5092K(5312K)
[2025-06-26T12:01:05.308+0000][gc          ] GC(19) Pause Young (Normal) (G1 Evacuation Pause) 199M->153M(1024M) 12.018ms
[2025-06-26T12:01:05.308+0000][gc,cpu      ] GC(19) User=0.01s Sys=0.00s Real=0.01s
[2025-06-26T12:16:48.598+0000][gc,heap,exit] Heap
[2025-06-26T12:16:48.598+0000][gc,heap,exit]  garbage-first heap   total 1048576K, used 190102K [0x00000000c0000000, 0x0000000100000000)
[2025-06-26T12:16:48.598+0000][gc,heap,exit]   region size 1024K, 37 young (37888K), 4 survivors (4096K)
[2025-06-26T12:16:48.598+0000][gc,heap,exit]  Metaspace       used 44406K, committed 45056K, reserved 1114112K
[2025-06-26T12:16:48.598+0000][gc,heap,exit]   class space    used 5267K, committed 5568K, reserved 1048576K
